[0.873s] Invoking command in '/home/sohan/slam_mrt/build/ekf_assgn': DEBUGINFOD_URLS=https://debuginfod.ubuntu.com PYTHONPATH=/home/sohan/slam_mrt/build/ekf_assgn/prefix_override:/usr/lib/python3/dist-packages/colcon_core/task/python/colcon_distutils_commands:/home/sohan/slam_mrt/install/ekf_assgn/lib/python3.12/site-packages:${PYTHONPATH} /usr/bin/python3 -W ignore:setup.py install is deprecated -W ignore:easy_install command is deprecated setup.py develop --editable --build-directory /home/sohan/slam_mrt/build/ekf_assgn/build --no-deps symlink_data --force
[1.033s] running develop
[1.113s] running egg_info
[1.122s] writing ekf_assgn.egg-info/PKG-INFO
[1.122s] writing dependency_links to ekf_assgn.egg-info/dependency_links.txt
[1.122s] writing entry points to ekf_assgn.egg-info/entry_points.txt
[1.122s] writing requirements to ekf_assgn.egg-info/requires.txt
[1.123s] writing top-level names to ekf_assgn.egg-info/top_level.txt
[1.138s] reading manifest file 'ekf_assgn.egg-info/SOURCES.txt'
[1.139s] writing manifest file 'ekf_assgn.egg-info/SOURCES.txt'
[1.147s] running build_ext
[1.147s] Creating /home/sohan/slam_mrt/install/ekf_assgn/lib/python3.12/site-packages/ekf-assgn.egg-link (link to .)
[1.148s] Installing covariance_relay script to /home/sohan/slam_mrt/install/ekf_assgn/lib/ekf_assgn
[1.148s] Installing dummy_imu_publisher script to /home/sohan/slam_mrt/install/ekf_assgn/lib/ekf_assgn
[1.148s] Installing dummy_odom_publisher script to /home/sohan/slam_mrt/install/ekf_assgn/lib/ekf_assgn
[1.148s] 
[1.148s] Installed /home/sohan/slam_mrt/build/ekf_assgn
[1.148s] running symlink_data
[1.148s] symbolically linking /home/sohan/slam_mrt/build/ekf_assgn/resource/ekf_assgn -> /home/sohan/slam_mrt/install/ekf_assgn/share/ament_index/resource_index/packages
[1.148s] symbolically linking /home/sohan/slam_mrt/build/ekf_assgn/package.xml -> /home/sohan/slam_mrt/install/ekf_assgn/share/ekf_assgn
[1.148s] symbolically linking /home/sohan/slam_mrt/build/ekf_assgn/launch/ekf_rover.launch.py -> /home/sohan/slam_mrt/install/ekf_assgn/share/ekf_assgn/launch
[1.148s] symbolically linking /home/sohan/slam_mrt/build/ekf_assgn/launch/ekf_dummy.launch.py -> /home/sohan/slam_mrt/install/ekf_assgn/share/ekf_assgn/launch
[1.148s] symbolically linking /home/sohan/slam_mrt/build/ekf_assgn/config/ekf_rover.yaml -> /home/sohan/slam_mrt/install/ekf_assgn/share/ekf_assgn/config
[1.149s] symbolically linking /home/sohan/slam_mrt/build/ekf_assgn/config/ekf_dummy.yaml -> /home/sohan/slam_mrt/install/ekf_assgn/share/ekf_assgn/config
[1.181s] Invoked command in '/home/sohan/slam_mrt/build/ekf_assgn' returned '0': DEBUGINFOD_URLS=https://debuginfod.ubuntu.com PYTHONPATH=/home/sohan/slam_mrt/build/ekf_assgn/prefix_override:/usr/lib/python3/dist-packages/colcon_core/task/python/colcon_distutils_commands:/home/sohan/slam_mrt/install/ekf_assgn/lib/python3.12/site-packages:${PYTHONPATH} /usr/bin/python3 -W ignore:setup.py install is deprecated -W ignore:easy_install command is deprecated setup.py develop --editable --build-directory /home/sohan/slam_mrt/build/ekf_assgn/build --no-deps symlink_data --force
