[0.005s] Invoking command in '/home/sohan/slam_mrt/build/husarion_ugv_controller': CMAKE_PREFIX_PATH=/home/sohan/slam_mrt/install/husarion_ugv_description:/home/sohan/slam_mrt/install/husarion_components_description:/home/sohan/slam_mrt/install/husarion_ugv_controller:/opt/ros/jazzy/opt/gz_sim_vendor:/opt/ros/jazzy/opt/gz_sensors_vendor:/opt/ros/jazzy/opt/gz_physics_vendor:/opt/ros/jazzy/opt/sdformat_vendor:/opt/ros/jazzy/opt/gz_gui_vendor:/opt/ros/jazzy/opt/gz_transport_vendor:/opt/ros/jazzy/opt/gz_rendering_vendor:/opt/ros/jazzy/opt/gz_plugin_vendor:/opt/ros/jazzy/opt/gz_fuel_tools_vendor:/opt/ros/jazzy/opt/gz_msgs_vendor:/opt/ros/jazzy/opt/gz_common_vendor:/opt/ros/jazzy/opt/gz_math_vendor:/opt/ros/jazzy/opt/gz_utils_vendor:/opt/ros/jazzy/opt/gz_tools_vendor:/opt/ros/jazzy/opt/gz_ogre_next_vendor:/opt/ros/jazzy/opt/gz_dartsim_vendor:/opt/ros/jazzy/opt/gz_cmake_vendor:/home/sohan/slam_mrt/install/rover_gazebosim:/home/sohan/slam_mrt/install/rover_ekf:/home/sohan/slam_mrt/install/ekf_dummy_pkg:/home/sohan/slam_mrt/install/ekf_assgn:/opt/ros/jazzy DEBUGINFOD_URLS=https://debuginfod.ubuntu.com /usr/bin/cmake --build /home/sohan/slam_mrt/build/husarion_ugv_controller -- -j32 -l32
[0.031s] Invoked command in '/home/sohan/slam_mrt/build/husarion_ugv_controller' returned '0': CMAKE_PREFIX_PATH=/home/sohan/slam_mrt/install/husarion_ugv_description:/home/sohan/slam_mrt/install/husarion_components_description:/home/sohan/slam_mrt/install/husarion_ugv_controller:/opt/ros/jazzy/opt/gz_sim_vendor:/opt/ros/jazzy/opt/gz_sensors_vendor:/opt/ros/jazzy/opt/gz_physics_vendor:/opt/ros/jazzy/opt/sdformat_vendor:/opt/ros/jazzy/opt/gz_gui_vendor:/opt/ros/jazzy/opt/gz_transport_vendor:/opt/ros/jazzy/opt/gz_rendering_vendor:/opt/ros/jazzy/opt/gz_plugin_vendor:/opt/ros/jazzy/opt/gz_fuel_tools_vendor:/opt/ros/jazzy/opt/gz_msgs_vendor:/opt/ros/jazzy/opt/gz_common_vendor:/opt/ros/jazzy/opt/gz_math_vendor:/opt/ros/jazzy/opt/gz_utils_vendor:/opt/ros/jazzy/opt/gz_tools_vendor:/opt/ros/jazzy/opt/gz_ogre_next_vendor:/opt/ros/jazzy/opt/gz_dartsim_vendor:/opt/ros/jazzy/opt/gz_cmake_vendor:/home/sohan/slam_mrt/install/rover_gazebosim:/home/sohan/slam_mrt/install/rover_ekf:/home/sohan/slam_mrt/install/ekf_dummy_pkg:/home/sohan/slam_mrt/install/ekf_assgn:/opt/ros/jazzy DEBUGINFOD_URLS=https://debuginfod.ubuntu.com /usr/bin/cmake --build /home/sohan/slam_mrt/build/husarion_ugv_controller -- -j32 -l32
[0.032s] Invoking command in '/home/sohan/slam_mrt/build/husarion_ugv_controller': CMAKE_PREFIX_PATH=/home/sohan/slam_mrt/install/husarion_ugv_description:/home/sohan/slam_mrt/install/husarion_components_description:/home/sohan/slam_mrt/install/husarion_ugv_controller:/opt/ros/jazzy/opt/gz_sim_vendor:/opt/ros/jazzy/opt/gz_sensors_vendor:/opt/ros/jazzy/opt/gz_physics_vendor:/opt/ros/jazzy/opt/sdformat_vendor:/opt/ros/jazzy/opt/gz_gui_vendor:/opt/ros/jazzy/opt/gz_transport_vendor:/opt/ros/jazzy/opt/gz_rendering_vendor:/opt/ros/jazzy/opt/gz_plugin_vendor:/opt/ros/jazzy/opt/gz_fuel_tools_vendor:/opt/ros/jazzy/opt/gz_msgs_vendor:/opt/ros/jazzy/opt/gz_common_vendor:/opt/ros/jazzy/opt/gz_math_vendor:/opt/ros/jazzy/opt/gz_utils_vendor:/opt/ros/jazzy/opt/gz_tools_vendor:/opt/ros/jazzy/opt/gz_ogre_next_vendor:/opt/ros/jazzy/opt/gz_dartsim_vendor:/opt/ros/jazzy/opt/gz_cmake_vendor:/home/sohan/slam_mrt/install/rover_gazebosim:/home/sohan/slam_mrt/install/rover_ekf:/home/sohan/slam_mrt/install/ekf_dummy_pkg:/home/sohan/slam_mrt/install/ekf_assgn:/opt/ros/jazzy DEBUGINFOD_URLS=https://debuginfod.ubuntu.com /usr/bin/cmake --install /home/sohan/slam_mrt/build/husarion_ugv_controller
[0.035s] -- Install configuration: ""
[0.035s] -- Execute custom install script
[0.036s] -- Up-to-date symlink: /home/sohan/slam_mrt/install/husarion_ugv_controller/share/husarion_ugv_controller/config/WH01_controller.yaml
[0.036s] -- Up-to-date symlink: /home/sohan/slam_mrt/install/husarion_ugv_controller/share/husarion_ugv_controller/config/WH02_controller.yaml
[0.036s] -- Up-to-date symlink: /home/sohan/slam_mrt/install/husarion_ugv_controller/share/husarion_ugv_controller/config/WH04_controller.yaml
[0.036s] -- Up-to-date symlink: /home/sohan/slam_mrt/install/husarion_ugv_controller/share/husarion_ugv_controller/config/WH05_controller.yaml
[0.036s] -- Up-to-date symlink: /home/sohan/slam_mrt/install/husarion_ugv_controller/share/husarion_ugv_controller/launch/controller.launch.py
[0.036s] -- Up-to-date symlink: /home/sohan/slam_mrt/install/husarion_ugv_controller/share/ament_index/resource_index/package_run_dependencies/husarion_ugv_controller
[0.036s] -- Up-to-date symlink: /home/sohan/slam_mrt/install/husarion_ugv_controller/share/ament_index/resource_index/parent_prefix_path/husarion_ugv_controller
[0.036s] -- Up-to-date symlink: /home/sohan/slam_mrt/install/husarion_ugv_controller/share/husarion_ugv_controller/environment/ament_prefix_path.sh
[0.036s] -- Up-to-date symlink: /home/sohan/slam_mrt/install/husarion_ugv_controller/share/husarion_ugv_controller/environment/ament_prefix_path.dsv
[0.036s] -- Up-to-date symlink: /home/sohan/slam_mrt/install/husarion_ugv_controller/share/husarion_ugv_controller/environment/path.sh
[0.036s] -- Up-to-date symlink: /home/sohan/slam_mrt/install/husarion_ugv_controller/share/husarion_ugv_controller/environment/path.dsv
[0.036s] -- Up-to-date symlink: /home/sohan/slam_mrt/install/husarion_ugv_controller/share/husarion_ugv_controller/local_setup.bash
[0.036s] -- Up-to-date symlink: /home/sohan/slam_mrt/install/husarion_ugv_controller/share/husarion_ugv_controller/local_setup.sh
[0.036s] -- Up-to-date symlink: /home/sohan/slam_mrt/install/husarion_ugv_controller/share/husarion_ugv_controller/local_setup.zsh
[0.036s] -- Up-to-date symlink: /home/sohan/slam_mrt/install/husarion_ugv_controller/share/husarion_ugv_controller/local_setup.dsv
[0.036s] -- Symlinking: /home/sohan/slam_mrt/install/husarion_ugv_controller/share/husarion_ugv_controller/package.dsv
[0.040s] -- Up-to-date symlink: /home/sohan/slam_mrt/install/husarion_ugv_controller/share/ament_index/resource_index/packages/husarion_ugv_controller
[0.040s] -- Up-to-date symlink: /home/sohan/slam_mrt/install/husarion_ugv_controller/share/husarion_ugv_controller/cmake/husarion_ugv_controllerConfig.cmake
[0.040s] -- Up-to-date symlink: /home/sohan/slam_mrt/install/husarion_ugv_controller/share/husarion_ugv_controller/cmake/husarion_ugv_controllerConfig-version.cmake
[0.040s] -- Up-to-date symlink: /home/sohan/slam_mrt/install/husarion_ugv_controller/share/husarion_ugv_controller/package.xml
[0.041s] Invoked command in '/home/sohan/slam_mrt/build/husarion_ugv_controller' returned '0': CMAKE_PREFIX_PATH=/home/sohan/slam_mrt/install/husarion_ugv_description:/home/sohan/slam_mrt/install/husarion_components_description:/home/sohan/slam_mrt/install/husarion_ugv_controller:/opt/ros/jazzy/opt/gz_sim_vendor:/opt/ros/jazzy/opt/gz_sensors_vendor:/opt/ros/jazzy/opt/gz_physics_vendor:/opt/ros/jazzy/opt/sdformat_vendor:/opt/ros/jazzy/opt/gz_gui_vendor:/opt/ros/jazzy/opt/gz_transport_vendor:/opt/ros/jazzy/opt/gz_rendering_vendor:/opt/ros/jazzy/opt/gz_plugin_vendor:/opt/ros/jazzy/opt/gz_fuel_tools_vendor:/opt/ros/jazzy/opt/gz_msgs_vendor:/opt/ros/jazzy/opt/gz_common_vendor:/opt/ros/jazzy/opt/gz_math_vendor:/opt/ros/jazzy/opt/gz_utils_vendor:/opt/ros/jazzy/opt/gz_tools_vendor:/opt/ros/jazzy/opt/gz_ogre_next_vendor:/opt/ros/jazzy/opt/gz_dartsim_vendor:/opt/ros/jazzy/opt/gz_cmake_vendor:/home/sohan/slam_mrt/install/rover_gazebosim:/home/sohan/slam_mrt/install/rover_ekf:/home/sohan/slam_mrt/install/ekf_dummy_pkg:/home/sohan/slam_mrt/install/ekf_assgn:/opt/ros/jazzy DEBUGINFOD_URLS=https://debuginfod.ubuntu.com /usr/bin/cmake --install /home/sohan/slam_mrt/build/husarion_ugv_controller
