[0.898s] Invoking command in '/home/sohan/slam_mrt/build/ekf_dummy_pkg': DEBUGINFOD_URLS=https://debuginfod.ubuntu.com PYTHONPATH=/home/sohan/slam_mrt/build/ekf_dummy_pkg/prefix_override:/usr/lib/python3/dist-packages/colcon_core/task/python/colcon_distutils_commands:/home/sohan/slam_mrt/install/ekf_dummy_pkg/lib/python3.12/site-packages:${PYTHONPATH} /usr/bin/python3 -W ignore:setup.py install is deprecated -W ignore:easy_install command is deprecated setup.py develop --editable --build-directory /home/sohan/slam_mrt/build/ekf_dummy_pkg/build --no-deps symlink_data
[1.055s] running develop
[1.138s] running egg_info
[1.146s] writing ekf_dummy_pkg.egg-info/PKG-INFO
[1.146s] writing dependency_links to ekf_dummy_pkg.egg-info/dependency_links.txt
[1.146s] writing entry points to ekf_dummy_pkg.egg-info/entry_points.txt
[1.146s] writing requirements to ekf_dummy_pkg.egg-info/requires.txt
[1.146s] writing top-level names to ekf_dummy_pkg.egg-info/top_level.txt
[1.163s] reading manifest file 'ekf_dummy_pkg.egg-info/SOURCES.txt'
[1.164s] writing manifest file 'ekf_dummy_pkg.egg-info/SOURCES.txt'
[1.172s] running build_ext
[1.172s] Creating /home/sohan/slam_mrt/install/ekf_dummy_pkg/lib/python3.12/site-packages/ekf-dummy-pkg.egg-link (link to .)
[1.172s] Installing dummy_imu_publisher script to /home/sohan/slam_mrt/install/ekf_dummy_pkg/lib/ekf_dummy_pkg
[1.173s] Installing dummy_odom_publisher script to /home/sohan/slam_mrt/install/ekf_dummy_pkg/lib/ekf_dummy_pkg
[1.173s] Installing imu_relay script to /home/sohan/slam_mrt/install/ekf_dummy_pkg/lib/ekf_dummy_pkg
[1.173s] Installing odom_relay script to /home/sohan/slam_mrt/install/ekf_dummy_pkg/lib/ekf_dummy_pkg
[1.173s] 
[1.173s] Installed /home/sohan/slam_mrt/build/ekf_dummy_pkg
[1.173s] running symlink_data
[1.200s] Invoked command in '/home/sohan/slam_mrt/build/ekf_dummy_pkg' returned '0': DEBUGINFOD_URLS=https://debuginfod.ubuntu.com PYTHONPATH=/home/sohan/slam_mrt/build/ekf_dummy_pkg/prefix_override:/usr/lib/python3/dist-packages/colcon_core/task/python/colcon_distutils_commands:/home/sohan/slam_mrt/install/ekf_dummy_pkg/lib/python3.12/site-packages:${PYTHONPATH} /usr/bin/python3 -W ignore:setup.py install is deprecated -W ignore:easy_install command is deprecated setup.py develop --editable --build-directory /home/sohan/slam_mrt/build/ekf_dummy_pkg/build --no-deps symlink_data
