[0.210s] DEBUG:colcon:Command line arguments: ['/usr/bin/colcon', 'build', '--symlink-install']
[0.210s] DEBUG:colcon:Parsed command line arguments: Namespace(log_base=None, log_level=None, verb_name='build', build_base='build', install_base='install', merge_install=False, symlink_install=True, test_result_base=None, continue_on_error=False, executor='parallel', parallel_workers=32, event_handlers=None, ignore_user_meta=False, metas=['./colcon.meta'], base_paths=['.'], packages_ignore=None, packages_ignore_regex=None, paths=None, packages_up_to=None, packages_up_to_regex=None, packages_above=None, packages_above_and_dependencies=None, packages_above_depth=None, packages_select_by_dep=None, packages_skip_by_dep=None, packages_skip_up_to=None, packages_select_build_failed=False, packages_skip_build_finished=False, packages_select_test_failures=False, packages_skip_test_passed=False, packages_select=None, packages_skip=None, packages_select_regex=None, packages_skip_regex=None, packages_start=None, packages_end=None, allow_overriding=[], cmake_args=None, cmake_target=None, cmake_target_skip_unavailable=False, cmake_clean_cache=False, cmake_clean_first=False, cmake_force_configure=False, ament_cmake_args=None, catkin_cmake_args=None, catkin_skip_building_tests=False, mixin_files=None, mixin=None, verb_parser=<colcon_mixin.mixin.mixin_argument.MixinArgumentDecorator object at 0x719e6c76fa70>, verb_extension=<colcon_core.verb.build.BuildVerb object at 0x719e6c76f680>, main=<bound method BuildVerb.main of <colcon_core.verb.build.BuildVerb object at 0x719e6c76f680>>, mixin_verb=('build',))
[0.256s] Level 1:colcon.colcon_core.package_discovery:discover_packages(colcon_meta) check parameters
[0.256s] Level 1:colcon.colcon_core.package_discovery:discover_packages(recursive) check parameters
[0.256s] Level 1:colcon.colcon_core.package_discovery:discover_packages(ignore) check parameters
[0.256s] Level 1:colcon.colcon_core.package_discovery:discover_packages(path) check parameters
[0.256s] Level 1:colcon.colcon_core.package_discovery:discover_packages(colcon_meta) discover
[0.256s] Level 1:colcon.colcon_core.package_discovery:discover_packages(recursive) discover
[0.256s] INFO:colcon.colcon_core.package_discovery:Crawling recursively for packages in '/home/sohan/slam_mrt'
[0.256s] Level 1:colcon.colcon_core.package_identification:_identify(.) by extensions ['ignore', 'ignore_ament_install']
[0.256s] Level 1:colcon.colcon_core.package_identification:_identify(.) by extension 'ignore'
[0.256s] Level 1:colcon.colcon_core.package_identification:_identify(.) by extension 'ignore_ament_install'
[0.256s] Level 1:colcon.colcon_core.package_identification:_identify(.) by extensions ['colcon_pkg']
[0.256s] Level 1:colcon.colcon_core.package_identification:_identify(.) by extension 'colcon_pkg'
[0.256s] Level 1:colcon.colcon_core.package_identification:_identify(.) by extensions ['colcon_meta']
[0.256s] Level 1:colcon.colcon_core.package_identification:_identify(.) by extension 'colcon_meta'
[0.256s] Level 1:colcon.colcon_core.package_identification:_identify(.) by extensions ['ros']
[0.256s] Level 1:colcon.colcon_core.package_identification:_identify(.) by extension 'ros'
[0.281s] Level 1:colcon.colcon_core.package_identification:_identify(.) by extensions ['cmake', 'python']
[0.281s] Level 1:colcon.colcon_core.package_identification:_identify(.) by extension 'cmake'
[0.281s] Level 1:colcon.colcon_core.package_identification:_identify(.) by extension 'python'
[0.281s] Level 1:colcon.colcon_core.package_identification:_identify(.) by extensions ['python_setup_py']
[0.281s] Level 1:colcon.colcon_core.package_identification:_identify(.) by extension 'python_setup_py'
[0.282s] Level 1:colcon.colcon_core.package_identification:_identify(build) by extensions ['ignore', 'ignore_ament_install']
[0.282s] Level 1:colcon.colcon_core.package_identification:_identify(build) by extension 'ignore'
[0.282s] Level 1:colcon.colcon_core.package_identification:_identify(build) ignored
[0.282s] Level 1:colcon.colcon_core.package_identification:_identify(ekf_assgn) by extensions ['ignore', 'ignore_ament_install']
[0.282s] Level 1:colcon.colcon_core.package_identification:_identify(ekf_assgn) by extension 'ignore'
[0.282s] Level 1:colcon.colcon_core.package_identification:_identify(ekf_assgn) by extension 'ignore_ament_install'
[0.282s] Level 1:colcon.colcon_core.package_identification:_identify(ekf_assgn) by extensions ['colcon_pkg']
[0.282s] Level 1:colcon.colcon_core.package_identification:_identify(ekf_assgn) by extension 'colcon_pkg'
[0.282s] Level 1:colcon.colcon_core.package_identification:_identify(ekf_assgn) by extensions ['colcon_meta']
[0.282s] Level 1:colcon.colcon_core.package_identification:_identify(ekf_assgn) by extension 'colcon_meta'
[0.282s] Level 1:colcon.colcon_core.package_identification:_identify(ekf_assgn) by extensions ['ros']
[0.282s] Level 1:colcon.colcon_core.package_identification:_identify(ekf_assgn) by extension 'ros'
[0.287s] DEBUG:colcon.colcon_core.package_identification:Package 'ekf_assgn' with type 'ros.ament_python' and name 'ekf_assgn'
[0.290s] Level 1:colcon.colcon_core.package_identification:_identify(ekf_dummy_pkg) by extensions ['ignore', 'ignore_ament_install']
[0.290s] Level 1:colcon.colcon_core.package_identification:_identify(ekf_dummy_pkg) by extension 'ignore'
[0.290s] Level 1:colcon.colcon_core.package_identification:_identify(ekf_dummy_pkg) by extension 'ignore_ament_install'
[0.290s] Level 1:colcon.colcon_core.package_identification:_identify(ekf_dummy_pkg) by extensions ['colcon_pkg']
[0.290s] Level 1:colcon.colcon_core.package_identification:_identify(ekf_dummy_pkg) by extension 'colcon_pkg'
[0.290s] Level 1:colcon.colcon_core.package_identification:_identify(ekf_dummy_pkg) by extensions ['colcon_meta']
[0.290s] Level 1:colcon.colcon_core.package_identification:_identify(ekf_dummy_pkg) by extension 'colcon_meta'
[0.290s] Level 1:colcon.colcon_core.package_identification:_identify(ekf_dummy_pkg) by extensions ['ros']
[0.290s] Level 1:colcon.colcon_core.package_identification:_identify(ekf_dummy_pkg) by extension 'ros'
[0.291s] DEBUG:colcon.colcon_core.package_identification:Package 'ekf_dummy_pkg' with type 'ros.ament_python' and name 'ekf_dummy_pkg'
[0.292s] Level 1:colcon.colcon_core.package_identification:_identify(husarion_components_description) by extensions ['ignore', 'ignore_ament_install']
[0.292s] Level 1:colcon.colcon_core.package_identification:_identify(husarion_components_description) by extension 'ignore'
[0.292s] Level 1:colcon.colcon_core.package_identification:_identify(husarion_components_description) by extension 'ignore_ament_install'
[0.292s] Level 1:colcon.colcon_core.package_identification:_identify(husarion_components_description) by extensions ['colcon_pkg']
[0.292s] Level 1:colcon.colcon_core.package_identification:_identify(husarion_components_description) by extension 'colcon_pkg'
[0.292s] Level 1:colcon.colcon_core.package_identification:_identify(husarion_components_description) by extensions ['colcon_meta']
[0.292s] Level 1:colcon.colcon_core.package_identification:_identify(husarion_components_description) by extension 'colcon_meta'
[0.292s] Level 1:colcon.colcon_core.package_identification:_identify(husarion_components_description) by extensions ['ros']
[0.292s] Level 1:colcon.colcon_core.package_identification:_identify(husarion_components_description) by extension 'ros'
[0.311s] DEBUG:colcon.colcon_core.package_identification:Package 'husarion_components_description' with type 'ros.ament_cmake' and name 'husarion_components_description'
[0.311s] Level 1:colcon.colcon_core.package_identification:_identify(husarion_ugv_controller) by extensions ['ignore', 'ignore_ament_install']
[0.311s] Level 1:colcon.colcon_core.package_identification:_identify(husarion_ugv_controller) by extension 'ignore'
[0.311s] Level 1:colcon.colcon_core.package_identification:_identify(husarion_ugv_controller) by extension 'ignore_ament_install'
[0.311s] Level 1:colcon.colcon_core.package_identification:_identify(husarion_ugv_controller) by extensions ['colcon_pkg']
[0.311s] Level 1:colcon.colcon_core.package_identification:_identify(husarion_ugv_controller) by extension 'colcon_pkg'
[0.311s] Level 1:colcon.colcon_core.package_identification:_identify(husarion_ugv_controller) by extensions ['colcon_meta']
[0.311s] Level 1:colcon.colcon_core.package_identification:_identify(husarion_ugv_controller) by extension 'colcon_meta'
[0.311s] Level 1:colcon.colcon_core.package_identification:_identify(husarion_ugv_controller) by extensions ['ros']
[0.311s] Level 1:colcon.colcon_core.package_identification:_identify(husarion_ugv_controller) by extension 'ros'
[0.313s] DEBUG:colcon.colcon_core.package_identification:Package 'husarion_ugv_controller' with type 'ros.ament_cmake' and name 'husarion_ugv_controller'
[0.313s] Level 1:colcon.colcon_core.package_identification:_identify(husarion_ugv_description) by extensions ['ignore', 'ignore_ament_install']
[0.313s] Level 1:colcon.colcon_core.package_identification:_identify(husarion_ugv_description) by extension 'ignore'
[0.313s] Level 1:colcon.colcon_core.package_identification:_identify(husarion_ugv_description) by extension 'ignore_ament_install'
[0.313s] Level 1:colcon.colcon_core.package_identification:_identify(husarion_ugv_description) by extensions ['colcon_pkg']
[0.313s] Level 1:colcon.colcon_core.package_identification:_identify(husarion_ugv_description) by extension 'colcon_pkg'
[0.313s] Level 1:colcon.colcon_core.package_identification:_identify(husarion_ugv_description) by extensions ['colcon_meta']
[0.313s] Level 1:colcon.colcon_core.package_identification:_identify(husarion_ugv_description) by extension 'colcon_meta'
[0.313s] Level 1:colcon.colcon_core.package_identification:_identify(husarion_ugv_description) by extensions ['ros']
[0.313s] Level 1:colcon.colcon_core.package_identification:_identify(husarion_ugv_description) by extension 'ros'
[0.314s] DEBUG:colcon.colcon_core.package_identification:Package 'husarion_ugv_description' with type 'ros.ament_cmake' and name 'husarion_ugv_description'
[0.314s] Level 1:colcon.colcon_core.package_identification:_identify(install) by extensions ['ignore', 'ignore_ament_install']
[0.314s] Level 1:colcon.colcon_core.package_identification:_identify(install) by extension 'ignore'
[0.314s] Level 1:colcon.colcon_core.package_identification:_identify(install) ignored
[0.314s] Level 1:colcon.colcon_core.package_identification:_identify(log) by extensions ['ignore', 'ignore_ament_install']
[0.315s] Level 1:colcon.colcon_core.package_identification:_identify(log) by extension 'ignore'
[0.315s] Level 1:colcon.colcon_core.package_identification:_identify(log) ignored
[0.315s] Level 1:colcon.colcon_core.package_identification:_identify(rover_ekf) by extensions ['ignore', 'ignore_ament_install']
[0.315s] Level 1:colcon.colcon_core.package_identification:_identify(rover_ekf) by extension 'ignore'
[0.315s] Level 1:colcon.colcon_core.package_identification:_identify(rover_ekf) by extension 'ignore_ament_install'
[0.315s] Level 1:colcon.colcon_core.package_identification:_identify(rover_ekf) by extensions ['colcon_pkg']
[0.315s] Level 1:colcon.colcon_core.package_identification:_identify(rover_ekf) by extension 'colcon_pkg'
[0.315s] Level 1:colcon.colcon_core.package_identification:_identify(rover_ekf) by extensions ['colcon_meta']
[0.315s] Level 1:colcon.colcon_core.package_identification:_identify(rover_ekf) by extension 'colcon_meta'
[0.315s] Level 1:colcon.colcon_core.package_identification:_identify(rover_ekf) by extensions ['ros']
[0.315s] Level 1:colcon.colcon_core.package_identification:_identify(rover_ekf) by extension 'ros'
[0.315s] DEBUG:colcon.colcon_core.package_identification:Package 'rover_ekf' with type 'ros.ament_python' and name 'rover_ekf'
[0.316s] Level 1:colcon.colcon_core.package_identification:_identify(rover_gazebosim) by extensions ['ignore', 'ignore_ament_install']
[0.316s] Level 1:colcon.colcon_core.package_identification:_identify(rover_gazebosim) by extension 'ignore'
[0.316s] Level 1:colcon.colcon_core.package_identification:_identify(rover_gazebosim) by extension 'ignore_ament_install'
[0.316s] Level 1:colcon.colcon_core.package_identification:_identify(rover_gazebosim) by extensions ['colcon_pkg']
[0.316s] Level 1:colcon.colcon_core.package_identification:_identify(rover_gazebosim) by extension 'colcon_pkg'
[0.316s] Level 1:colcon.colcon_core.package_identification:_identify(rover_gazebosim) by extensions ['colcon_meta']
[0.316s] Level 1:colcon.colcon_core.package_identification:_identify(rover_gazebosim) by extension 'colcon_meta'
[0.316s] Level 1:colcon.colcon_core.package_identification:_identify(rover_gazebosim) by extensions ['ros']
[0.316s] Level 1:colcon.colcon_core.package_identification:_identify(rover_gazebosim) by extension 'ros'
[0.317s] DEBUG:colcon.colcon_core.package_identification:Package 'rover_gazebosim' with type 'ros.ament_python' and name 'rover_gazebosim'
[0.317s] Level 1:colcon.colcon_core.package_discovery:discover_packages(recursive) using defaults
[0.317s] Level 1:colcon.colcon_core.package_discovery:discover_packages(ignore) discover
[0.317s] Level 1:colcon.colcon_core.package_discovery:discover_packages(ignore) using defaults
[0.317s] Level 1:colcon.colcon_core.package_discovery:discover_packages(path) discover
[0.317s] Level 1:colcon.colcon_core.package_discovery:discover_packages(path) using defaults
[0.365s] Level 1:colcon.colcon_core.package_discovery:discover_packages(prefix_path) check parameters
[0.365s] Level 1:colcon.colcon_core.package_discovery:discover_packages(prefix_path) discover
[0.369s] DEBUG:colcon.colcon_installed_package_information.package_discovery:Found 455 installed packages in /opt/ros/jazzy
[0.370s] Level 1:colcon.colcon_core.package_discovery:discover_packages(prefix_path) using defaults
[0.409s] Level 5:colcon.colcon_core.verb:set package 'ekf_assgn' build argument 'cmake_args' from command line to 'None'
[0.410s] Level 5:colcon.colcon_core.verb:set package 'ekf_assgn' build argument 'cmake_target' from command line to 'None'
[0.410s] Level 5:colcon.colcon_core.verb:set package 'ekf_assgn' build argument 'cmake_target_skip_unavailable' from command line to 'False'
[0.410s] Level 5:colcon.colcon_core.verb:set package 'ekf_assgn' build argument 'cmake_clean_cache' from command line to 'False'
[0.410s] Level 5:colcon.colcon_core.verb:set package 'ekf_assgn' build argument 'cmake_clean_first' from command line to 'False'
[0.410s] Level 5:colcon.colcon_core.verb:set package 'ekf_assgn' build argument 'cmake_force_configure' from command line to 'False'
[0.410s] Level 5:colcon.colcon_core.verb:set package 'ekf_assgn' build argument 'ament_cmake_args' from command line to 'None'
[0.410s] Level 5:colcon.colcon_core.verb:set package 'ekf_assgn' build argument 'catkin_cmake_args' from command line to 'None'
[0.410s] Level 5:colcon.colcon_core.verb:set package 'ekf_assgn' build argument 'catkin_skip_building_tests' from command line to 'False'
[0.410s] DEBUG:colcon.colcon_core.verb:Building package 'ekf_assgn' with the following arguments: {'ament_cmake_args': None, 'build_base': '/home/sohan/slam_mrt/build/ekf_assgn', 'catkin_cmake_args': None, 'catkin_skip_building_tests': False, 'cmake_args': None, 'cmake_clean_cache': False, 'cmake_clean_first': False, 'cmake_force_configure': False, 'cmake_target': None, 'cmake_target_skip_unavailable': False, 'install_base': '/home/sohan/slam_mrt/install/ekf_assgn', 'merge_install': False, 'path': '/home/sohan/slam_mrt/ekf_assgn', 'symlink_install': True, 'test_result_base': None}
[0.410s] Level 5:colcon.colcon_core.verb:set package 'ekf_dummy_pkg' build argument 'cmake_args' from command line to 'None'
[0.410s] Level 5:colcon.colcon_core.verb:set package 'ekf_dummy_pkg' build argument 'cmake_target' from command line to 'None'
[0.410s] Level 5:colcon.colcon_core.verb:set package 'ekf_dummy_pkg' build argument 'cmake_target_skip_unavailable' from command line to 'False'
[0.410s] Level 5:colcon.colcon_core.verb:set package 'ekf_dummy_pkg' build argument 'cmake_clean_cache' from command line to 'False'
[0.410s] Level 5:colcon.colcon_core.verb:set package 'ekf_dummy_pkg' build argument 'cmake_clean_first' from command line to 'False'
[0.410s] Level 5:colcon.colcon_core.verb:set package 'ekf_dummy_pkg' build argument 'cmake_force_configure' from command line to 'False'
[0.410s] Level 5:colcon.colcon_core.verb:set package 'ekf_dummy_pkg' build argument 'ament_cmake_args' from command line to 'None'
[0.410s] Level 5:colcon.colcon_core.verb:set package 'ekf_dummy_pkg' build argument 'catkin_cmake_args' from command line to 'None'
[0.410s] Level 5:colcon.colcon_core.verb:set package 'ekf_dummy_pkg' build argument 'catkin_skip_building_tests' from command line to 'False'
[0.410s] DEBUG:colcon.colcon_core.verb:Building package 'ekf_dummy_pkg' with the following arguments: {'ament_cmake_args': None, 'build_base': '/home/sohan/slam_mrt/build/ekf_dummy_pkg', 'catkin_cmake_args': None, 'catkin_skip_building_tests': False, 'cmake_args': None, 'cmake_clean_cache': False, 'cmake_clean_first': False, 'cmake_force_configure': False, 'cmake_target': None, 'cmake_target_skip_unavailable': False, 'install_base': '/home/sohan/slam_mrt/install/ekf_dummy_pkg', 'merge_install': False, 'path': '/home/sohan/slam_mrt/ekf_dummy_pkg', 'symlink_install': True, 'test_result_base': None}
[0.410s] Level 5:colcon.colcon_core.verb:set package 'husarion_components_description' build argument 'cmake_args' from command line to 'None'
[0.410s] Level 5:colcon.colcon_core.verb:set package 'husarion_components_description' build argument 'cmake_target' from command line to 'None'
[0.410s] Level 5:colcon.colcon_core.verb:set package 'husarion_components_description' build argument 'cmake_target_skip_unavailable' from command line to 'False'
[0.410s] Level 5:colcon.colcon_core.verb:set package 'husarion_components_description' build argument 'cmake_clean_cache' from command line to 'False'
[0.410s] Level 5:colcon.colcon_core.verb:set package 'husarion_components_description' build argument 'cmake_clean_first' from command line to 'False'
[0.410s] Level 5:colcon.colcon_core.verb:set package 'husarion_components_description' build argument 'cmake_force_configure' from command line to 'False'
[0.410s] Level 5:colcon.colcon_core.verb:set package 'husarion_components_description' build argument 'ament_cmake_args' from command line to 'None'
[0.410s] Level 5:colcon.colcon_core.verb:set package 'husarion_components_description' build argument 'catkin_cmake_args' from command line to 'None'
[0.410s] Level 5:colcon.colcon_core.verb:set package 'husarion_components_description' build argument 'catkin_skip_building_tests' from command line to 'False'
[0.410s] DEBUG:colcon.colcon_core.verb:Building package 'husarion_components_description' with the following arguments: {'ament_cmake_args': None, 'build_base': '/home/sohan/slam_mrt/build/husarion_components_description', 'catkin_cmake_args': None, 'catkin_skip_building_tests': False, 'cmake_args': None, 'cmake_clean_cache': False, 'cmake_clean_first': False, 'cmake_force_configure': False, 'cmake_target': None, 'cmake_target_skip_unavailable': False, 'install_base': '/home/sohan/slam_mrt/install/husarion_components_description', 'merge_install': False, 'path': '/home/sohan/slam_mrt/husarion_components_description', 'symlink_install': True, 'test_result_base': None}
[0.410s] Level 5:colcon.colcon_core.verb:set package 'rover_ekf' build argument 'cmake_args' from command line to 'None'
[0.410s] Level 5:colcon.colcon_core.verb:set package 'rover_ekf' build argument 'cmake_target' from command line to 'None'
[0.410s] Level 5:colcon.colcon_core.verb:set package 'rover_ekf' build argument 'cmake_target_skip_unavailable' from command line to 'False'
[0.410s] Level 5:colcon.colcon_core.verb:set package 'rover_ekf' build argument 'cmake_clean_cache' from command line to 'False'
[0.410s] Level 5:colcon.colcon_core.verb:set package 'rover_ekf' build argument 'cmake_clean_first' from command line to 'False'
[0.410s] Level 5:colcon.colcon_core.verb:set package 'rover_ekf' build argument 'cmake_force_configure' from command line to 'False'
[0.410s] Level 5:colcon.colcon_core.verb:set package 'rover_ekf' build argument 'ament_cmake_args' from command line to 'None'
[0.410s] Level 5:colcon.colcon_core.verb:set package 'rover_ekf' build argument 'catkin_cmake_args' from command line to 'None'
[0.410s] Level 5:colcon.colcon_core.verb:set package 'rover_ekf' build argument 'catkin_skip_building_tests' from command line to 'False'
[0.410s] DEBUG:colcon.colcon_core.verb:Building package 'rover_ekf' with the following arguments: {'ament_cmake_args': None, 'build_base': '/home/sohan/slam_mrt/build/rover_ekf', 'catkin_cmake_args': None, 'catkin_skip_building_tests': False, 'cmake_args': None, 'cmake_clean_cache': False, 'cmake_clean_first': False, 'cmake_force_configure': False, 'cmake_target': None, 'cmake_target_skip_unavailable': False, 'install_base': '/home/sohan/slam_mrt/install/rover_ekf', 'merge_install': False, 'path': '/home/sohan/slam_mrt/rover_ekf', 'symlink_install': True, 'test_result_base': None}
[0.411s] Level 5:colcon.colcon_core.verb:set package 'rover_gazebosim' build argument 'cmake_args' from command line to 'None'
[0.411s] Level 5:colcon.colcon_core.verb:set package 'rover_gazebosim' build argument 'cmake_target' from command line to 'None'
[0.411s] Level 5:colcon.colcon_core.verb:set package 'rover_gazebosim' build argument 'cmake_target_skip_unavailable' from command line to 'False'
[0.411s] Level 5:colcon.colcon_core.verb:set package 'rover_gazebosim' build argument 'cmake_clean_cache' from command line to 'False'
[0.411s] Level 5:colcon.colcon_core.verb:set package 'rover_gazebosim' build argument 'cmake_clean_first' from command line to 'False'
[0.411s] Level 5:colcon.colcon_core.verb:set package 'rover_gazebosim' build argument 'cmake_force_configure' from command line to 'False'
[0.411s] Level 5:colcon.colcon_core.verb:set package 'rover_gazebosim' build argument 'ament_cmake_args' from command line to 'None'
[0.411s] Level 5:colcon.colcon_core.verb:set package 'rover_gazebosim' build argument 'catkin_cmake_args' from command line to 'None'
[0.411s] Level 5:colcon.colcon_core.verb:set package 'rover_gazebosim' build argument 'catkin_skip_building_tests' from command line to 'False'
[0.411s] DEBUG:colcon.colcon_core.verb:Building package 'rover_gazebosim' with the following arguments: {'ament_cmake_args': None, 'build_base': '/home/sohan/slam_mrt/build/rover_gazebosim', 'catkin_cmake_args': None, 'catkin_skip_building_tests': False, 'cmake_args': None, 'cmake_clean_cache': False, 'cmake_clean_first': False, 'cmake_force_configure': False, 'cmake_target': None, 'cmake_target_skip_unavailable': False, 'install_base': '/home/sohan/slam_mrt/install/rover_gazebosim', 'merge_install': False, 'path': '/home/sohan/slam_mrt/rover_gazebosim', 'symlink_install': True, 'test_result_base': None}
[0.411s] Level 5:colcon.colcon_core.verb:set package 'husarion_ugv_description' build argument 'cmake_args' from command line to 'None'
[0.411s] Level 5:colcon.colcon_core.verb:set package 'husarion_ugv_description' build argument 'cmake_target' from command line to 'None'
[0.411s] Level 5:colcon.colcon_core.verb:set package 'husarion_ugv_description' build argument 'cmake_target_skip_unavailable' from command line to 'False'
[0.411s] Level 5:colcon.colcon_core.verb:set package 'husarion_ugv_description' build argument 'cmake_clean_cache' from command line to 'False'
[0.411s] Level 5:colcon.colcon_core.verb:set package 'husarion_ugv_description' build argument 'cmake_clean_first' from command line to 'False'
[0.411s] Level 5:colcon.colcon_core.verb:set package 'husarion_ugv_description' build argument 'cmake_force_configure' from command line to 'False'
[0.411s] Level 5:colcon.colcon_core.verb:set package 'husarion_ugv_description' build argument 'ament_cmake_args' from command line to 'None'
[0.411s] Level 5:colcon.colcon_core.verb:set package 'husarion_ugv_description' build argument 'catkin_cmake_args' from command line to 'None'
[0.411s] Level 5:colcon.colcon_core.verb:set package 'husarion_ugv_description' build argument 'catkin_skip_building_tests' from command line to 'False'
[0.411s] DEBUG:colcon.colcon_core.verb:Building package 'husarion_ugv_description' with the following arguments: {'ament_cmake_args': None, 'build_base': '/home/sohan/slam_mrt/build/husarion_ugv_description', 'catkin_cmake_args': None, 'catkin_skip_building_tests': False, 'cmake_args': None, 'cmake_clean_cache': False, 'cmake_clean_first': False, 'cmake_force_configure': False, 'cmake_target': None, 'cmake_target_skip_unavailable': False, 'install_base': '/home/sohan/slam_mrt/install/husarion_ugv_description', 'merge_install': False, 'path': '/home/sohan/slam_mrt/husarion_ugv_description', 'symlink_install': True, 'test_result_base': None}
[0.411s] Level 5:colcon.colcon_core.verb:set package 'husarion_ugv_controller' build argument 'cmake_args' from command line to 'None'
[0.411s] Level 5:colcon.colcon_core.verb:set package 'husarion_ugv_controller' build argument 'cmake_target' from command line to 'None'
[0.411s] Level 5:colcon.colcon_core.verb:set package 'husarion_ugv_controller' build argument 'cmake_target_skip_unavailable' from command line to 'False'
[0.411s] Level 5:colcon.colcon_core.verb:set package 'husarion_ugv_controller' build argument 'cmake_clean_cache' from command line to 'False'
[0.411s] Level 5:colcon.colcon_core.verb:set package 'husarion_ugv_controller' build argument 'cmake_clean_first' from command line to 'False'
[0.411s] Level 5:colcon.colcon_core.verb:set package 'husarion_ugv_controller' build argument 'cmake_force_configure' from command line to 'False'
[0.411s] Level 5:colcon.colcon_core.verb:set package 'husarion_ugv_controller' build argument 'ament_cmake_args' from command line to 'None'
[0.411s] Level 5:colcon.colcon_core.verb:set package 'husarion_ugv_controller' build argument 'catkin_cmake_args' from command line to 'None'
[0.411s] Level 5:colcon.colcon_core.verb:set package 'husarion_ugv_controller' build argument 'catkin_skip_building_tests' from command line to 'False'
[0.411s] DEBUG:colcon.colcon_core.verb:Building package 'husarion_ugv_controller' with the following arguments: {'ament_cmake_args': None, 'build_base': '/home/sohan/slam_mrt/build/husarion_ugv_controller', 'catkin_cmake_args': None, 'catkin_skip_building_tests': False, 'cmake_args': None, 'cmake_clean_cache': False, 'cmake_clean_first': False, 'cmake_force_configure': False, 'cmake_target': None, 'cmake_target_skip_unavailable': False, 'install_base': '/home/sohan/slam_mrt/install/husarion_ugv_controller', 'merge_install': False, 'path': '/home/sohan/slam_mrt/husarion_ugv_controller', 'symlink_install': True, 'test_result_base': None}
[0.411s] INFO:colcon.colcon_core.executor:Executing jobs using 'parallel' executor
[0.413s] DEBUG:colcon.colcon_parallel_executor.executor.parallel:run_until_complete
[0.414s] INFO:colcon.colcon_ros.task.ament_cmake.build:Building ROS package in '/home/sohan/slam_mrt/husarion_components_description' with build type 'ament_cmake'
[0.414s] INFO:colcon.colcon_cmake.task.cmake.build:Building CMake package in '/home/sohan/slam_mrt/husarion_components_description'
[0.417s] INFO:colcon.colcon_core.plugin_system:Skipping extension 'colcon_core.shell.bat': Not used on non-Windows systems
[0.418s] INFO:colcon.colcon_core.shell:Skip shell extension 'powershell' for command environment: Not usable outside of PowerShell
[0.418s] DEBUG:colcon.colcon_core.shell:Skip shell extension 'dsv' for command environment
[0.421s] INFO:colcon.colcon_ros.task.ament_python.build:Building ROS package in '/home/sohan/slam_mrt/ekf_assgn' with build type 'ament_python'
[0.421s] Level 1:colcon.colcon_core.shell:create_environment_hook('ekf_assgn', 'ament_prefix_path')
[0.421s] INFO:colcon.colcon_core.shell:Creating environment hook '/home/sohan/slam_mrt/install/ekf_assgn/share/ekf_assgn/hook/ament_prefix_path.ps1'
[0.423s] INFO:colcon.colcon_core.shell:Creating environment descriptor '/home/sohan/slam_mrt/install/ekf_assgn/share/ekf_assgn/hook/ament_prefix_path.dsv'
[0.423s] INFO:colcon.colcon_core.shell:Creating environment hook '/home/sohan/slam_mrt/install/ekf_assgn/share/ekf_assgn/hook/ament_prefix_path.sh'
[0.423s] INFO:colcon.colcon_core.shell:Skip shell extension 'powershell' for command environment: Not usable outside of PowerShell
[0.424s] DEBUG:colcon.colcon_core.shell:Skip shell extension 'dsv' for command environment
[0.427s] INFO:colcon.colcon_ros.task.ament_python.build:Building ROS package in '/home/sohan/slam_mrt/ekf_dummy_pkg' with build type 'ament_python'
[0.427s] Level 1:colcon.colcon_core.shell:create_environment_hook('ekf_dummy_pkg', 'ament_prefix_path')
[0.427s] INFO:colcon.colcon_core.shell:Creating environment hook '/home/sohan/slam_mrt/install/ekf_dummy_pkg/share/ekf_dummy_pkg/hook/ament_prefix_path.ps1'
[0.429s] INFO:colcon.colcon_core.shell:Creating environment descriptor '/home/sohan/slam_mrt/install/ekf_dummy_pkg/share/ekf_dummy_pkg/hook/ament_prefix_path.dsv'
[0.429s] INFO:colcon.colcon_core.shell:Creating environment hook '/home/sohan/slam_mrt/install/ekf_dummy_pkg/share/ekf_dummy_pkg/hook/ament_prefix_path.sh'
[0.430s] INFO:colcon.colcon_core.shell:Skip shell extension 'powershell' for command environment: Not usable outside of PowerShell
[0.430s] DEBUG:colcon.colcon_core.shell:Skip shell extension 'dsv' for command environment
[0.432s] INFO:colcon.colcon_ros.task.ament_python.build:Building ROS package in '/home/sohan/slam_mrt/rover_ekf' with build type 'ament_python'
[0.432s] Level 1:colcon.colcon_core.shell:create_environment_hook('rover_ekf', 'ament_prefix_path')
[0.432s] INFO:colcon.colcon_core.shell:Creating environment hook '/home/sohan/slam_mrt/install/rover_ekf/share/rover_ekf/hook/ament_prefix_path.ps1'
[0.433s] INFO:colcon.colcon_core.shell:Creating environment descriptor '/home/sohan/slam_mrt/install/rover_ekf/share/rover_ekf/hook/ament_prefix_path.dsv'
[0.433s] INFO:colcon.colcon_core.shell:Creating environment hook '/home/sohan/slam_mrt/install/rover_ekf/share/rover_ekf/hook/ament_prefix_path.sh'
[0.434s] INFO:colcon.colcon_core.shell:Skip shell extension 'powershell' for command environment: Not usable outside of PowerShell
[0.434s] DEBUG:colcon.colcon_core.shell:Skip shell extension 'dsv' for command environment
[0.436s] INFO:colcon.colcon_ros.task.ament_python.build:Building ROS package in '/home/sohan/slam_mrt/rover_gazebosim' with build type 'ament_python'
[0.436s] Level 1:colcon.colcon_core.shell:create_environment_hook('rover_gazebosim', 'ament_prefix_path')
[0.436s] INFO:colcon.colcon_core.shell:Creating environment hook '/home/sohan/slam_mrt/install/rover_gazebosim/share/rover_gazebosim/hook/ament_prefix_path.ps1'
[0.436s] INFO:colcon.colcon_core.shell:Creating environment descriptor '/home/sohan/slam_mrt/install/rover_gazebosim/share/rover_gazebosim/hook/ament_prefix_path.dsv'
[0.437s] INFO:colcon.colcon_core.shell:Creating environment hook '/home/sohan/slam_mrt/install/rover_gazebosim/share/rover_gazebosim/hook/ament_prefix_path.sh'
[0.437s] INFO:colcon.colcon_core.shell:Skip shell extension 'powershell' for command environment: Not usable outside of PowerShell
[0.437s] DEBUG:colcon.colcon_core.shell:Skip shell extension 'dsv' for command environment
[0.447s] DEBUG:colcon.colcon_core.event_handler.log_command:Invoking command in '/home/sohan/slam_mrt/build/husarion_components_description': CMAKE_PREFIX_PATH=${CMAKE_PREFIX_PATH}:/opt/ros/jazzy DEBUGINFOD_URLS=https://debuginfod.ubuntu.com /usr/bin/cmake --build /home/sohan/slam_mrt/build/husarion_components_description -- -j32 -l32
[0.563s] INFO:colcon.colcon_core.task.python.build:Building Python package in '/home/sohan/slam_mrt/ekf_assgn'
[0.563s] INFO:colcon.colcon_core.shell:Skip shell extension 'powershell' for command environment: Not usable outside of PowerShell
[0.563s] DEBUG:colcon.colcon_core.shell:Skip shell extension 'dsv' for command environment
[0.672s] INFO:colcon.colcon_core.task.python.build:Building Python package in '/home/sohan/slam_mrt/ekf_dummy_pkg'
[0.672s] INFO:colcon.colcon_core.shell:Skip shell extension 'powershell' for command environment: Not usable outside of PowerShell
[0.672s] DEBUG:colcon.colcon_core.shell:Skip shell extension 'dsv' for command environment
[0.772s] INFO:colcon.colcon_core.task.python.build:Building Python package in '/home/sohan/slam_mrt/rover_ekf'
[0.772s] INFO:colcon.colcon_core.shell:Skip shell extension 'powershell' for command environment: Not usable outside of PowerShell
[0.772s] DEBUG:colcon.colcon_core.shell:Skip shell extension 'dsv' for command environment
[0.776s] DEBUG:colcon.colcon_core.event_handler.log_command:Invoked command in '/home/sohan/slam_mrt/build/husarion_components_description' returned '0': CMAKE_PREFIX_PATH=${CMAKE_PREFIX_PATH}:/opt/ros/jazzy DEBUGINFOD_URLS=https://debuginfod.ubuntu.com /usr/bin/cmake --build /home/sohan/slam_mrt/build/husarion_components_description -- -j32 -l32
[0.783s] DEBUG:colcon.colcon_core.event_handler.log_command:Invoking command in '/home/sohan/slam_mrt/build/husarion_components_description': CMAKE_PREFIX_PATH=${CMAKE_PREFIX_PATH}:/opt/ros/jazzy DEBUGINFOD_URLS=https://debuginfod.ubuntu.com /usr/bin/cmake --install /home/sohan/slam_mrt/build/husarion_components_description
[0.881s] INFO:colcon.colcon_core.task.python.build:Building Python package in '/home/sohan/slam_mrt/rover_gazebosim'
[0.882s] INFO:colcon.colcon_core.shell:Skip shell extension 'powershell' for command environment: Not usable outside of PowerShell
[0.882s] DEBUG:colcon.colcon_core.shell:Skip shell extension 'dsv' for command environment
[0.890s] Level 1:colcon.colcon_core.environment:create_environment_scripts_only(husarion_components_description)
[0.890s] DEBUG:colcon.colcon_core.event_handler.log_command:Invoked command in '/home/sohan/slam_mrt/build/husarion_components_description' returned '0': CMAKE_PREFIX_PATH=${CMAKE_PREFIX_PATH}:/opt/ros/jazzy DEBUGINFOD_URLS=https://debuginfod.ubuntu.com /usr/bin/cmake --install /home/sohan/slam_mrt/build/husarion_components_description
[0.892s] Level 1:colcon.colcon_core.environment:checking '/home/sohan/slam_mrt/install/husarion_components_description' for CMake module files
[0.893s] Level 1:colcon.colcon_core.environment:checking '/home/sohan/slam_mrt/install/husarion_components_description' for CMake config files
[0.893s] Level 1:colcon.colcon_core.shell:create_environment_hook('husarion_components_description', 'cmake_prefix_path')
[0.893s] INFO:colcon.colcon_core.shell:Creating environment hook '/home/sohan/slam_mrt/install/husarion_components_description/share/husarion_components_description/hook/cmake_prefix_path.ps1'
[0.893s] INFO:colcon.colcon_core.shell:Creating environment descriptor '/home/sohan/slam_mrt/install/husarion_components_description/share/husarion_components_description/hook/cmake_prefix_path.dsv'
[0.893s] INFO:colcon.colcon_core.shell:Creating environment hook '/home/sohan/slam_mrt/install/husarion_components_description/share/husarion_components_description/hook/cmake_prefix_path.sh'
[0.894s] Level 1:colcon.colcon_core.environment:checking '/home/sohan/slam_mrt/install/husarion_components_description/bin'
[0.894s] Level 1:colcon.colcon_core.environment:checking '/home/sohan/slam_mrt/install/husarion_components_description/lib/pkgconfig/husarion_components_description.pc'
[0.894s] Level 1:colcon.colcon_core.environment:checking '/home/sohan/slam_mrt/install/husarion_components_description/lib/python3.12/site-packages'
[0.894s] Level 1:colcon.colcon_core.environment:checking '/home/sohan/slam_mrt/install/husarion_components_description/bin'
[0.894s] INFO:colcon.colcon_core.shell:Creating package script '/home/sohan/slam_mrt/install/husarion_components_description/share/husarion_components_description/package.ps1'
[0.895s] INFO:colcon.colcon_core.shell:Creating package descriptor '/home/sohan/slam_mrt/install/husarion_components_description/share/husarion_components_description/package.dsv'
[0.895s] INFO:colcon.colcon_core.shell:Creating package script '/home/sohan/slam_mrt/install/husarion_components_description/share/husarion_components_description/package.sh'
[0.895s] INFO:colcon.colcon_core.shell:Creating package script '/home/sohan/slam_mrt/install/husarion_components_description/share/husarion_components_description/package.bash'
[0.895s] INFO:colcon.colcon_core.shell:Creating package script '/home/sohan/slam_mrt/install/husarion_components_description/share/husarion_components_description/package.zsh'
[0.896s] Level 1:colcon.colcon_core.environment:create_file_with_runtime_dependencies(/home/sohan/slam_mrt/install/husarion_components_description/share/colcon-core/packages/husarion_components_description)
[0.896s] Level 1:colcon.colcon_core.environment:create_environment_scripts_only(husarion_components_description)
[0.896s] Level 1:colcon.colcon_core.environment:checking '/home/sohan/slam_mrt/install/husarion_components_description' for CMake module files
[0.896s] Level 1:colcon.colcon_core.environment:checking '/home/sohan/slam_mrt/install/husarion_components_description' for CMake config files
[0.896s] Level 1:colcon.colcon_core.shell:create_environment_hook('husarion_components_description', 'cmake_prefix_path')
[0.896s] INFO:colcon.colcon_core.shell:Creating environment hook '/home/sohan/slam_mrt/install/husarion_components_description/share/husarion_components_description/hook/cmake_prefix_path.ps1'
[0.897s] INFO:colcon.colcon_core.shell:Creating environment descriptor '/home/sohan/slam_mrt/install/husarion_components_description/share/husarion_components_description/hook/cmake_prefix_path.dsv'
[0.897s] INFO:colcon.colcon_core.shell:Creating environment hook '/home/sohan/slam_mrt/install/husarion_components_description/share/husarion_components_description/hook/cmake_prefix_path.sh'
[0.897s] Level 1:colcon.colcon_core.environment:checking '/home/sohan/slam_mrt/install/husarion_components_description/bin'
[0.897s] Level 1:colcon.colcon_core.environment:checking '/home/sohan/slam_mrt/install/husarion_components_description/lib/pkgconfig/husarion_components_description.pc'
[0.897s] Level 1:colcon.colcon_core.environment:checking '/home/sohan/slam_mrt/install/husarion_components_description/lib/python3.12/site-packages'
[0.897s] Level 1:colcon.colcon_core.environment:checking '/home/sohan/slam_mrt/install/husarion_components_description/bin'
[0.897s] INFO:colcon.colcon_core.shell:Creating package script '/home/sohan/slam_mrt/install/husarion_components_description/share/husarion_components_description/package.ps1'
[0.898s] INFO:colcon.colcon_core.shell:Creating package descriptor '/home/sohan/slam_mrt/install/husarion_components_description/share/husarion_components_description/package.dsv'
[0.898s] INFO:colcon.colcon_core.shell:Creating package script '/home/sohan/slam_mrt/install/husarion_components_description/share/husarion_components_description/package.sh'
[0.898s] INFO:colcon.colcon_core.shell:Creating package script '/home/sohan/slam_mrt/install/husarion_components_description/share/husarion_components_description/package.bash'
[0.898s] INFO:colcon.colcon_core.shell:Creating package script '/home/sohan/slam_mrt/install/husarion_components_description/share/husarion_components_description/package.zsh'
[0.898s] Level 1:colcon.colcon_core.environment:create_file_with_runtime_dependencies(/home/sohan/slam_mrt/install/husarion_components_description/share/colcon-core/packages/husarion_components_description)
[0.899s] INFO:colcon.colcon_ros.task.ament_cmake.build:Building ROS package in '/home/sohan/slam_mrt/husarion_ugv_description' with build type 'ament_cmake'
[0.900s] INFO:colcon.colcon_cmake.task.cmake.build:Building CMake package in '/home/sohan/slam_mrt/husarion_ugv_description'
[0.900s] INFO:colcon.colcon_core.shell:Skip shell extension 'powershell' for command environment: Not usable outside of PowerShell
[0.900s] DEBUG:colcon.colcon_core.shell:Skip shell extension 'dsv' for command environment
[0.907s] DEBUG:colcon.colcon_core.event_handler.log_command:Invoking command in '/home/sohan/slam_mrt/build/husarion_ugv_description': AMENT_PREFIX_PATH=/home/sohan/slam_mrt/install/husarion_components_description:${AMENT_PREFIX_PATH} CMAKE_PREFIX_PATH=/home/sohan/slam_mrt/install/husarion_components_description:/opt/ros/jazzy/opt/gz_sim_vendor:/opt/ros/jazzy/opt/gz_sensors_vendor:/opt/ros/jazzy/opt/gz_physics_vendor:/opt/ros/jazzy/opt/sdformat_vendor:/opt/ros/jazzy/opt/gz_gui_vendor:/opt/ros/jazzy/opt/gz_transport_vendor:/opt/ros/jazzy/opt/gz_rendering_vendor:/opt/ros/jazzy/opt/gz_plugin_vendor:/opt/ros/jazzy/opt/gz_fuel_tools_vendor:/opt/ros/jazzy/opt/gz_msgs_vendor:/opt/ros/jazzy/opt/gz_common_vendor:/opt/ros/jazzy/opt/gz_math_vendor:/opt/ros/jazzy/opt/gz_utils_vendor:/opt/ros/jazzy/opt/gz_tools_vendor:/opt/ros/jazzy/opt/gz_ogre_next_vendor:/opt/ros/jazzy/opt/gz_dartsim_vendor:/opt/ros/jazzy/opt/gz_cmake_vendor:/opt/ros/jazzy DEBUGINFOD_URLS=https://debuginfod.ubuntu.com GAZEBO_MODEL_PATH=/home/sohan/slam_mrt/install/husarion_components_description/share GZ_SIM_RESOURCE_PATH=/home/sohan/slam_mrt/install/husarion_components_description/share:${GZ_SIM_RESOURCE_PATH} IGN_GAZEBO_RESOURCE_PATH=/opt/ros/jazzy/share:/home/sohan/slam_mrt/install/husarion_components_description/share /usr/bin/cmake --build /home/sohan/slam_mrt/build/husarion_ugv_description -- -j32 -l32
[0.938s] DEBUG:colcon.colcon_core.event_handler.log_command:Invoked command in '/home/sohan/slam_mrt/build/husarion_ugv_description' returned '0': AMENT_PREFIX_PATH=/home/sohan/slam_mrt/install/husarion_components_description:${AMENT_PREFIX_PATH} CMAKE_PREFIX_PATH=/home/sohan/slam_mrt/install/husarion_components_description:/opt/ros/jazzy/opt/gz_sim_vendor:/opt/ros/jazzy/opt/gz_sensors_vendor:/opt/ros/jazzy/opt/gz_physics_vendor:/opt/ros/jazzy/opt/sdformat_vendor:/opt/ros/jazzy/opt/gz_gui_vendor:/opt/ros/jazzy/opt/gz_transport_vendor:/opt/ros/jazzy/opt/gz_rendering_vendor:/opt/ros/jazzy/opt/gz_plugin_vendor:/opt/ros/jazzy/opt/gz_fuel_tools_vendor:/opt/ros/jazzy/opt/gz_msgs_vendor:/opt/ros/jazzy/opt/gz_common_vendor:/opt/ros/jazzy/opt/gz_math_vendor:/opt/ros/jazzy/opt/gz_utils_vendor:/opt/ros/jazzy/opt/gz_tools_vendor:/opt/ros/jazzy/opt/gz_ogre_next_vendor:/opt/ros/jazzy/opt/gz_dartsim_vendor:/opt/ros/jazzy/opt/gz_cmake_vendor:/opt/ros/jazzy DEBUGINFOD_URLS=https://debuginfod.ubuntu.com GAZEBO_MODEL_PATH=/home/sohan/slam_mrt/install/husarion_components_description/share GZ_SIM_RESOURCE_PATH=/home/sohan/slam_mrt/install/husarion_components_description/share:${GZ_SIM_RESOURCE_PATH} IGN_GAZEBO_RESOURCE_PATH=/opt/ros/jazzy/share:/home/sohan/slam_mrt/install/husarion_components_description/share /usr/bin/cmake --build /home/sohan/slam_mrt/build/husarion_ugv_description -- -j32 -l32
[0.940s] DEBUG:colcon.colcon_core.event_handler.log_command:Invoking command in '/home/sohan/slam_mrt/build/husarion_ugv_description': AMENT_PREFIX_PATH=/home/sohan/slam_mrt/install/husarion_components_description:${AMENT_PREFIX_PATH} CMAKE_PREFIX_PATH=/home/sohan/slam_mrt/install/husarion_components_description:/opt/ros/jazzy/opt/gz_sim_vendor:/opt/ros/jazzy/opt/gz_sensors_vendor:/opt/ros/jazzy/opt/gz_physics_vendor:/opt/ros/jazzy/opt/sdformat_vendor:/opt/ros/jazzy/opt/gz_gui_vendor:/opt/ros/jazzy/opt/gz_transport_vendor:/opt/ros/jazzy/opt/gz_rendering_vendor:/opt/ros/jazzy/opt/gz_plugin_vendor:/opt/ros/jazzy/opt/gz_fuel_tools_vendor:/opt/ros/jazzy/opt/gz_msgs_vendor:/opt/ros/jazzy/opt/gz_common_vendor:/opt/ros/jazzy/opt/gz_math_vendor:/opt/ros/jazzy/opt/gz_utils_vendor:/opt/ros/jazzy/opt/gz_tools_vendor:/opt/ros/jazzy/opt/gz_ogre_next_vendor:/opt/ros/jazzy/opt/gz_dartsim_vendor:/opt/ros/jazzy/opt/gz_cmake_vendor:/opt/ros/jazzy DEBUGINFOD_URLS=https://debuginfod.ubuntu.com GAZEBO_MODEL_PATH=/home/sohan/slam_mrt/install/husarion_components_description/share GZ_SIM_RESOURCE_PATH=/home/sohan/slam_mrt/install/husarion_components_description/share:${GZ_SIM_RESOURCE_PATH} IGN_GAZEBO_RESOURCE_PATH=/opt/ros/jazzy/share:/home/sohan/slam_mrt/install/husarion_components_description/share /usr/bin/cmake --install /home/sohan/slam_mrt/build/husarion_ugv_description
[0.961s] Level 1:colcon.colcon_core.environment:create_environment_scripts_only(husarion_ugv_description)
[0.961s] Level 1:colcon.colcon_core.environment:checking '/home/sohan/slam_mrt/install/husarion_ugv_description' for CMake module files
[0.962s] DEBUG:colcon.colcon_core.event_handler.log_command:Invoked command in '/home/sohan/slam_mrt/build/husarion_ugv_description' returned '0': AMENT_PREFIX_PATH=/home/sohan/slam_mrt/install/husarion_components_description:${AMENT_PREFIX_PATH} CMAKE_PREFIX_PATH=/home/sohan/slam_mrt/install/husarion_components_description:/opt/ros/jazzy/opt/gz_sim_vendor:/opt/ros/jazzy/opt/gz_sensors_vendor:/opt/ros/jazzy/opt/gz_physics_vendor:/opt/ros/jazzy/opt/sdformat_vendor:/opt/ros/jazzy/opt/gz_gui_vendor:/opt/ros/jazzy/opt/gz_transport_vendor:/opt/ros/jazzy/opt/gz_rendering_vendor:/opt/ros/jazzy/opt/gz_plugin_vendor:/opt/ros/jazzy/opt/gz_fuel_tools_vendor:/opt/ros/jazzy/opt/gz_msgs_vendor:/opt/ros/jazzy/opt/gz_common_vendor:/opt/ros/jazzy/opt/gz_math_vendor:/opt/ros/jazzy/opt/gz_utils_vendor:/opt/ros/jazzy/opt/gz_tools_vendor:/opt/ros/jazzy/opt/gz_ogre_next_vendor:/opt/ros/jazzy/opt/gz_dartsim_vendor:/opt/ros/jazzy/opt/gz_cmake_vendor:/opt/ros/jazzy DEBUGINFOD_URLS=https://debuginfod.ubuntu.com GAZEBO_MODEL_PATH=/home/sohan/slam_mrt/install/husarion_components_description/share GZ_SIM_RESOURCE_PATH=/home/sohan/slam_mrt/install/husarion_components_description/share:${GZ_SIM_RESOURCE_PATH} IGN_GAZEBO_RESOURCE_PATH=/opt/ros/jazzy/share:/home/sohan/slam_mrt/install/husarion_components_description/share /usr/bin/cmake --install /home/sohan/slam_mrt/build/husarion_ugv_description
[0.962s] Level 1:colcon.colcon_core.environment:checking '/home/sohan/slam_mrt/install/husarion_ugv_description' for CMake config files
[0.962s] Level 1:colcon.colcon_core.shell:create_environment_hook('husarion_ugv_description', 'cmake_prefix_path')
[0.962s] INFO:colcon.colcon_core.shell:Creating environment hook '/home/sohan/slam_mrt/install/husarion_ugv_description/share/husarion_ugv_description/hook/cmake_prefix_path.ps1'
[0.963s] INFO:colcon.colcon_core.shell:Creating environment descriptor '/home/sohan/slam_mrt/install/husarion_ugv_description/share/husarion_ugv_description/hook/cmake_prefix_path.dsv'
[0.964s] INFO:colcon.colcon_core.shell:Creating environment hook '/home/sohan/slam_mrt/install/husarion_ugv_description/share/husarion_ugv_description/hook/cmake_prefix_path.sh'
[0.964s] Level 1:colcon.colcon_core.environment:checking '/home/sohan/slam_mrt/install/husarion_ugv_description/bin'
[0.964s] Level 1:colcon.colcon_core.environment:checking '/home/sohan/slam_mrt/install/husarion_ugv_description/lib/pkgconfig/husarion_ugv_description.pc'
[0.964s] Level 1:colcon.colcon_core.environment:checking '/home/sohan/slam_mrt/install/husarion_ugv_description/lib/python3.12/site-packages'
[0.965s] Level 1:colcon.colcon_core.environment:checking '/home/sohan/slam_mrt/install/husarion_ugv_description/bin'
[0.965s] INFO:colcon.colcon_core.shell:Creating package script '/home/sohan/slam_mrt/install/husarion_ugv_description/share/husarion_ugv_description/package.ps1'
[0.965s] INFO:colcon.colcon_core.shell:Creating package descriptor '/home/sohan/slam_mrt/install/husarion_ugv_description/share/husarion_ugv_description/package.dsv'
[0.965s] INFO:colcon.colcon_core.shell:Creating package script '/home/sohan/slam_mrt/install/husarion_ugv_description/share/husarion_ugv_description/package.sh'
[0.965s] INFO:colcon.colcon_core.shell:Creating package script '/home/sohan/slam_mrt/install/husarion_ugv_description/share/husarion_ugv_description/package.bash'
[0.966s] INFO:colcon.colcon_core.shell:Creating package script '/home/sohan/slam_mrt/install/husarion_ugv_description/share/husarion_ugv_description/package.zsh'
[0.966s] Level 1:colcon.colcon_core.environment:create_file_with_runtime_dependencies(/home/sohan/slam_mrt/install/husarion_ugv_description/share/colcon-core/packages/husarion_ugv_description)
[0.966s] Level 1:colcon.colcon_core.environment:create_environment_scripts_only(husarion_ugv_description)
[0.966s] Level 1:colcon.colcon_core.environment:checking '/home/sohan/slam_mrt/install/husarion_ugv_description' for CMake module files
[0.967s] Level 1:colcon.colcon_core.environment:checking '/home/sohan/slam_mrt/install/husarion_ugv_description' for CMake config files
[0.967s] Level 1:colcon.colcon_core.shell:create_environment_hook('husarion_ugv_description', 'cmake_prefix_path')
[0.967s] INFO:colcon.colcon_core.shell:Creating environment hook '/home/sohan/slam_mrt/install/husarion_ugv_description/share/husarion_ugv_description/hook/cmake_prefix_path.ps1'
[0.967s] INFO:colcon.colcon_core.shell:Creating environment descriptor '/home/sohan/slam_mrt/install/husarion_ugv_description/share/husarion_ugv_description/hook/cmake_prefix_path.dsv'
[0.967s] INFO:colcon.colcon_core.shell:Creating environment hook '/home/sohan/slam_mrt/install/husarion_ugv_description/share/husarion_ugv_description/hook/cmake_prefix_path.sh'
[0.968s] Level 1:colcon.colcon_core.environment:checking '/home/sohan/slam_mrt/install/husarion_ugv_description/bin'
[0.968s] Level 1:colcon.colcon_core.environment:checking '/home/sohan/slam_mrt/install/husarion_ugv_description/lib/pkgconfig/husarion_ugv_description.pc'
[0.968s] Level 1:colcon.colcon_core.environment:checking '/home/sohan/slam_mrt/install/husarion_ugv_description/lib/python3.12/site-packages'
[0.968s] Level 1:colcon.colcon_core.environment:checking '/home/sohan/slam_mrt/install/husarion_ugv_description/bin'
[0.968s] INFO:colcon.colcon_core.shell:Creating package script '/home/sohan/slam_mrt/install/husarion_ugv_description/share/husarion_ugv_description/package.ps1'
[0.969s] INFO:colcon.colcon_core.shell:Creating package descriptor '/home/sohan/slam_mrt/install/husarion_ugv_description/share/husarion_ugv_description/package.dsv'
[0.969s] INFO:colcon.colcon_core.shell:Creating package script '/home/sohan/slam_mrt/install/husarion_ugv_description/share/husarion_ugv_description/package.sh'
[0.969s] INFO:colcon.colcon_core.shell:Creating package script '/home/sohan/slam_mrt/install/husarion_ugv_description/share/husarion_ugv_description/package.bash'
[0.969s] INFO:colcon.colcon_core.shell:Creating package script '/home/sohan/slam_mrt/install/husarion_ugv_description/share/husarion_ugv_description/package.zsh'
[0.969s] Level 1:colcon.colcon_core.environment:create_file_with_runtime_dependencies(/home/sohan/slam_mrt/install/husarion_ugv_description/share/colcon-core/packages/husarion_ugv_description)
[0.969s] INFO:colcon.colcon_ros.task.ament_cmake.build:Building ROS package in '/home/sohan/slam_mrt/husarion_ugv_controller' with build type 'ament_cmake'
[0.970s] INFO:colcon.colcon_cmake.task.cmake.build:Building CMake package in '/home/sohan/slam_mrt/husarion_ugv_controller'
[0.970s] INFO:colcon.colcon_core.shell:Skip shell extension 'powershell' for command environment: Not usable outside of PowerShell
[0.970s] DEBUG:colcon.colcon_core.shell:Skip shell extension 'dsv' for command environment
[0.977s] DEBUG:colcon.colcon_core.event_handler.log_command:Invoking command in '/home/sohan/slam_mrt/build/husarion_ugv_controller': AMENT_PREFIX_PATH=/home/sohan/slam_mrt/install/husarion_ugv_description:/home/sohan/slam_mrt/install/husarion_components_description:${AMENT_PREFIX_PATH} CMAKE_PREFIX_PATH=/home/sohan/slam_mrt/install/husarion_ugv_description:/home/sohan/slam_mrt/install/husarion_components_description:/opt/ros/jazzy/opt/gz_sim_vendor:/opt/ros/jazzy/opt/gz_sensors_vendor:/opt/ros/jazzy/opt/gz_physics_vendor:/opt/ros/jazzy/opt/sdformat_vendor:/opt/ros/jazzy/opt/gz_gui_vendor:/opt/ros/jazzy/opt/gz_transport_vendor:/opt/ros/jazzy/opt/gz_rendering_vendor:/opt/ros/jazzy/opt/gz_plugin_vendor:/opt/ros/jazzy/opt/gz_fuel_tools_vendor:/opt/ros/jazzy/opt/gz_msgs_vendor:/opt/ros/jazzy/opt/gz_common_vendor:/opt/ros/jazzy/opt/gz_math_vendor:/opt/ros/jazzy/opt/gz_utils_vendor:/opt/ros/jazzy/opt/gz_tools_vendor:/opt/ros/jazzy/opt/gz_ogre_next_vendor:/opt/ros/jazzy/opt/gz_dartsim_vendor:/opt/ros/jazzy/opt/gz_cmake_vendor:/opt/ros/jazzy DEBUGINFOD_URLS=https://debuginfod.ubuntu.com GAZEBO_MODEL_PATH=/home/sohan/slam_mrt/install/husarion_ugv_description/share:/home/sohan/slam_mrt/install/husarion_components_description/share GZ_SIM_RESOURCE_PATH=/home/sohan/slam_mrt/install/husarion_ugv_description/share:/home/sohan/slam_mrt/install/husarion_components_description/share:${GZ_SIM_RESOURCE_PATH} IGN_GAZEBO_RESOURCE_PATH=/home/sohan/slam_mrt/install/husarion_ugv_description/share:/opt/ros/jazzy/share:/home/sohan/slam_mrt/install/husarion_components_description/share /usr/bin/cmake --build /home/sohan/slam_mrt/build/husarion_ugv_controller -- -j32 -l32
[1.005s] DEBUG:colcon.colcon_core.event_handler.log_command:Invoked command in '/home/sohan/slam_mrt/build/husarion_ugv_controller' returned '0': AMENT_PREFIX_PATH=/home/sohan/slam_mrt/install/husarion_ugv_description:/home/sohan/slam_mrt/install/husarion_components_description:${AMENT_PREFIX_PATH} CMAKE_PREFIX_PATH=/home/sohan/slam_mrt/install/husarion_ugv_description:/home/sohan/slam_mrt/install/husarion_components_description:/opt/ros/jazzy/opt/gz_sim_vendor:/opt/ros/jazzy/opt/gz_sensors_vendor:/opt/ros/jazzy/opt/gz_physics_vendor:/opt/ros/jazzy/opt/sdformat_vendor:/opt/ros/jazzy/opt/gz_gui_vendor:/opt/ros/jazzy/opt/gz_transport_vendor:/opt/ros/jazzy/opt/gz_rendering_vendor:/opt/ros/jazzy/opt/gz_plugin_vendor:/opt/ros/jazzy/opt/gz_fuel_tools_vendor:/opt/ros/jazzy/opt/gz_msgs_vendor:/opt/ros/jazzy/opt/gz_common_vendor:/opt/ros/jazzy/opt/gz_math_vendor:/opt/ros/jazzy/opt/gz_utils_vendor:/opt/ros/jazzy/opt/gz_tools_vendor:/opt/ros/jazzy/opt/gz_ogre_next_vendor:/opt/ros/jazzy/opt/gz_dartsim_vendor:/opt/ros/jazzy/opt/gz_cmake_vendor:/opt/ros/jazzy DEBUGINFOD_URLS=https://debuginfod.ubuntu.com GAZEBO_MODEL_PATH=/home/sohan/slam_mrt/install/husarion_ugv_description/share:/home/sohan/slam_mrt/install/husarion_components_description/share GZ_SIM_RESOURCE_PATH=/home/sohan/slam_mrt/install/husarion_ugv_description/share:/home/sohan/slam_mrt/install/husarion_components_description/share:${GZ_SIM_RESOURCE_PATH} IGN_GAZEBO_RESOURCE_PATH=/home/sohan/slam_mrt/install/husarion_ugv_description/share:/opt/ros/jazzy/share:/home/sohan/slam_mrt/install/husarion_components_description/share /usr/bin/cmake --build /home/sohan/slam_mrt/build/husarion_ugv_controller -- -j32 -l32
[1.006s] DEBUG:colcon.colcon_core.event_handler.log_command:Invoking command in '/home/sohan/slam_mrt/build/husarion_ugv_controller': AMENT_PREFIX_PATH=/home/sohan/slam_mrt/install/husarion_ugv_description:/home/sohan/slam_mrt/install/husarion_components_description:${AMENT_PREFIX_PATH} CMAKE_PREFIX_PATH=/home/sohan/slam_mrt/install/husarion_ugv_description:/home/sohan/slam_mrt/install/husarion_components_description:/opt/ros/jazzy/opt/gz_sim_vendor:/opt/ros/jazzy/opt/gz_sensors_vendor:/opt/ros/jazzy/opt/gz_physics_vendor:/opt/ros/jazzy/opt/sdformat_vendor:/opt/ros/jazzy/opt/gz_gui_vendor:/opt/ros/jazzy/opt/gz_transport_vendor:/opt/ros/jazzy/opt/gz_rendering_vendor:/opt/ros/jazzy/opt/gz_plugin_vendor:/opt/ros/jazzy/opt/gz_fuel_tools_vendor:/opt/ros/jazzy/opt/gz_msgs_vendor:/opt/ros/jazzy/opt/gz_common_vendor:/opt/ros/jazzy/opt/gz_math_vendor:/opt/ros/jazzy/opt/gz_utils_vendor:/opt/ros/jazzy/opt/gz_tools_vendor:/opt/ros/jazzy/opt/gz_ogre_next_vendor:/opt/ros/jazzy/opt/gz_dartsim_vendor:/opt/ros/jazzy/opt/gz_cmake_vendor:/opt/ros/jazzy DEBUGINFOD_URLS=https://debuginfod.ubuntu.com GAZEBO_MODEL_PATH=/home/sohan/slam_mrt/install/husarion_ugv_description/share:/home/sohan/slam_mrt/install/husarion_components_description/share GZ_SIM_RESOURCE_PATH=/home/sohan/slam_mrt/install/husarion_ugv_description/share:/home/sohan/slam_mrt/install/husarion_components_description/share:${GZ_SIM_RESOURCE_PATH} IGN_GAZEBO_RESOURCE_PATH=/home/sohan/slam_mrt/install/husarion_ugv_description/share:/opt/ros/jazzy/share:/home/sohan/slam_mrt/install/husarion_components_description/share /usr/bin/cmake --install /home/sohan/slam_mrt/build/husarion_ugv_controller
[1.025s] Level 1:colcon.colcon_core.environment:create_environment_scripts_only(husarion_ugv_controller)
[1.025s] Level 1:colcon.colcon_core.environment:checking '/home/sohan/slam_mrt/install/husarion_ugv_controller' for CMake module files
[1.026s] DEBUG:colcon.colcon_core.event_handler.log_command:Invoked command in '/home/sohan/slam_mrt/build/husarion_ugv_controller' returned '0': AMENT_PREFIX_PATH=/home/sohan/slam_mrt/install/husarion_ugv_description:/home/sohan/slam_mrt/install/husarion_components_description:${AMENT_PREFIX_PATH} CMAKE_PREFIX_PATH=/home/sohan/slam_mrt/install/husarion_ugv_description:/home/sohan/slam_mrt/install/husarion_components_description:/opt/ros/jazzy/opt/gz_sim_vendor:/opt/ros/jazzy/opt/gz_sensors_vendor:/opt/ros/jazzy/opt/gz_physics_vendor:/opt/ros/jazzy/opt/sdformat_vendor:/opt/ros/jazzy/opt/gz_gui_vendor:/opt/ros/jazzy/opt/gz_transport_vendor:/opt/ros/jazzy/opt/gz_rendering_vendor:/opt/ros/jazzy/opt/gz_plugin_vendor:/opt/ros/jazzy/opt/gz_fuel_tools_vendor:/opt/ros/jazzy/opt/gz_msgs_vendor:/opt/ros/jazzy/opt/gz_common_vendor:/opt/ros/jazzy/opt/gz_math_vendor:/opt/ros/jazzy/opt/gz_utils_vendor:/opt/ros/jazzy/opt/gz_tools_vendor:/opt/ros/jazzy/opt/gz_ogre_next_vendor:/opt/ros/jazzy/opt/gz_dartsim_vendor:/opt/ros/jazzy/opt/gz_cmake_vendor:/opt/ros/jazzy DEBUGINFOD_URLS=https://debuginfod.ubuntu.com GAZEBO_MODEL_PATH=/home/sohan/slam_mrt/install/husarion_ugv_description/share:/home/sohan/slam_mrt/install/husarion_components_description/share GZ_SIM_RESOURCE_PATH=/home/sohan/slam_mrt/install/husarion_ugv_description/share:/home/sohan/slam_mrt/install/husarion_components_description/share:${GZ_SIM_RESOURCE_PATH} IGN_GAZEBO_RESOURCE_PATH=/home/sohan/slam_mrt/install/husarion_ugv_description/share:/opt/ros/jazzy/share:/home/sohan/slam_mrt/install/husarion_components_description/share /usr/bin/cmake --install /home/sohan/slam_mrt/build/husarion_ugv_controller
[1.026s] Level 1:colcon.colcon_core.environment:checking '/home/sohan/slam_mrt/install/husarion_ugv_controller' for CMake config files
[1.027s] Level 1:colcon.colcon_core.shell:create_environment_hook('husarion_ugv_controller', 'cmake_prefix_path')
[1.027s] INFO:colcon.colcon_core.shell:Creating environment hook '/home/sohan/slam_mrt/install/husarion_ugv_controller/share/husarion_ugv_controller/hook/cmake_prefix_path.ps1'
[1.027s] INFO:colcon.colcon_core.shell:Creating environment descriptor '/home/sohan/slam_mrt/install/husarion_ugv_controller/share/husarion_ugv_controller/hook/cmake_prefix_path.dsv'
[1.028s] INFO:colcon.colcon_core.shell:Creating environment hook '/home/sohan/slam_mrt/install/husarion_ugv_controller/share/husarion_ugv_controller/hook/cmake_prefix_path.sh'
[1.028s] Level 1:colcon.colcon_core.environment:checking '/home/sohan/slam_mrt/install/husarion_ugv_controller/bin'
[1.028s] Level 1:colcon.colcon_core.environment:checking '/home/sohan/slam_mrt/install/husarion_ugv_controller/lib/pkgconfig/husarion_ugv_controller.pc'
[1.028s] Level 1:colcon.colcon_core.environment:checking '/home/sohan/slam_mrt/install/husarion_ugv_controller/lib/python3.12/site-packages'
[1.028s] Level 1:colcon.colcon_core.environment:checking '/home/sohan/slam_mrt/install/husarion_ugv_controller/bin'
[1.029s] INFO:colcon.colcon_core.shell:Creating package script '/home/sohan/slam_mrt/install/husarion_ugv_controller/share/husarion_ugv_controller/package.ps1'
[1.029s] INFO:colcon.colcon_core.shell:Creating package descriptor '/home/sohan/slam_mrt/install/husarion_ugv_controller/share/husarion_ugv_controller/package.dsv'
[1.029s] INFO:colcon.colcon_core.shell:Creating package script '/home/sohan/slam_mrt/install/husarion_ugv_controller/share/husarion_ugv_controller/package.sh'
[1.029s] INFO:colcon.colcon_core.shell:Creating package script '/home/sohan/slam_mrt/install/husarion_ugv_controller/share/husarion_ugv_controller/package.bash'
[1.029s] INFO:colcon.colcon_core.shell:Creating package script '/home/sohan/slam_mrt/install/husarion_ugv_controller/share/husarion_ugv_controller/package.zsh'
[1.030s] Level 1:colcon.colcon_core.environment:create_file_with_runtime_dependencies(/home/sohan/slam_mrt/install/husarion_ugv_controller/share/colcon-core/packages/husarion_ugv_controller)
[1.030s] Level 1:colcon.colcon_core.environment:create_environment_scripts_only(husarion_ugv_controller)
[1.030s] Level 1:colcon.colcon_core.environment:checking '/home/sohan/slam_mrt/install/husarion_ugv_controller' for CMake module files
[1.031s] Level 1:colcon.colcon_core.environment:checking '/home/sohan/slam_mrt/install/husarion_ugv_controller' for CMake config files
[1.031s] Level 1:colcon.colcon_core.shell:create_environment_hook('husarion_ugv_controller', 'cmake_prefix_path')
[1.031s] INFO:colcon.colcon_core.shell:Creating environment hook '/home/sohan/slam_mrt/install/husarion_ugv_controller/share/husarion_ugv_controller/hook/cmake_prefix_path.ps1'
[1.031s] INFO:colcon.colcon_core.shell:Creating environment descriptor '/home/sohan/slam_mrt/install/husarion_ugv_controller/share/husarion_ugv_controller/hook/cmake_prefix_path.dsv'
[1.031s] INFO:colcon.colcon_core.shell:Creating environment hook '/home/sohan/slam_mrt/install/husarion_ugv_controller/share/husarion_ugv_controller/hook/cmake_prefix_path.sh'
[1.032s] Level 1:colcon.colcon_core.environment:checking '/home/sohan/slam_mrt/install/husarion_ugv_controller/bin'
[1.032s] Level 1:colcon.colcon_core.environment:checking '/home/sohan/slam_mrt/install/husarion_ugv_controller/lib/pkgconfig/husarion_ugv_controller.pc'
[1.032s] Level 1:colcon.colcon_core.environment:checking '/home/sohan/slam_mrt/install/husarion_ugv_controller/lib/python3.12/site-packages'
[1.033s] Level 1:colcon.colcon_core.environment:checking '/home/sohan/slam_mrt/install/husarion_ugv_controller/bin'
[1.033s] INFO:colcon.colcon_core.shell:Creating package script '/home/sohan/slam_mrt/install/husarion_ugv_controller/share/husarion_ugv_controller/package.ps1'
[1.033s] INFO:colcon.colcon_core.shell:Creating package descriptor '/home/sohan/slam_mrt/install/husarion_ugv_controller/share/husarion_ugv_controller/package.dsv'
[1.034s] INFO:colcon.colcon_core.shell:Creating package script '/home/sohan/slam_mrt/install/husarion_ugv_controller/share/husarion_ugv_controller/package.sh'
[1.034s] INFO:colcon.colcon_core.shell:Creating package script '/home/sohan/slam_mrt/install/husarion_ugv_controller/share/husarion_ugv_controller/package.bash'
[1.034s] INFO:colcon.colcon_core.shell:Creating package script '/home/sohan/slam_mrt/install/husarion_ugv_controller/share/husarion_ugv_controller/package.zsh'
[1.034s] Level 1:colcon.colcon_core.environment:create_file_with_runtime_dependencies(/home/sohan/slam_mrt/install/husarion_ugv_controller/share/colcon-core/packages/husarion_ugv_controller)
[1.378s] DEBUG:colcon.colcon_core.task.python.build:Available setuptools commands: install, install_lib, check, install_egg_info, clean, test, install_scripts, setopt, build_scripts, build_ext, rotate, bdist_rpm, extract_messages, sdist, easy_install, bdist_egg, update_catalog, egg_info, upload_docs, register, bdist_dumb, install_data, build_clib, compile_catalog, install_headers, bdist, dist_info, editable_wheel, develop, build_py, bdist_wheel, saveopts, init_catalog, alias, upload, symlink_data, build
[1.379s] DEBUG:colcon.colcon_core.task.python.build:Available setuptools commands: install, install_lib, check, install_egg_info, clean, test, install_scripts, setopt, build_scripts, build_ext, rotate, bdist_rpm, extract_messages, sdist, easy_install, bdist_egg, update_catalog, egg_info, upload_docs, register, bdist_dumb, install_data, build_clib, compile_catalog, install_headers, bdist, dist_info, editable_wheel, develop, build_py, bdist_wheel, saveopts, init_catalog, alias, upload, symlink_data, build
[1.379s] DEBUG:colcon.colcon_core.task.python.build:Available setuptools commands: install, install_lib, check, install_egg_info, clean, test, install_scripts, setopt, build_scripts, build_ext, rotate, bdist_rpm, extract_messages, sdist, easy_install, bdist_egg, update_catalog, egg_info, upload_docs, register, bdist_dumb, install_data, build_clib, compile_catalog, install_headers, bdist, dist_info, editable_wheel, develop, build_py, bdist_wheel, saveopts, init_catalog, alias, upload, symlink_data, build
[1.387s] DEBUG:colcon.colcon_core.task.python.build:Available setuptools commands: install, install_lib, check, install_egg_info, clean, test, install_scripts, setopt, build_scripts, build_ext, rotate, bdist_rpm, extract_messages, sdist, easy_install, bdist_egg, update_catalog, egg_info, upload_docs, register, bdist_dumb, install_data, build_clib, compile_catalog, install_headers, bdist, dist_info, editable_wheel, develop, build_py, bdist_wheel, saveopts, init_catalog, alias, upload, symlink_data, build
[1.579s] DEBUG:colcon.colcon_core.task.python.build:Available setuptools 'develop' options: --build-directory, --zip-ok, --uninstall, --install-dir, --user, --no-find-links, --site-dirs, --egg-path, --help, --index-url, --local-snapshots-ok, --no-user-cfg, --always-unzip, --quiet, --find-links, --optimize, --multi-version, --exclude-scripts, --verbose, --force-installation-into-system-dir, --allow-hosts, --always-copy, --record, --prefix, --upgrade, --no-deps, --version, --editable, --script-dir, --dry-run, --install-layout
[1.582s] DEBUG:colcon.colcon_core.event_handler.log_command:Invoking command in '/home/sohan/slam_mrt/build/ekf_assgn': DEBUGINFOD_URLS=https://debuginfod.ubuntu.com PYTHONPATH=/home/sohan/slam_mrt/build/ekf_assgn/prefix_override:/usr/lib/python3/dist-packages/colcon_core/task/python/colcon_distutils_commands:/home/sohan/slam_mrt/install/ekf_assgn/lib/python3.12/site-packages:${PYTHONPATH} /usr/bin/python3 -W ignore:setup.py install is deprecated -W ignore:easy_install command is deprecated setup.py develop --editable --build-directory /home/sohan/slam_mrt/build/ekf_assgn/build --no-deps symlink_data
[1.583s] DEBUG:colcon.colcon_core.task.python.build:Available setuptools 'develop' options: --build-directory, --zip-ok, --uninstall, --install-dir, --user, --no-find-links, --site-dirs, --egg-path, --help, --index-url, --local-snapshots-ok, --no-user-cfg, --always-unzip, --quiet, --find-links, --optimize, --multi-version, --exclude-scripts, --verbose, --force-installation-into-system-dir, --allow-hosts, --always-copy, --record, --prefix, --upgrade, --no-deps, --version, --editable, --script-dir, --dry-run, --install-layout
[1.597s] DEBUG:colcon.colcon_core.event_handler.log_command:Invoking command in '/home/sohan/slam_mrt/build/rover_gazebosim': DEBUGINFOD_URLS=https://debuginfod.ubuntu.com PYTHONPATH=/home/sohan/slam_mrt/build/rover_gazebosim/prefix_override:/usr/lib/python3/dist-packages/colcon_core/task/python/colcon_distutils_commands:/home/sohan/slam_mrt/install/rover_gazebosim/lib/python3.12/site-packages:${PYTHONPATH} /usr/bin/python3 -W ignore:setup.py install is deprecated -W ignore:easy_install command is deprecated setup.py develop --editable --build-directory /home/sohan/slam_mrt/build/rover_gazebosim/build --no-deps symlink_data
[1.599s] DEBUG:colcon.colcon_core.task.python.build:Available setuptools 'develop' options: --build-directory, --zip-ok, --uninstall, --install-dir, --user, --no-find-links, --site-dirs, --egg-path, --help, --index-url, --local-snapshots-ok, --no-user-cfg, --always-unzip, --quiet, --find-links, --optimize, --multi-version, --exclude-scripts, --verbose, --force-installation-into-system-dir, --allow-hosts, --always-copy, --record, --prefix, --upgrade, --no-deps, --version, --editable, --script-dir, --dry-run, --install-layout
[1.600s] DEBUG:colcon.colcon_core.event_handler.log_command:Invoking command in '/home/sohan/slam_mrt/build/ekf_dummy_pkg': DEBUGINFOD_URLS=https://debuginfod.ubuntu.com PYTHONPATH=/home/sohan/slam_mrt/build/ekf_dummy_pkg/prefix_override:/usr/lib/python3/dist-packages/colcon_core/task/python/colcon_distutils_commands:/home/sohan/slam_mrt/install/ekf_dummy_pkg/lib/python3.12/site-packages:${PYTHONPATH} /usr/bin/python3 -W ignore:setup.py install is deprecated -W ignore:easy_install command is deprecated setup.py develop --editable --build-directory /home/sohan/slam_mrt/build/ekf_dummy_pkg/build --no-deps symlink_data
[1.600s] DEBUG:colcon.colcon_core.task.python.build:Available setuptools 'develop' options: --build-directory, --zip-ok, --uninstall, --install-dir, --user, --no-find-links, --site-dirs, --egg-path, --help, --index-url, --local-snapshots-ok, --no-user-cfg, --always-unzip, --quiet, --find-links, --optimize, --multi-version, --exclude-scripts, --verbose, --force-installation-into-system-dir, --allow-hosts, --always-copy, --record, --prefix, --upgrade, --no-deps, --version, --editable, --script-dir, --dry-run, --install-layout
[1.601s] DEBUG:colcon.colcon_core.event_handler.log_command:Invoking command in '/home/sohan/slam_mrt/build/rover_ekf': DEBUGINFOD_URLS=https://debuginfod.ubuntu.com PYTHONPATH=/home/sohan/slam_mrt/build/rover_ekf/prefix_override:/usr/lib/python3/dist-packages/colcon_core/task/python/colcon_distutils_commands:/home/sohan/slam_mrt/install/rover_ekf/lib/python3.12/site-packages:${PYTHONPATH} /usr/bin/python3 -W ignore:setup.py install is deprecated -W ignore:easy_install command is deprecated setup.py develop --editable --build-directory /home/sohan/slam_mrt/build/rover_ekf/build --no-deps symlink_data
[1.886s] Level 1:colcon.colcon_core.shell:create_environment_hook('ekf_assgn', 'pythonpath_develop')
[1.887s] INFO:colcon.colcon_core.shell:Creating environment hook '/home/sohan/slam_mrt/build/ekf_assgn/share/ekf_assgn/hook/pythonpath_develop.ps1'
[1.887s] DEBUG:colcon.colcon_core.event_handler.log_command:Invoked command in '/home/sohan/slam_mrt/build/ekf_assgn' returned '0': DEBUGINFOD_URLS=https://debuginfod.ubuntu.com PYTHONPATH=/home/sohan/slam_mrt/build/ekf_assgn/prefix_override:/usr/lib/python3/dist-packages/colcon_core/task/python/colcon_distutils_commands:/home/sohan/slam_mrt/install/ekf_assgn/lib/python3.12/site-packages:${PYTHONPATH} /usr/bin/python3 -W ignore:setup.py install is deprecated -W ignore:easy_install command is deprecated setup.py develop --editable --build-directory /home/sohan/slam_mrt/build/ekf_assgn/build --no-deps symlink_data
[1.887s] INFO:colcon.colcon_core.shell:Creating environment descriptor '/home/sohan/slam_mrt/build/ekf_assgn/share/ekf_assgn/hook/pythonpath_develop.dsv'
[1.888s] INFO:colcon.colcon_core.shell:Creating environment hook '/home/sohan/slam_mrt/build/ekf_assgn/share/ekf_assgn/hook/pythonpath_develop.sh'
[1.888s] Level 1:colcon.colcon_core.environment:checking '/home/sohan/slam_mrt/install/ekf_assgn' for CMake module files
[1.888s] Level 1:colcon.colcon_core.environment:checking '/home/sohan/slam_mrt/install/ekf_assgn' for CMake config files
[1.889s] Level 1:colcon.colcon_core.environment:checking '/home/sohan/slam_mrt/install/ekf_assgn/lib'
[1.889s] Level 1:colcon.colcon_core.environment:checking '/home/sohan/slam_mrt/install/ekf_assgn/bin'
[1.889s] Level 1:colcon.colcon_core.environment:checking '/home/sohan/slam_mrt/install/ekf_assgn/lib/pkgconfig/ekf_assgn.pc'
[1.889s] Level 1:colcon.colcon_core.environment:checking '/home/sohan/slam_mrt/install/ekf_assgn/lib/python3.12/site-packages'
[1.889s] Level 1:colcon.colcon_core.shell:create_environment_hook('ekf_assgn', 'pythonpath')
[1.889s] INFO:colcon.colcon_core.shell:Creating environment hook '/home/sohan/slam_mrt/install/ekf_assgn/share/ekf_assgn/hook/pythonpath.ps1'
[1.889s] INFO:colcon.colcon_core.shell:Creating environment descriptor '/home/sohan/slam_mrt/install/ekf_assgn/share/ekf_assgn/hook/pythonpath.dsv'
[1.889s] INFO:colcon.colcon_core.shell:Creating environment hook '/home/sohan/slam_mrt/install/ekf_assgn/share/ekf_assgn/hook/pythonpath.sh'
[1.890s] Level 1:colcon.colcon_core.environment:checking '/home/sohan/slam_mrt/install/ekf_assgn/bin'
[1.890s] Level 1:colcon.colcon_core.environment:create_environment_scripts_only(ekf_assgn)
[1.890s] INFO:colcon.colcon_core.shell:Creating package script '/home/sohan/slam_mrt/install/ekf_assgn/share/ekf_assgn/package.ps1'
[1.890s] INFO:colcon.colcon_core.shell:Creating package descriptor '/home/sohan/slam_mrt/install/ekf_assgn/share/ekf_assgn/package.dsv'
[1.890s] INFO:colcon.colcon_core.shell:Creating package script '/home/sohan/slam_mrt/install/ekf_assgn/share/ekf_assgn/package.sh'
[1.890s] INFO:colcon.colcon_core.shell:Creating package script '/home/sohan/slam_mrt/install/ekf_assgn/share/ekf_assgn/package.bash'
[1.890s] INFO:colcon.colcon_core.shell:Creating package script '/home/sohan/slam_mrt/install/ekf_assgn/share/ekf_assgn/package.zsh'
[1.891s] Level 1:colcon.colcon_core.environment:create_file_with_runtime_dependencies(/home/sohan/slam_mrt/install/ekf_assgn/share/colcon-core/packages/ekf_assgn)
[1.902s] Level 1:colcon.colcon_core.shell:create_environment_hook('ekf_dummy_pkg', 'pythonpath_develop')
[1.903s] INFO:colcon.colcon_core.shell:Creating environment hook '/home/sohan/slam_mrt/build/ekf_dummy_pkg/share/ekf_dummy_pkg/hook/pythonpath_develop.ps1'
[1.903s] DEBUG:colcon.colcon_core.event_handler.log_command:Invoked command in '/home/sohan/slam_mrt/build/ekf_dummy_pkg' returned '0': DEBUGINFOD_URLS=https://debuginfod.ubuntu.com PYTHONPATH=/home/sohan/slam_mrt/build/ekf_dummy_pkg/prefix_override:/usr/lib/python3/dist-packages/colcon_core/task/python/colcon_distutils_commands:/home/sohan/slam_mrt/install/ekf_dummy_pkg/lib/python3.12/site-packages:${PYTHONPATH} /usr/bin/python3 -W ignore:setup.py install is deprecated -W ignore:easy_install command is deprecated setup.py develop --editable --build-directory /home/sohan/slam_mrt/build/ekf_dummy_pkg/build --no-deps symlink_data
[1.904s] INFO:colcon.colcon_core.shell:Creating environment descriptor '/home/sohan/slam_mrt/build/ekf_dummy_pkg/share/ekf_dummy_pkg/hook/pythonpath_develop.dsv'
[1.904s] INFO:colcon.colcon_core.shell:Creating environment hook '/home/sohan/slam_mrt/build/ekf_dummy_pkg/share/ekf_dummy_pkg/hook/pythonpath_develop.sh'
[1.904s] Level 1:colcon.colcon_core.environment:checking '/home/sohan/slam_mrt/install/ekf_dummy_pkg' for CMake module files
[1.905s] Level 1:colcon.colcon_core.environment:checking '/home/sohan/slam_mrt/install/ekf_dummy_pkg' for CMake config files
[1.905s] Level 1:colcon.colcon_core.environment:checking '/home/sohan/slam_mrt/install/ekf_dummy_pkg/lib'
[1.905s] Level 1:colcon.colcon_core.environment:checking '/home/sohan/slam_mrt/install/ekf_dummy_pkg/bin'
[1.905s] Level 1:colcon.colcon_core.environment:checking '/home/sohan/slam_mrt/install/ekf_dummy_pkg/lib/pkgconfig/ekf_dummy_pkg.pc'
[1.906s] Level 1:colcon.colcon_core.environment:checking '/home/sohan/slam_mrt/install/ekf_dummy_pkg/lib/python3.12/site-packages'
[1.906s] Level 1:colcon.colcon_core.shell:create_environment_hook('ekf_dummy_pkg', 'pythonpath')
[1.906s] INFO:colcon.colcon_core.shell:Creating environment hook '/home/sohan/slam_mrt/install/ekf_dummy_pkg/share/ekf_dummy_pkg/hook/pythonpath.ps1'
[1.906s] INFO:colcon.colcon_core.shell:Creating environment descriptor '/home/sohan/slam_mrt/install/ekf_dummy_pkg/share/ekf_dummy_pkg/hook/pythonpath.dsv'
[1.906s] INFO:colcon.colcon_core.shell:Creating environment hook '/home/sohan/slam_mrt/install/ekf_dummy_pkg/share/ekf_dummy_pkg/hook/pythonpath.sh'
[1.907s] Level 1:colcon.colcon_core.environment:checking '/home/sohan/slam_mrt/install/ekf_dummy_pkg/bin'
[1.907s] Level 1:colcon.colcon_core.environment:create_environment_scripts_only(ekf_dummy_pkg)
[1.907s] INFO:colcon.colcon_core.shell:Creating package script '/home/sohan/slam_mrt/install/ekf_dummy_pkg/share/ekf_dummy_pkg/package.ps1'
[1.907s] INFO:colcon.colcon_core.shell:Creating package descriptor '/home/sohan/slam_mrt/install/ekf_dummy_pkg/share/ekf_dummy_pkg/package.dsv'
[1.907s] INFO:colcon.colcon_core.shell:Creating package script '/home/sohan/slam_mrt/install/ekf_dummy_pkg/share/ekf_dummy_pkg/package.sh'
[1.907s] INFO:colcon.colcon_core.shell:Creating package script '/home/sohan/slam_mrt/install/ekf_dummy_pkg/share/ekf_dummy_pkg/package.bash'
[1.908s] INFO:colcon.colcon_core.shell:Creating package script '/home/sohan/slam_mrt/install/ekf_dummy_pkg/share/ekf_dummy_pkg/package.zsh'
[1.908s] Level 1:colcon.colcon_core.environment:create_file_with_runtime_dependencies(/home/sohan/slam_mrt/install/ekf_dummy_pkg/share/colcon-core/packages/ekf_dummy_pkg)
[1.909s] Level 1:colcon.colcon_core.shell:create_environment_hook('rover_ekf', 'pythonpath_develop')
[1.909s] INFO:colcon.colcon_core.shell:Creating environment hook '/home/sohan/slam_mrt/build/rover_ekf/share/rover_ekf/hook/pythonpath_develop.ps1'
[1.909s] DEBUG:colcon.colcon_core.event_handler.log_command:Invoked command in '/home/sohan/slam_mrt/build/rover_ekf' returned '0': DEBUGINFOD_URLS=https://debuginfod.ubuntu.com PYTHONPATH=/home/sohan/slam_mrt/build/rover_ekf/prefix_override:/usr/lib/python3/dist-packages/colcon_core/task/python/colcon_distutils_commands:/home/sohan/slam_mrt/install/rover_ekf/lib/python3.12/site-packages:${PYTHONPATH} /usr/bin/python3 -W ignore:setup.py install is deprecated -W ignore:easy_install command is deprecated setup.py develop --editable --build-directory /home/sohan/slam_mrt/build/rover_ekf/build --no-deps symlink_data
[1.909s] INFO:colcon.colcon_core.shell:Creating environment descriptor '/home/sohan/slam_mrt/build/rover_ekf/share/rover_ekf/hook/pythonpath_develop.dsv'
[1.909s] INFO:colcon.colcon_core.shell:Creating environment hook '/home/sohan/slam_mrt/build/rover_ekf/share/rover_ekf/hook/pythonpath_develop.sh'
[1.910s] Level 1:colcon.colcon_core.environment:checking '/home/sohan/slam_mrt/install/rover_ekf' for CMake module files
[1.910s] Level 1:colcon.colcon_core.environment:checking '/home/sohan/slam_mrt/install/rover_ekf' for CMake config files
[1.910s] Level 1:colcon.colcon_core.environment:checking '/home/sohan/slam_mrt/install/rover_ekf/lib'
[1.910s] Level 1:colcon.colcon_core.environment:checking '/home/sohan/slam_mrt/install/rover_ekf/bin'
[1.911s] Level 1:colcon.colcon_core.environment:checking '/home/sohan/slam_mrt/install/rover_ekf/lib/pkgconfig/rover_ekf.pc'
[1.911s] Level 1:colcon.colcon_core.environment:checking '/home/sohan/slam_mrt/install/rover_ekf/lib/python3.12/site-packages'
[1.911s] Level 1:colcon.colcon_core.shell:create_environment_hook('rover_ekf', 'pythonpath')
[1.911s] INFO:colcon.colcon_core.shell:Creating environment hook '/home/sohan/slam_mrt/install/rover_ekf/share/rover_ekf/hook/pythonpath.ps1'
[1.911s] INFO:colcon.colcon_core.shell:Creating environment descriptor '/home/sohan/slam_mrt/install/rover_ekf/share/rover_ekf/hook/pythonpath.dsv'
[1.911s] INFO:colcon.colcon_core.shell:Creating environment hook '/home/sohan/slam_mrt/install/rover_ekf/share/rover_ekf/hook/pythonpath.sh'
[1.912s] Level 1:colcon.colcon_core.environment:checking '/home/sohan/slam_mrt/install/rover_ekf/bin'
[1.912s] Level 1:colcon.colcon_core.environment:create_environment_scripts_only(rover_ekf)
[1.912s] INFO:colcon.colcon_core.shell:Creating package script '/home/sohan/slam_mrt/install/rover_ekf/share/rover_ekf/package.ps1'
[1.912s] INFO:colcon.colcon_core.shell:Creating package descriptor '/home/sohan/slam_mrt/install/rover_ekf/share/rover_ekf/package.dsv'
[1.912s] INFO:colcon.colcon_core.shell:Creating package script '/home/sohan/slam_mrt/install/rover_ekf/share/rover_ekf/package.sh'
[1.913s] INFO:colcon.colcon_core.shell:Creating package script '/home/sohan/slam_mrt/install/rover_ekf/share/rover_ekf/package.bash'
[1.913s] INFO:colcon.colcon_core.shell:Creating package script '/home/sohan/slam_mrt/install/rover_ekf/share/rover_ekf/package.zsh'
[1.913s] Level 1:colcon.colcon_core.environment:create_file_with_runtime_dependencies(/home/sohan/slam_mrt/install/rover_ekf/share/colcon-core/packages/rover_ekf)
[1.926s] Level 1:colcon.colcon_core.shell:create_environment_hook('rover_gazebosim', 'pythonpath_develop')
[1.926s] INFO:colcon.colcon_core.shell:Creating environment hook '/home/sohan/slam_mrt/build/rover_gazebosim/share/rover_gazebosim/hook/pythonpath_develop.ps1'
[1.926s] DEBUG:colcon.colcon_core.event_handler.log_command:Invoked command in '/home/sohan/slam_mrt/build/rover_gazebosim' returned '0': DEBUGINFOD_URLS=https://debuginfod.ubuntu.com PYTHONPATH=/home/sohan/slam_mrt/build/rover_gazebosim/prefix_override:/usr/lib/python3/dist-packages/colcon_core/task/python/colcon_distutils_commands:/home/sohan/slam_mrt/install/rover_gazebosim/lib/python3.12/site-packages:${PYTHONPATH} /usr/bin/python3 -W ignore:setup.py install is deprecated -W ignore:easy_install command is deprecated setup.py develop --editable --build-directory /home/sohan/slam_mrt/build/rover_gazebosim/build --no-deps symlink_data
[1.927s] INFO:colcon.colcon_core.shell:Creating environment descriptor '/home/sohan/slam_mrt/build/rover_gazebosim/share/rover_gazebosim/hook/pythonpath_develop.dsv'
[1.927s] INFO:colcon.colcon_core.shell:Creating environment hook '/home/sohan/slam_mrt/build/rover_gazebosim/share/rover_gazebosim/hook/pythonpath_develop.sh'
[1.927s] Level 1:colcon.colcon_core.environment:checking '/home/sohan/slam_mrt/install/rover_gazebosim' for CMake module files
[1.928s] Level 1:colcon.colcon_core.environment:checking '/home/sohan/slam_mrt/install/rover_gazebosim' for CMake config files
[1.929s] Level 1:colcon.colcon_core.environment:checking '/home/sohan/slam_mrt/install/rover_gazebosim/lib'
[1.929s] Level 1:colcon.colcon_core.environment:checking '/home/sohan/slam_mrt/install/rover_gazebosim/bin'
[1.929s] Level 1:colcon.colcon_core.environment:checking '/home/sohan/slam_mrt/install/rover_gazebosim/lib/pkgconfig/rover_gazebosim.pc'
[1.930s] Level 1:colcon.colcon_core.environment:checking '/home/sohan/slam_mrt/install/rover_gazebosim/lib/python3.12/site-packages'
[1.930s] Level 1:colcon.colcon_core.shell:create_environment_hook('rover_gazebosim', 'pythonpath')
[1.930s] INFO:colcon.colcon_core.shell:Creating environment hook '/home/sohan/slam_mrt/install/rover_gazebosim/share/rover_gazebosim/hook/pythonpath.ps1'
[1.930s] INFO:colcon.colcon_core.shell:Creating environment descriptor '/home/sohan/slam_mrt/install/rover_gazebosim/share/rover_gazebosim/hook/pythonpath.dsv'
[1.930s] INFO:colcon.colcon_core.shell:Creating environment hook '/home/sohan/slam_mrt/install/rover_gazebosim/share/rover_gazebosim/hook/pythonpath.sh'
[1.930s] Level 1:colcon.colcon_core.environment:checking '/home/sohan/slam_mrt/install/rover_gazebosim/bin'
[1.930s] Level 1:colcon.colcon_core.environment:create_environment_scripts_only(rover_gazebosim)
[1.931s] INFO:colcon.colcon_core.shell:Creating package script '/home/sohan/slam_mrt/install/rover_gazebosim/share/rover_gazebosim/package.ps1'
[1.931s] INFO:colcon.colcon_core.shell:Creating package descriptor '/home/sohan/slam_mrt/install/rover_gazebosim/share/rover_gazebosim/package.dsv'
[1.931s] INFO:colcon.colcon_core.shell:Creating package script '/home/sohan/slam_mrt/install/rover_gazebosim/share/rover_gazebosim/package.sh'
[1.931s] INFO:colcon.colcon_core.shell:Creating package script '/home/sohan/slam_mrt/install/rover_gazebosim/share/rover_gazebosim/package.bash'
[1.931s] INFO:colcon.colcon_core.shell:Creating package script '/home/sohan/slam_mrt/install/rover_gazebosim/share/rover_gazebosim/package.zsh'
[1.931s] Level 1:colcon.colcon_core.environment:create_file_with_runtime_dependencies(/home/sohan/slam_mrt/install/rover_gazebosim/share/colcon-core/packages/rover_gazebosim)
[1.932s] DEBUG:colcon.colcon_parallel_executor.executor.parallel:closing loop
[1.932s] DEBUG:colcon.colcon_parallel_executor.executor.parallel:loop closed
[1.932s] DEBUG:colcon.colcon_parallel_executor.executor.parallel:run_until_complete finished with '0'
[1.932s] DEBUG:colcon.colcon_core.event_reactor:joining thread
[1.940s] INFO:colcon.colcon_core.plugin_system:Skipping extension 'colcon_notification.desktop_notification.terminal_notifier': Not used on non-Darwin systems
[1.940s] INFO:colcon.colcon_core.plugin_system:Skipping extension 'colcon_notification.desktop_notification.win32': Not used on non-Windows systems
[1.940s] INFO:colcon.colcon_notification.desktop_notification:Sending desktop notification using 'notify2'
[1.963s] DEBUG:colcon.colcon_core.event_reactor:joined thread
[1.963s] INFO:colcon.colcon_core.shell:Creating prefix script '/home/sohan/slam_mrt/install/local_setup.ps1'
[1.964s] INFO:colcon.colcon_core.shell:Creating prefix util module '/home/sohan/slam_mrt/install/_local_setup_util_ps1.py'
[1.965s] INFO:colcon.colcon_core.shell:Creating prefix chain script '/home/sohan/slam_mrt/install/setup.ps1'
[1.965s] INFO:colcon.colcon_core.shell:Creating prefix script '/home/sohan/slam_mrt/install/local_setup.sh'
[1.966s] INFO:colcon.colcon_core.shell:Creating prefix util module '/home/sohan/slam_mrt/install/_local_setup_util_sh.py'
[1.966s] INFO:colcon.colcon_core.shell:Creating prefix chain script '/home/sohan/slam_mrt/install/setup.sh'
[1.966s] INFO:colcon.colcon_core.shell:Creating prefix script '/home/sohan/slam_mrt/install/local_setup.bash'
[1.967s] INFO:colcon.colcon_core.shell:Creating prefix chain script '/home/sohan/slam_mrt/install/setup.bash'
[1.967s] INFO:colcon.colcon_core.shell:Creating prefix script '/home/sohan/slam_mrt/install/local_setup.zsh'
[1.967s] INFO:colcon.colcon_core.shell:Creating prefix chain script '/home/sohan/slam_mrt/install/setup.zsh'
