[0.016s] Invoking command in '/home/sohan/slam_mrt/build/husarion_components_description': CMAKE_PREFIX_PATH=${CMAKE_PREFIX_PATH}:/home/sohan/slam_mrt/install/rover_gazebosim:/home/sohan/slam_mrt/install/rover_ekf:/home/sohan/slam_mrt/install/ekf_dummy_pkg:/home/sohan/slam_mrt/install/ekf_assgn:/home/sohan/ekf_ws/install/rover_gazebosim:/home/sohan/ekf_ws/install/ekf_assgn:/opt/ros/jazzy DEBUGINFOD_URLS=https://debuginfod.ubuntu.com /usr/bin/cmake /home/sohan/slam_mrt/husarion_components_description -DCMAKE_INSTALL_PREFIX=/home/sohan/slam_mrt/install/husarion_components_description
[0.342s] -- The C compiler identification is GNU 13.3.0
[0.342s] -- The CXX compiler identification is GNU 13.3.0
[0.342s] -- Detecting C compiler ABI info
[0.342s] -- Detecting C compiler ABI info - done
[0.342s] -- Check for working C compiler: /usr/bin/cc - skipped
[0.342s] -- Detecting C compile features
[0.342s] -- Detecting C compile features - done
[0.342s] -- Detecting CXX compiler ABI info
[0.342s] -- Detecting CXX compiler ABI info - done
[0.342s] -- Check for working CXX compiler: /usr/bin/c++ - skipped
[0.343s] -- Detecting CXX compile features
[0.343s] -- Detecting CXX compile features - done
[0.343s] -- Found ament_cmake: 2.5.6 (/opt/ros/jazzy/share/ament_cmake/cmake)
[0.343s] -- Found Python3: /usr/bin/python3 (found version "3.12.3") found components: Interpreter 
[0.355s] -- Found ament_cmake_pytest: 2.5.6 (/opt/ros/jazzy/share/ament_cmake_pytest/cmake)
[0.615s] -- Configuring done (0.6s)
[0.617s] -- Generating done (0.0s)
[0.618s] -- Build files have been written to: /home/sohan/slam_mrt/build/husarion_components_description
[0.624s] Invoked command in '/home/sohan/slam_mrt/build/husarion_components_description' returned '0': CMAKE_PREFIX_PATH=${CMAKE_PREFIX_PATH}:/home/sohan/slam_mrt/install/rover_gazebosim:/home/sohan/slam_mrt/install/rover_ekf:/home/sohan/slam_mrt/install/ekf_dummy_pkg:/home/sohan/slam_mrt/install/ekf_assgn:/home/sohan/ekf_ws/install/rover_gazebosim:/home/sohan/ekf_ws/install/ekf_assgn:/opt/ros/jazzy DEBUGINFOD_URLS=https://debuginfod.ubuntu.com /usr/bin/cmake /home/sohan/slam_mrt/husarion_components_description -DCMAKE_INSTALL_PREFIX=/home/sohan/slam_mrt/install/husarion_components_description
[0.624s] Invoking command in '/home/sohan/slam_mrt/build/husarion_components_description': CMAKE_PREFIX_PATH=${CMAKE_PREFIX_PATH}:/home/sohan/slam_mrt/install/rover_gazebosim:/home/sohan/slam_mrt/install/rover_ekf:/home/sohan/slam_mrt/install/ekf_dummy_pkg:/home/sohan/slam_mrt/install/ekf_assgn:/home/sohan/ekf_ws/install/rover_gazebosim:/home/sohan/ekf_ws/install/ekf_assgn:/opt/ros/jazzy DEBUGINFOD_URLS=https://debuginfod.ubuntu.com /usr/bin/cmake --build /home/sohan/slam_mrt/build/husarion_components_description -- -j32 -l32
[0.647s] Invoked command in '/home/sohan/slam_mrt/build/husarion_components_description' returned '0': CMAKE_PREFIX_PATH=${CMAKE_PREFIX_PATH}:/home/sohan/slam_mrt/install/rover_gazebosim:/home/sohan/slam_mrt/install/rover_ekf:/home/sohan/slam_mrt/install/ekf_dummy_pkg:/home/sohan/slam_mrt/install/ekf_assgn:/home/sohan/ekf_ws/install/rover_gazebosim:/home/sohan/ekf_ws/install/ekf_assgn:/opt/ros/jazzy DEBUGINFOD_URLS=https://debuginfod.ubuntu.com /usr/bin/cmake --build /home/sohan/slam_mrt/build/husarion_components_description -- -j32 -l32
[0.653s] Invoking command in '/home/sohan/slam_mrt/build/husarion_components_description': CMAKE_PREFIX_PATH=${CMAKE_PREFIX_PATH}:/home/sohan/slam_mrt/install/rover_gazebosim:/home/sohan/slam_mrt/install/rover_ekf:/home/sohan/slam_mrt/install/ekf_dummy_pkg:/home/sohan/slam_mrt/install/ekf_assgn:/home/sohan/ekf_ws/install/rover_gazebosim:/home/sohan/ekf_ws/install/ekf_assgn:/opt/ros/jazzy DEBUGINFOD_URLS=https://debuginfod.ubuntu.com /usr/bin/cmake --install /home/sohan/slam_mrt/build/husarion_components_description
[0.656s] -- Install configuration: ""
[0.656s] -- Installing: /home/sohan/slam_mrt/install/husarion_components_description/share/husarion_components_description/meshes
[0.657s] -- Installing: /home/sohan/slam_mrt/install/husarion_components_description/share/husarion_components_description/meshes/teltonika_003R-00253.dae
[0.657s] -- Installing: /home/sohan/slam_mrt/install/husarion_components_description/share/husarion_components_description/meshes/wibotic_receiver.dae
[0.657s] -- Installing: /home/sohan/slam_mrt/install/husarion_components_description/share/husarion_components_description/meshes/rplidar
[0.657s] -- Installing: /home/sohan/slam_mrt/install/husarion_components_description/share/husarion_components_description/meshes/rplidar/s2.glb
[0.657s] -- Installing: /home/sohan/slam_mrt/install/husarion_components_description/share/husarion_components_description/meshes/rplidar/lpx-e3.glb
[0.657s] -- Installing: /home/sohan/slam_mrt/install/husarion_components_description/share/husarion_components_description/meshes/rplidar/a2.glb
[0.657s] -- Installing: /home/sohan/slam_mrt/install/husarion_components_description/share/husarion_components_description/meshes/rplidar/c1.glb
[0.657s] -- Installing: /home/sohan/slam_mrt/install/husarion_components_description/share/husarion_components_description/meshes/rplidar/s1.glb
[0.657s] -- Installing: /home/sohan/slam_mrt/install/husarion_components_description/share/husarion_components_description/meshes/rplidar/s3.glb
[0.657s] -- Installing: /home/sohan/slam_mrt/install/husarion_components_description/share/husarion_components_description/meshes/rplidar/a3.glb
[0.657s] -- Installing: /home/sohan/slam_mrt/install/husarion_components_description/share/husarion_components_description/meshes/rplidar/lpx-t1.glb
[0.657s] -- Installing: /home/sohan/slam_mrt/install/husarion_components_description/share/husarion_components_description/meshes/ouster_os01.dae
[0.657s] -- Installing: /home/sohan/slam_mrt/install/husarion_components_description/share/husarion_components_description/meshes/orbbec_astra.glb
[0.657s] -- Installing: /home/sohan/slam_mrt/install/husarion_components_description/share/husarion_components_description/meshes/v_slot_profile.dae
[0.657s] -- Installing: /home/sohan/slam_mrt/install/husarion_components_description/share/husarion_components_description/meshes/wibotic_transmitter.dae
[0.657s] -- Installing: /home/sohan/slam_mrt/install/husarion_components_description/share/husarion_components_description/meshes/wibotic_frame.dae
[0.657s] -- Installing: /home/sohan/slam_mrt/install/husarion_components_description/share/husarion_components_description/meshes/velodyne_puck.glb
[0.657s] -- Installing: /home/sohan/slam_mrt/install/husarion_components_description/share/husarion_components_description/meshes/teltonika_003R-00253_collision.stl
[0.657s] -- Installing: /home/sohan/slam_mrt/install/husarion_components_description/share/husarion_components_description/meshes/devs
[0.658s] -- Installing: /home/sohan/slam_mrt/install/husarion_components_description/share/husarion_components_description/meshes/devs/dev03.dae
[0.658s] -- Installing: /home/sohan/slam_mrt/install/husarion_components_description/share/husarion_components_description/meshes/devs/dev01.dae
[0.658s] -- Installing: /home/sohan/slam_mrt/install/husarion_components_description/share/husarion_components_description/meshes/devs/dev06.dae
[0.659s] -- Installing: /home/sohan/slam_mrt/install/husarion_components_description/share/husarion_components_description/meshes/devs/dev02.dae
[0.659s] -- Installing: /home/sohan/slam_mrt/install/husarion_components_description/share/husarion_components_description/meshes/devs/dev04l.dae
[0.660s] -- Installing: /home/sohan/slam_mrt/install/husarion_components_description/share/husarion_components_description/meshes/devs/dev09.dae
[0.661s] -- Installing: /home/sohan/slam_mrt/install/husarion_components_description/share/husarion_components_description/meshes/devs/dev07t.dae
[0.661s] -- Installing: /home/sohan/slam_mrt/install/husarion_components_description/share/husarion_components_description/meshes/devs/dev04h.dae
[0.662s] -- Installing: /home/sohan/slam_mrt/install/husarion_components_description/share/husarion_components_description/meshes/devs/dev05.dae
[0.663s] -- Installing: /home/sohan/slam_mrt/install/husarion_components_description/share/husarion_components_description/meshes/devs/dev07.dae
[0.663s] -- Installing: /home/sohan/slam_mrt/install/husarion_components_description/share/husarion_components_description/urdf
[0.663s] -- Installing: /home/sohan/slam_mrt/install/husarion_components_description/share/husarion_components_description/urdf/dev.urdf.xacro
[0.663s] -- Installing: /home/sohan/slam_mrt/install/husarion_components_description/share/husarion_components_description/urdf/components.urdf.xacro
[0.663s] -- Installing: /home/sohan/slam_mrt/install/husarion_components_description/share/husarion_components_description/urdf/wibotic_receiver.urdf.xacro
[0.663s] -- Installing: /home/sohan/slam_mrt/install/husarion_components_description/share/husarion_components_description/urdf/custom_component_example.urdf.xacro
[0.663s] -- Installing: /home/sohan/slam_mrt/install/husarion_components_description/share/husarion_components_description/urdf/velodyne_puck.urdf.xacro
[0.663s] -- Installing: /home/sohan/slam_mrt/install/husarion_components_description/share/husarion_components_description/urdf/ouster.urdf.xacro
[0.663s] -- Installing: /home/sohan/slam_mrt/install/husarion_components_description/share/husarion_components_description/urdf/luxonis_depthai.urdf.xacro
[0.663s] -- Installing: /home/sohan/slam_mrt/install/husarion_components_description/share/husarion_components_description/urdf/intel_realsense_d435.urdf.xacro
[0.663s] -- Installing: /home/sohan/slam_mrt/install/husarion_components_description/share/husarion_components_description/urdf/robotiq_2f_85_macro.urdf.xacro
[0.663s] -- Installing: /home/sohan/slam_mrt/install/husarion_components_description/share/husarion_components_description/urdf/stereolabs_zed.urdf.xacro
[0.663s] -- Installing: /home/sohan/slam_mrt/install/husarion_components_description/share/husarion_components_description/urdf/teltonika_003R-00253.urdf.xacro
[0.663s] -- Installing: /home/sohan/slam_mrt/install/husarion_components_description/share/husarion_components_description/urdf/wibotic_station.urdf.xacro
[0.663s] -- Installing: /home/sohan/slam_mrt/install/husarion_components_description/share/husarion_components_description/urdf/gz_sensor.urdf.xacro
[0.663s] -- Installing: /home/sohan/slam_mrt/install/husarion_components_description/share/husarion_components_description/urdf/kinova.urdf.xacro
[0.663s] -- Installing: /home/sohan/slam_mrt/install/husarion_components_description/share/husarion_components_description/urdf/rack.urdf.xacro
[0.663s] -- Installing: /home/sohan/slam_mrt/install/husarion_components_description/share/husarion_components_description/urdf/ur.urdf.xacro
[0.663s] -- Installing: /home/sohan/slam_mrt/install/husarion_components_description/share/husarion_components_description/urdf/orbbec_astra.urdf.xacro
[0.663s] -- Installing: /home/sohan/slam_mrt/install/husarion_components_description/share/husarion_components_description/urdf/slamtec_rplidar.urdf.xacro
[0.663s] -- Installing: /home/sohan/slam_mrt/install/husarion_components_description/share/husarion_components_description/urdf/robotiq.urdf.xacro
[0.664s] -- Installing: /home/sohan/slam_mrt/install/husarion_components_description/share/husarion_components_description/launch
[0.664s] -- Installing: /home/sohan/slam_mrt/install/husarion_components_description/share/husarion_components_description/launch/gz_intel_realsense_d435.launch.py
[0.664s] -- Installing: /home/sohan/slam_mrt/install/husarion_components_description/share/husarion_components_description/launch/gz_stereolabs_zed.launch.py
[0.664s] -- Installing: /home/sohan/slam_mrt/install/husarion_components_description/share/husarion_components_description/launch/gz_orbbec_astra.launch.py
[0.664s] -- Installing: /home/sohan/slam_mrt/install/husarion_components_description/share/husarion_components_description/launch/gz_velodyne.launch.py
[0.664s] -- Installing: /home/sohan/slam_mrt/install/husarion_components_description/share/husarion_components_description/launch/gz_ur.launch.py
[0.664s] -- Installing: /home/sohan/slam_mrt/install/husarion_components_description/share/husarion_components_description/launch/gz_robotiq.launch.py
[0.665s] -- Installing: /home/sohan/slam_mrt/install/husarion_components_description/share/husarion_components_description/launch/gz_ouster_os.launch.py
[0.665s] -- Installing: /home/sohan/slam_mrt/install/husarion_components_description/share/husarion_components_description/launch/gz_wibotic_station.launch.py
[0.665s] -- Installing: /home/sohan/slam_mrt/install/husarion_components_description/share/husarion_components_description/launch/gz_luxonis_depthai.launch.py
[0.665s] -- Installing: /home/sohan/slam_mrt/install/husarion_components_description/share/husarion_components_description/launch/gz_kinova_6dof.launch.py
[0.665s] -- Installing: /home/sohan/slam_mrt/install/husarion_components_description/share/husarion_components_description/launch/gz_kinova_7dof.launch.py
[0.665s] -- Installing: /home/sohan/slam_mrt/install/husarion_components_description/share/husarion_components_description/launch/gz_teltonika.launch.py
[0.665s] -- Installing: /home/sohan/slam_mrt/install/husarion_components_description/share/husarion_components_description/launch/gz_components.launch.py
[0.665s] -- Installing: /home/sohan/slam_mrt/install/husarion_components_description/share/husarion_components_description/launch/gz_slamtec_rplidar.launch.py
[0.665s] -- Installing: /home/sohan/slam_mrt/install/husarion_components_description/share/husarion_components_description/config
[0.665s] -- Installing: /home/sohan/slam_mrt/install/husarion_components_description/share/husarion_components_description/config/gz_teltonika_remappings.yaml
[0.665s] -- Installing: /home/sohan/slam_mrt/install/husarion_components_description/share/husarion_components_description/config/gz_slamtec_rplidar_remappings.yaml
[0.665s] -- Installing: /home/sohan/slam_mrt/install/husarion_components_description/share/husarion_components_description/config/robotiq_controllers.yaml
[0.665s] -- Installing: /home/sohan/slam_mrt/install/husarion_components_description/share/husarion_components_description/config/gz_velodyne_remappings.yaml
[0.665s] -- Installing: /home/sohan/slam_mrt/install/husarion_components_description/share/husarion_components_description/config/gz_orbbec_astra_remappings.yaml
[0.665s] -- Installing: /home/sohan/slam_mrt/install/husarion_components_description/share/husarion_components_description/config/kinova_6dof_controllers.yaml
[0.665s] -- Installing: /home/sohan/slam_mrt/install/husarion_components_description/share/husarion_components_description/config/gz_luxonis_depthai_remappings.yaml
[0.665s] -- Installing: /home/sohan/slam_mrt/install/husarion_components_description/share/husarion_components_description/config/gz_intel_realsense_d435_remappings.yaml
[0.665s] -- Installing: /home/sohan/slam_mrt/install/husarion_components_description/share/husarion_components_description/config/kinova_7dof_controllers.yaml
[0.665s] -- Installing: /home/sohan/slam_mrt/install/husarion_components_description/share/husarion_components_description/config/gz_ouster_os_remappings.yaml
[0.665s] -- Installing: /home/sohan/slam_mrt/install/husarion_components_description/share/husarion_components_description/config/ur_controllers.yaml
[0.665s] -- Installing: /home/sohan/slam_mrt/install/husarion_components_description/share/husarion_components_description/config/gz_kinova_remappings.yaml
[0.665s] -- Installing: /home/sohan/slam_mrt/install/husarion_components_description/share/husarion_components_description/config/gz_stereolabs_zed_remappings.yaml
[0.665s] -- Installing: /home/sohan/slam_mrt/install/husarion_components_description/share/husarion_components_description/test
[0.665s] -- Installing: /home/sohan/slam_mrt/install/husarion_components_description/share/husarion_components_description/test/component.urdf.xacro
[0.665s] -- Installing: /home/sohan/slam_mrt/install/husarion_components_description/share/husarion_components_description/test/test_components_xacro.py
[0.665s] -- Installing: /home/sohan/slam_mrt/install/husarion_components_description/share/husarion_components_description/environment/husarion_components_description.sh
[0.665s] -- Installing: /home/sohan/slam_mrt/install/husarion_components_description/share/ament_index/resource_index/package_run_dependencies/husarion_components_description
[0.665s] -- Installing: /home/sohan/slam_mrt/install/husarion_components_description/share/ament_index/resource_index/parent_prefix_path/husarion_components_description
[0.665s] -- Installing: /home/sohan/slam_mrt/install/husarion_components_description/share/husarion_components_description/environment/ament_prefix_path.sh
[0.665s] -- Installing: /home/sohan/slam_mrt/install/husarion_components_description/share/husarion_components_description/environment/ament_prefix_path.dsv
[0.665s] -- Installing: /home/sohan/slam_mrt/install/husarion_components_description/share/husarion_components_description/environment/path.sh
[0.665s] -- Installing: /home/sohan/slam_mrt/install/husarion_components_description/share/husarion_components_description/environment/path.dsv
[0.666s] -- Installing: /home/sohan/slam_mrt/install/husarion_components_description/share/husarion_components_description/local_setup.bash
[0.666s] -- Installing: /home/sohan/slam_mrt/install/husarion_components_description/share/husarion_components_description/local_setup.sh
[0.666s] -- Installing: /home/sohan/slam_mrt/install/husarion_components_description/share/husarion_components_description/local_setup.zsh
[0.666s] -- Installing: /home/sohan/slam_mrt/install/husarion_components_description/share/husarion_components_description/local_setup.dsv
[0.666s] -- Installing: /home/sohan/slam_mrt/install/husarion_components_description/share/husarion_components_description/package.dsv
[0.666s] -- Installing: /home/sohan/slam_mrt/install/husarion_components_description/share/ament_index/resource_index/packages/husarion_components_description
[0.666s] -- Installing: /home/sohan/slam_mrt/install/husarion_components_description/share/husarion_components_description/cmake/husarion_components_descriptionConfig.cmake
[0.666s] -- Installing: /home/sohan/slam_mrt/install/husarion_components_description/share/husarion_components_description/cmake/husarion_components_descriptionConfig-version.cmake
[0.666s] -- Installing: /home/sohan/slam_mrt/install/husarion_components_description/share/husarion_components_description/package.xml
[0.667s] Invoked command in '/home/sohan/slam_mrt/build/husarion_components_description' returned '0': CMAKE_PREFIX_PATH=${CMAKE_PREFIX_PATH}:/home/sohan/slam_mrt/install/rover_gazebosim:/home/sohan/slam_mrt/install/rover_ekf:/home/sohan/slam_mrt/install/ekf_dummy_pkg:/home/sohan/slam_mrt/install/ekf_assgn:/home/sohan/ekf_ws/install/rover_gazebosim:/home/sohan/ekf_ws/install/ekf_assgn:/opt/ros/jazzy DEBUGINFOD_URLS=https://debuginfod.ubuntu.com /usr/bin/cmake --install /home/sohan/slam_mrt/build/husarion_components_description
