running egg_info
writing ../build/ekf_assgn/ekf_assgn.egg-info/PKG-INFO
writing dependency_links to ../build/ekf_assgn/ekf_assgn.egg-info/dependency_links.txt
writing entry points to ../build/ekf_assgn/ekf_assgn.egg-info/entry_points.txt
writing requirements to ../build/ekf_assgn/ekf_assgn.egg-info/requires.txt
writing top-level names to ../build/ekf_assgn/ekf_assgn.egg-info/top_level.txt
reading manifest file '../build/ekf_assgn/ekf_assgn.egg-info/SOURCES.txt'
writing manifest file '../build/ekf_assgn/ekf_assgn.egg-info/SOURCES.txt'
running build
running build_py
running install
running install_lib
running install_data
running install_egg_info
removing '/home/sohan/slam_mrt/install/ekf_assgn/lib/python3.12/site-packages/ekf_assgn-0.0.0-py3.12.egg-info' (and everything under it)
Copying ../build/ekf_assgn/ekf_assgn.egg-info to /home/sohan/slam_mrt/install/ekf_assgn/lib/python3.12/site-packages/ekf_assgn-0.0.0-py3.12.egg-info
running install_scripts
Installing covariance_relay script to /home/sohan/slam_mrt/install/ekf_assgn/lib/ekf_assgn
Installing dummy_imu_publisher script to /home/sohan/slam_mrt/install/ekf_assgn/lib/ekf_assgn
Installing dummy_odom_publisher script to /home/sohan/slam_mrt/install/ekf_assgn/lib/ekf_assgn
writing list of installed files to '/home/sohan/slam_mrt/build/ekf_assgn/install.log'
