[0.796s] Invoking command in '/home/sohan/slam_mrt/ekf_assgn': DEBUGINFOD_URLS=https://debuginfod.ubuntu.com PYTHONPATH=/home/sohan/slam_mrt/build/ekf_assgn/prefix_override:/usr/lib/python3/dist-packages/colcon_core/task/python/colcon_distutils_commands:/home/sohan/slam_mrt/install/ekf_assgn/lib/python3.12/site-packages:${PYTHONPATH} /usr/bin/python3 -W ignore:setup.py install is deprecated -W ignore:easy_install command is deprecated setup.py egg_info --egg-base ../build/ekf_assgn build --build-base /home/sohan/slam_mrt/build/ekf_assgn/build install --record /home/sohan/slam_mrt/build/ekf_assgn/install.log --install-scripts $base/lib/ekf_assgn --single-version-externally-managed install_data
[0.936s] running egg_info
[0.944s] writing ../build/ekf_assgn/ekf_assgn.egg-info/PKG-INFO
[0.944s] writing dependency_links to ../build/ekf_assgn/ekf_assgn.egg-info/dependency_links.txt
[0.944s] writing entry points to ../build/ekf_assgn/ekf_assgn.egg-info/entry_points.txt
[0.944s] writing requirements to ../build/ekf_assgn/ekf_assgn.egg-info/requires.txt
[0.944s] writing top-level names to ../build/ekf_assgn/ekf_assgn.egg-info/top_level.txt
[0.961s] reading manifest file '../build/ekf_assgn/ekf_assgn.egg-info/SOURCES.txt'
[0.961s] writing manifest file '../build/ekf_assgn/ekf_assgn.egg-info/SOURCES.txt'
[0.961s] running build
[0.961s] running build_py
[0.961s] running install
[0.965s] running install_lib
[0.973s] running install_data
[0.973s] running install_egg_info
[0.982s] removing '/home/sohan/slam_mrt/install/ekf_assgn/lib/python3.12/site-packages/ekf_assgn-0.0.0-py3.12.egg-info' (and everything under it)
[0.982s] Copying ../build/ekf_assgn/ekf_assgn.egg-info to /home/sohan/slam_mrt/install/ekf_assgn/lib/python3.12/site-packages/ekf_assgn-0.0.0-py3.12.egg-info
[0.982s] running install_scripts
[1.046s] Installing covariance_relay script to /home/sohan/slam_mrt/install/ekf_assgn/lib/ekf_assgn
[1.046s] Installing dummy_imu_publisher script to /home/sohan/slam_mrt/install/ekf_assgn/lib/ekf_assgn
[1.046s] Installing dummy_odom_publisher script to /home/sohan/slam_mrt/install/ekf_assgn/lib/ekf_assgn
[1.046s] writing list of installed files to '/home/sohan/slam_mrt/build/ekf_assgn/install.log'
[1.066s] Invoked command in '/home/sohan/slam_mrt/ekf_assgn' returned '0': DEBUGINFOD_URLS=https://debuginfod.ubuntu.com PYTHONPATH=/home/sohan/slam_mrt/build/ekf_assgn/prefix_override:/usr/lib/python3/dist-packages/colcon_core/task/python/colcon_distutils_commands:/home/sohan/slam_mrt/install/ekf_assgn/lib/python3.12/site-packages:${PYTHONPATH} /usr/bin/python3 -W ignore:setup.py install is deprecated -W ignore:easy_install command is deprecated setup.py egg_info --egg-base ../build/ekf_assgn build --build-base /home/sohan/slam_mrt/build/ekf_assgn/build install --record /home/sohan/slam_mrt/build/ekf_assgn/install.log --install-scripts $base/lib/ekf_assgn --single-version-externally-managed install_data
