[0.005s] Invoking command in '/home/sohan/slam_mrt/build/husarion_ugv_description': CMAKE_PREFIX_PATH=/home/sohan/slam_mrt/install/husarion_components_description:/home/sohan/slam_mrt/install/husarion_ugv_controller:/home/sohan/slam_mrt/install/husarion_ugv_description:/home/sohan/ekf_ws/install/husarion_ugv_controller:/home/sohan/ekf_ws/install/husarion_ugv_description:/home/sohan/ekf_ws/install/husarion_components_description:/opt/ros/jazzy/opt/gz_sim_vendor:/opt/ros/jazzy/opt/gz_sensors_vendor:/opt/ros/jazzy/opt/gz_physics_vendor:/opt/ros/jazzy/opt/sdformat_vendor:/opt/ros/jazzy/opt/gz_gui_vendor:/opt/ros/jazzy/opt/gz_transport_vendor:/opt/ros/jazzy/opt/gz_rendering_vendor:/opt/ros/jazzy/opt/gz_plugin_vendor:/opt/ros/jazzy/opt/gz_fuel_tools_vendor:/opt/ros/jazzy/opt/gz_msgs_vendor:/opt/ros/jazzy/opt/gz_common_vendor:/opt/ros/jazzy/opt/gz_math_vendor:/opt/ros/jazzy/opt/gz_utils_vendor:/opt/ros/jazzy/opt/gz_tools_vendor:/opt/ros/jazzy/opt/gz_ogre_next_vendor:/opt/ros/jazzy/opt/gz_dartsim_vendor:/opt/ros/jazzy/opt/gz_cmake_vendor:/home/sohan/slam_mrt/install/rover_gazebosim:/home/sohan/slam_mrt/install/rover_ekf:/home/sohan/slam_mrt/install/ekf_dummy_pkg:/home/sohan/slam_mrt/install/ekf_assgn:/home/sohan/ekf_ws/install/rover_gazebosim:/home/sohan/ekf_ws/install/ekf_assgn:/opt/ros/jazzy DEBUGINFOD_URLS=https://debuginfod.ubuntu.com /usr/bin/cmake /home/sohan/slam_mrt/husarion_ugv_description -DCMAKE_INSTALL_PREFIX=/home/sohan/slam_mrt/install/husarion_ugv_description
[0.037s] -- The C compiler identification is GNU 13.3.0
[0.073s] -- The CXX compiler identification is GNU 13.3.0
[0.082s] -- Detecting C compiler ABI info
[0.126s] -- Detecting C compiler ABI info - done
[0.131s] -- Check for working C compiler: /usr/bin/cc - skipped
[0.131s] -- Detecting C compile features
[0.131s] -- Detecting C compile features - done
[0.135s] -- Detecting CXX compiler ABI info
[0.189s] -- Detecting CXX compiler ABI info - done
[0.196s] -- Check for working CXX compiler: /usr/bin/c++ - skipped
[0.196s] -- Detecting CXX compile features
[0.196s] -- Detecting CXX compile features - done
[0.198s] -- Found ament_cmake: 2.5.6 (/opt/ros/jazzy/share/ament_cmake/cmake)
[0.291s] -- Found Python3: /usr/bin/python3 (found version "3.12.3") found components: Interpreter 
[0.450s] -- Configuring done (0.4s)
[0.451s] -- Generating done (0.0s)
[0.452s] -- Build files have been written to: /home/sohan/slam_mrt/build/husarion_ugv_description
[0.456s] Invoked command in '/home/sohan/slam_mrt/build/husarion_ugv_description' returned '0': CMAKE_PREFIX_PATH=/home/sohan/slam_mrt/install/husarion_components_description:/home/sohan/slam_mrt/install/husarion_ugv_controller:/home/sohan/slam_mrt/install/husarion_ugv_description:/home/sohan/ekf_ws/install/husarion_ugv_controller:/home/sohan/ekf_ws/install/husarion_ugv_description:/home/sohan/ekf_ws/install/husarion_components_description:/opt/ros/jazzy/opt/gz_sim_vendor:/opt/ros/jazzy/opt/gz_sensors_vendor:/opt/ros/jazzy/opt/gz_physics_vendor:/opt/ros/jazzy/opt/sdformat_vendor:/opt/ros/jazzy/opt/gz_gui_vendor:/opt/ros/jazzy/opt/gz_transport_vendor:/opt/ros/jazzy/opt/gz_rendering_vendor:/opt/ros/jazzy/opt/gz_plugin_vendor:/opt/ros/jazzy/opt/gz_fuel_tools_vendor:/opt/ros/jazzy/opt/gz_msgs_vendor:/opt/ros/jazzy/opt/gz_common_vendor:/opt/ros/jazzy/opt/gz_math_vendor:/opt/ros/jazzy/opt/gz_utils_vendor:/opt/ros/jazzy/opt/gz_tools_vendor:/opt/ros/jazzy/opt/gz_ogre_next_vendor:/opt/ros/jazzy/opt/gz_dartsim_vendor:/opt/ros/jazzy/opt/gz_cmake_vendor:/home/sohan/slam_mrt/install/rover_gazebosim:/home/sohan/slam_mrt/install/rover_ekf:/home/sohan/slam_mrt/install/ekf_dummy_pkg:/home/sohan/slam_mrt/install/ekf_assgn:/home/sohan/ekf_ws/install/rover_gazebosim:/home/sohan/ekf_ws/install/ekf_assgn:/opt/ros/jazzy DEBUGINFOD_URLS=https://debuginfod.ubuntu.com /usr/bin/cmake /home/sohan/slam_mrt/husarion_ugv_description -DCMAKE_INSTALL_PREFIX=/home/sohan/slam_mrt/install/husarion_ugv_description
[0.457s] Invoking command in '/home/sohan/slam_mrt/build/husarion_ugv_description': CMAKE_PREFIX_PATH=/home/sohan/slam_mrt/install/husarion_components_description:/home/sohan/slam_mrt/install/husarion_ugv_controller:/home/sohan/slam_mrt/install/husarion_ugv_description:/home/sohan/ekf_ws/install/husarion_ugv_controller:/home/sohan/ekf_ws/install/husarion_ugv_description:/home/sohan/ekf_ws/install/husarion_components_description:/opt/ros/jazzy/opt/gz_sim_vendor:/opt/ros/jazzy/opt/gz_sensors_vendor:/opt/ros/jazzy/opt/gz_physics_vendor:/opt/ros/jazzy/opt/sdformat_vendor:/opt/ros/jazzy/opt/gz_gui_vendor:/opt/ros/jazzy/opt/gz_transport_vendor:/opt/ros/jazzy/opt/gz_rendering_vendor:/opt/ros/jazzy/opt/gz_plugin_vendor:/opt/ros/jazzy/opt/gz_fuel_tools_vendor:/opt/ros/jazzy/opt/gz_msgs_vendor:/opt/ros/jazzy/opt/gz_common_vendor:/opt/ros/jazzy/opt/gz_math_vendor:/opt/ros/jazzy/opt/gz_utils_vendor:/opt/ros/jazzy/opt/gz_tools_vendor:/opt/ros/jazzy/opt/gz_ogre_next_vendor:/opt/ros/jazzy/opt/gz_dartsim_vendor:/opt/ros/jazzy/opt/gz_cmake_vendor:/home/sohan/slam_mrt/install/rover_gazebosim:/home/sohan/slam_mrt/install/rover_ekf:/home/sohan/slam_mrt/install/ekf_dummy_pkg:/home/sohan/slam_mrt/install/ekf_assgn:/home/sohan/ekf_ws/install/rover_gazebosim:/home/sohan/ekf_ws/install/ekf_assgn:/opt/ros/jazzy DEBUGINFOD_URLS=https://debuginfod.ubuntu.com /usr/bin/cmake --build /home/sohan/slam_mrt/build/husarion_ugv_description -- -j32 -l32
[0.478s] Invoked command in '/home/sohan/slam_mrt/build/husarion_ugv_description' returned '0': CMAKE_PREFIX_PATH=/home/sohan/slam_mrt/install/husarion_components_description:/home/sohan/slam_mrt/install/husarion_ugv_controller:/home/sohan/slam_mrt/install/husarion_ugv_description:/home/sohan/ekf_ws/install/husarion_ugv_controller:/home/sohan/ekf_ws/install/husarion_ugv_description:/home/sohan/ekf_ws/install/husarion_components_description:/opt/ros/jazzy/opt/gz_sim_vendor:/opt/ros/jazzy/opt/gz_sensors_vendor:/opt/ros/jazzy/opt/gz_physics_vendor:/opt/ros/jazzy/opt/sdformat_vendor:/opt/ros/jazzy/opt/gz_gui_vendor:/opt/ros/jazzy/opt/gz_transport_vendor:/opt/ros/jazzy/opt/gz_rendering_vendor:/opt/ros/jazzy/opt/gz_plugin_vendor:/opt/ros/jazzy/opt/gz_fuel_tools_vendor:/opt/ros/jazzy/opt/gz_msgs_vendor:/opt/ros/jazzy/opt/gz_common_vendor:/opt/ros/jazzy/opt/gz_math_vendor:/opt/ros/jazzy/opt/gz_utils_vendor:/opt/ros/jazzy/opt/gz_tools_vendor:/opt/ros/jazzy/opt/gz_ogre_next_vendor:/opt/ros/jazzy/opt/gz_dartsim_vendor:/opt/ros/jazzy/opt/gz_cmake_vendor:/home/sohan/slam_mrt/install/rover_gazebosim:/home/sohan/slam_mrt/install/rover_ekf:/home/sohan/slam_mrt/install/ekf_dummy_pkg:/home/sohan/slam_mrt/install/ekf_assgn:/home/sohan/ekf_ws/install/rover_gazebosim:/home/sohan/ekf_ws/install/ekf_assgn:/opt/ros/jazzy DEBUGINFOD_URLS=https://debuginfod.ubuntu.com /usr/bin/cmake --build /home/sohan/slam_mrt/build/husarion_ugv_description -- -j32 -l32
[0.478s] Invoking command in '/home/sohan/slam_mrt/build/husarion_ugv_description': CMAKE_PREFIX_PATH=/home/sohan/slam_mrt/install/husarion_components_description:/home/sohan/slam_mrt/install/husarion_ugv_controller:/home/sohan/slam_mrt/install/husarion_ugv_description:/home/sohan/ekf_ws/install/husarion_ugv_controller:/home/sohan/ekf_ws/install/husarion_ugv_description:/home/sohan/ekf_ws/install/husarion_components_description:/opt/ros/jazzy/opt/gz_sim_vendor:/opt/ros/jazzy/opt/gz_sensors_vendor:/opt/ros/jazzy/opt/gz_physics_vendor:/opt/ros/jazzy/opt/sdformat_vendor:/opt/ros/jazzy/opt/gz_gui_vendor:/opt/ros/jazzy/opt/gz_transport_vendor:/opt/ros/jazzy/opt/gz_rendering_vendor:/opt/ros/jazzy/opt/gz_plugin_vendor:/opt/ros/jazzy/opt/gz_fuel_tools_vendor:/opt/ros/jazzy/opt/gz_msgs_vendor:/opt/ros/jazzy/opt/gz_common_vendor:/opt/ros/jazzy/opt/gz_math_vendor:/opt/ros/jazzy/opt/gz_utils_vendor:/opt/ros/jazzy/opt/gz_tools_vendor:/opt/ros/jazzy/opt/gz_ogre_next_vendor:/opt/ros/jazzy/opt/gz_dartsim_vendor:/opt/ros/jazzy/opt/gz_cmake_vendor:/home/sohan/slam_mrt/install/rover_gazebosim:/home/sohan/slam_mrt/install/rover_ekf:/home/sohan/slam_mrt/install/ekf_dummy_pkg:/home/sohan/slam_mrt/install/ekf_assgn:/home/sohan/ekf_ws/install/rover_gazebosim:/home/sohan/ekf_ws/install/ekf_assgn:/opt/ros/jazzy DEBUGINFOD_URLS=https://debuginfod.ubuntu.com /usr/bin/cmake --install /home/sohan/slam_mrt/build/husarion_ugv_description
[0.482s] -- Install configuration: ""
[0.482s] -- Installing: /home/sohan/slam_mrt/install/husarion_ugv_description/share/husarion_ugv_description/config
[0.482s] -- Installing: /home/sohan/slam_mrt/install/husarion_ugv_description/share/husarion_ugv_description/config/WH01.yaml
[0.482s] -- Installing: /home/sohan/slam_mrt/install/husarion_ugv_description/share/husarion_ugv_description/config/WH05.yaml
[0.482s] -- Installing: /home/sohan/slam_mrt/install/husarion_ugv_description/share/husarion_ugv_description/config/WH02.yaml
[0.482s] -- Installing: /home/sohan/slam_mrt/install/husarion_ugv_description/share/husarion_ugv_description/config/WH04.yaml
[0.482s] -- Installing: /home/sohan/slam_mrt/install/husarion_ugv_description/share/husarion_ugv_description/config/components.yaml
[0.482s] -- Installing: /home/sohan/slam_mrt/install/husarion_ugv_description/share/husarion_ugv_description/launch
[0.482s] -- Installing: /home/sohan/slam_mrt/install/husarion_ugv_description/share/husarion_ugv_description/launch/overwrite_robot_description.launch.py
[0.482s] -- Installing: /home/sohan/slam_mrt/install/husarion_ugv_description/share/husarion_ugv_description/launch/load_urdf.launch.py
[0.482s] -- Installing: /home/sohan/slam_mrt/install/husarion_ugv_description/share/husarion_ugv_description/launch/visualize_fake_robot.launch.py
[0.482s] -- Installing: /home/sohan/slam_mrt/install/husarion_ugv_description/share/husarion_ugv_description/launch/rviz.launch.py
[0.482s] -- Installing: /home/sohan/slam_mrt/install/husarion_ugv_description/share/husarion_ugv_description/meshes
[0.482s] -- Installing: /home/sohan/slam_mrt/install/husarion_ugv_description/share/husarion_ugv_description/meshes/panther
[0.482s] -- Installing: /home/sohan/slam_mrt/install/husarion_ugv_description/share/husarion_ugv_description/meshes/panther/base_collision.stl
[0.482s] -- Installing: /home/sohan/slam_mrt/install/husarion_ugv_description/share/husarion_ugv_description/meshes/panther/base.dae
[0.483s] -- Installing: /home/sohan/slam_mrt/install/husarion_ugv_description/share/husarion_ugv_description/meshes/WH05
[0.483s] -- Installing: /home/sohan/slam_mrt/install/husarion_ugv_description/share/husarion_ugv_description/meshes/WH05/fl_wheel.dae
[0.483s] -- Installing: /home/sohan/slam_mrt/install/husarion_ugv_description/share/husarion_ugv_description/meshes/WH05/rl_wheel.dae
[0.484s] -- Installing: /home/sohan/slam_mrt/install/husarion_ugv_description/share/husarion_ugv_description/meshes/WH05/rr_wheel.dae
[0.484s] -- Installing: /home/sohan/slam_mrt/install/husarion_ugv_description/share/husarion_ugv_description/meshes/WH05/fr_wheel.dae
[0.485s] -- Installing: /home/sohan/slam_mrt/install/husarion_ugv_description/share/husarion_ugv_description/meshes/lynx
[0.485s] -- Installing: /home/sohan/slam_mrt/install/husarion_ugv_description/share/husarion_ugv_description/meshes/lynx/base_collision.dae
[0.485s] -- Installing: /home/sohan/slam_mrt/install/husarion_ugv_description/share/husarion_ugv_description/meshes/lynx/base.dae
[0.486s] -- Installing: /home/sohan/slam_mrt/install/husarion_ugv_description/share/husarion_ugv_description/meshes/WH04
[0.486s] -- Installing: /home/sohan/slam_mrt/install/husarion_ugv_description/share/husarion_ugv_description/meshes/WH04/fl_wheel.dae
[0.486s] -- Installing: /home/sohan/slam_mrt/install/husarion_ugv_description/share/husarion_ugv_description/meshes/WH04/rl_wheel.dae
[0.487s] -- Installing: /home/sohan/slam_mrt/install/husarion_ugv_description/share/husarion_ugv_description/meshes/WH04/rr_wheel.dae
[0.487s] -- Installing: /home/sohan/slam_mrt/install/husarion_ugv_description/share/husarion_ugv_description/meshes/WH04/fr_wheel.dae
[0.487s] -- Installing: /home/sohan/slam_mrt/install/husarion_ugv_description/share/husarion_ugv_description/meshes/WH01
[0.487s] -- Installing: /home/sohan/slam_mrt/install/husarion_ugv_description/share/husarion_ugv_description/meshes/WH01/fl_wheel.dae
[0.488s] -- Installing: /home/sohan/slam_mrt/install/husarion_ugv_description/share/husarion_ugv_description/meshes/WH01/rl_wheel.dae
[0.488s] -- Installing: /home/sohan/slam_mrt/install/husarion_ugv_description/share/husarion_ugv_description/meshes/WH01/rr_wheel.dae
[0.488s] -- Installing: /home/sohan/slam_mrt/install/husarion_ugv_description/share/husarion_ugv_description/meshes/WH01/fr_wheel.dae
[0.488s] -- Installing: /home/sohan/slam_mrt/install/husarion_ugv_description/share/husarion_ugv_description/meshes/WH02
[0.488s] -- Installing: /home/sohan/slam_mrt/install/husarion_ugv_description/share/husarion_ugv_description/meshes/WH02/fl_wheel.dae
[0.488s] -- Installing: /home/sohan/slam_mrt/install/husarion_ugv_description/share/husarion_ugv_description/meshes/WH02/rl_wheel.dae
[0.488s] -- Installing: /home/sohan/slam_mrt/install/husarion_ugv_description/share/husarion_ugv_description/meshes/WH02/rr_wheel.dae
[0.489s] -- Installing: /home/sohan/slam_mrt/install/husarion_ugv_description/share/husarion_ugv_description/meshes/WH02/fr_wheel.dae
[0.489s] -- Installing: /home/sohan/slam_mrt/install/husarion_ugv_description/share/husarion_ugv_description/rviz
[0.489s] -- Installing: /home/sohan/slam_mrt/install/husarion_ugv_description/share/husarion_ugv_description/rviz/husarion_ugv.rviz
[0.489s] -- Installing: /home/sohan/slam_mrt/install/husarion_ugv_description/share/husarion_ugv_description/rviz/robot_model.rviz
[0.489s] -- Installing: /home/sohan/slam_mrt/install/husarion_ugv_description/share/husarion_ugv_description/urdf
[0.489s] -- Installing: /home/sohan/slam_mrt/install/husarion_ugv_description/share/husarion_ugv_description/urdf/common
[0.489s] -- Installing: /home/sohan/slam_mrt/install/husarion_ugv_description/share/husarion_ugv_description/urdf/common/wheel.urdf.xacro
[0.489s] -- Installing: /home/sohan/slam_mrt/install/husarion_ugv_description/share/husarion_ugv_description/urdf/common/gazebo.urdf.xacro
[0.489s] -- Installing: /home/sohan/slam_mrt/install/husarion_ugv_description/share/husarion_ugv_description/urdf/panther
[0.489s] -- Installing: /home/sohan/slam_mrt/install/husarion_ugv_description/share/husarion_ugv_description/urdf/panther/panther_macro.urdf.xacro
[0.489s] -- Installing: /home/sohan/slam_mrt/install/husarion_ugv_description/share/husarion_ugv_description/urdf/panther/base.urdf.xacro
[0.489s] -- Installing: /home/sohan/slam_mrt/install/husarion_ugv_description/share/husarion_ugv_description/urdf/lynx.urdf.xacro
[0.489s] -- Installing: /home/sohan/slam_mrt/install/husarion_ugv_description/share/husarion_ugv_description/urdf/lynx
[0.489s] -- Installing: /home/sohan/slam_mrt/install/husarion_ugv_description/share/husarion_ugv_description/urdf/lynx/lynx_macro.urdf.xacro
[0.489s] -- Installing: /home/sohan/slam_mrt/install/husarion_ugv_description/share/husarion_ugv_description/urdf/lynx/base.urdf.xacro
[0.489s] -- Installing: /home/sohan/slam_mrt/install/husarion_ugv_description/share/husarion_ugv_description/urdf/panther.urdf.xacro
[0.489s] -- Installing: /home/sohan/slam_mrt/install/husarion_ugv_description/share/husarion_ugv_description/environment/setup_envs.sh
[0.489s] -- Installing: /home/sohan/slam_mrt/install/husarion_ugv_description/share/ament_index/resource_index/package_run_dependencies/husarion_ugv_description
[0.489s] -- Installing: /home/sohan/slam_mrt/install/husarion_ugv_description/share/ament_index/resource_index/parent_prefix_path/husarion_ugv_description
[0.489s] -- Installing: /home/sohan/slam_mrt/install/husarion_ugv_description/share/husarion_ugv_description/environment/ament_prefix_path.sh
[0.489s] -- Installing: /home/sohan/slam_mrt/install/husarion_ugv_description/share/husarion_ugv_description/environment/ament_prefix_path.dsv
[0.489s] -- Installing: /home/sohan/slam_mrt/install/husarion_ugv_description/share/husarion_ugv_description/environment/path.sh
[0.489s] -- Installing: /home/sohan/slam_mrt/install/husarion_ugv_description/share/husarion_ugv_description/environment/path.dsv
[0.489s] -- Installing: /home/sohan/slam_mrt/install/husarion_ugv_description/share/husarion_ugv_description/local_setup.bash
[0.489s] -- Installing: /home/sohan/slam_mrt/install/husarion_ugv_description/share/husarion_ugv_description/local_setup.sh
[0.489s] -- Installing: /home/sohan/slam_mrt/install/husarion_ugv_description/share/husarion_ugv_description/local_setup.zsh
[0.489s] -- Installing: /home/sohan/slam_mrt/install/husarion_ugv_description/share/husarion_ugv_description/local_setup.dsv
[0.489s] -- Installing: /home/sohan/slam_mrt/install/husarion_ugv_description/share/husarion_ugv_description/package.dsv
[0.490s] -- Installing: /home/sohan/slam_mrt/install/husarion_ugv_description/share/ament_index/resource_index/packages/husarion_ugv_description
[0.490s] -- Installing: /home/sohan/slam_mrt/install/husarion_ugv_description/share/husarion_ugv_description/cmake/husarion_ugv_descriptionConfig.cmake
[0.490s] -- Installing: /home/sohan/slam_mrt/install/husarion_ugv_description/share/husarion_ugv_description/cmake/husarion_ugv_descriptionConfig-version.cmake
[0.490s] -- Installing: /home/sohan/slam_mrt/install/husarion_ugv_description/share/husarion_ugv_description/package.xml
[0.491s] Invoked command in '/home/sohan/slam_mrt/build/husarion_ugv_description' returned '0': CMAKE_PREFIX_PATH=/home/sohan/slam_mrt/install/husarion_components_description:/home/sohan/slam_mrt/install/husarion_ugv_controller:/home/sohan/slam_mrt/install/husarion_ugv_description:/home/sohan/ekf_ws/install/husarion_ugv_controller:/home/sohan/ekf_ws/install/husarion_ugv_description:/home/sohan/ekf_ws/install/husarion_components_description:/opt/ros/jazzy/opt/gz_sim_vendor:/opt/ros/jazzy/opt/gz_sensors_vendor:/opt/ros/jazzy/opt/gz_physics_vendor:/opt/ros/jazzy/opt/sdformat_vendor:/opt/ros/jazzy/opt/gz_gui_vendor:/opt/ros/jazzy/opt/gz_transport_vendor:/opt/ros/jazzy/opt/gz_rendering_vendor:/opt/ros/jazzy/opt/gz_plugin_vendor:/opt/ros/jazzy/opt/gz_fuel_tools_vendor:/opt/ros/jazzy/opt/gz_msgs_vendor:/opt/ros/jazzy/opt/gz_common_vendor:/opt/ros/jazzy/opt/gz_math_vendor:/opt/ros/jazzy/opt/gz_utils_vendor:/opt/ros/jazzy/opt/gz_tools_vendor:/opt/ros/jazzy/opt/gz_ogre_next_vendor:/opt/ros/jazzy/opt/gz_dartsim_vendor:/opt/ros/jazzy/opt/gz_cmake_vendor:/home/sohan/slam_mrt/install/rover_gazebosim:/home/sohan/slam_mrt/install/rover_ekf:/home/sohan/slam_mrt/install/ekf_dummy_pkg:/home/sohan/slam_mrt/install/ekf_assgn:/home/sohan/ekf_ws/install/rover_gazebosim:/home/sohan/ekf_ws/install/ekf_assgn:/opt/ros/jazzy DEBUGINFOD_URLS=https://debuginfod.ubuntu.com /usr/bin/cmake --install /home/sohan/slam_mrt/build/husarion_ugv_description
