-- Found ament_cmake: 2.5.6 (/opt/ros/jazzy/share/ament_cmake/cmake)
-- Override CMake install command with custom implementation using symlinks instead of copying resources
-- Configuring done (0.2s)
-- Generating done (0.0s)
-- Build files have been written to: /home/sohan/slam_mrt/build/husarion_ugv_description
-- Install configuration: ""
-- Execute custom install script
-- Symlinking: /home/sohan/slam_mrt/install/husarion_ugv_description/share/husarion_ugv_description/config/WH01.yaml
-- Symlinking: /home/sohan/slam_mrt/install/husarion_ugv_description/share/husarion_ugv_description/config/WH02.yaml
-- Symlinking: /home/sohan/slam_mrt/install/husarion_ugv_description/share/husarion_ugv_description/config/WH04.yaml
-- Symlinking: /home/sohan/slam_mrt/install/husarion_ugv_description/share/husarion_ugv_description/config/WH05.yaml
-- Symlinking: /home/sohan/slam_mrt/install/husarion_ugv_description/share/husarion_ugv_description/config/components.yaml
-- Symlinking: /home/sohan/slam_mrt/install/husarion_ugv_description/share/husarion_ugv_description/launch/load_urdf.launch.py
-- Symlinking: /home/sohan/slam_mrt/install/husarion_ugv_description/share/husarion_ugv_description/launch/overwrite_robot_description.launch.py
-- Symlinking: /home/sohan/slam_mrt/install/husarion_ugv_description/share/husarion_ugv_description/launch/rviz.launch.py
-- Symlinking: /home/sohan/slam_mrt/install/husarion_ugv_description/share/husarion_ugv_description/launch/visualize_fake_robot.launch.py
-- Symlinking: /home/sohan/slam_mrt/install/husarion_ugv_description/share/husarion_ugv_description/meshes/WH01/fl_wheel.dae
-- Symlinking: /home/sohan/slam_mrt/install/husarion_ugv_description/share/husarion_ugv_description/meshes/WH01/fr_wheel.dae
-- Symlinking: /home/sohan/slam_mrt/install/husarion_ugv_description/share/husarion_ugv_description/meshes/WH01/rl_wheel.dae
-- Symlinking: /home/sohan/slam_mrt/install/husarion_ugv_description/share/husarion_ugv_description/meshes/WH01/rr_wheel.dae
-- Symlinking: /home/sohan/slam_mrt/install/husarion_ugv_description/share/husarion_ugv_description/meshes/WH02/fl_wheel.dae
-- Symlinking: /home/sohan/slam_mrt/install/husarion_ugv_description/share/husarion_ugv_description/meshes/WH02/fr_wheel.dae
-- Symlinking: /home/sohan/slam_mrt/install/husarion_ugv_description/share/husarion_ugv_description/meshes/WH02/rl_wheel.dae
-- Symlinking: /home/sohan/slam_mrt/install/husarion_ugv_description/share/husarion_ugv_description/meshes/WH02/rr_wheel.dae
-- Symlinking: /home/sohan/slam_mrt/install/husarion_ugv_description/share/husarion_ugv_description/meshes/WH04/fl_wheel.dae
-- Symlinking: /home/sohan/slam_mrt/install/husarion_ugv_description/share/husarion_ugv_description/meshes/WH04/fr_wheel.dae
-- Symlinking: /home/sohan/slam_mrt/install/husarion_ugv_description/share/husarion_ugv_description/meshes/WH04/rl_wheel.dae
-- Symlinking: /home/sohan/slam_mrt/install/husarion_ugv_description/share/husarion_ugv_description/meshes/WH04/rr_wheel.dae
-- Symlinking: /home/sohan/slam_mrt/install/husarion_ugv_description/share/husarion_ugv_description/meshes/WH05/fl_wheel.dae
-- Symlinking: /home/sohan/slam_mrt/install/husarion_ugv_description/share/husarion_ugv_description/meshes/WH05/fr_wheel.dae
-- Symlinking: /home/sohan/slam_mrt/install/husarion_ugv_description/share/husarion_ugv_description/meshes/WH05/rl_wheel.dae
-- Symlinking: /home/sohan/slam_mrt/install/husarion_ugv_description/share/husarion_ugv_description/meshes/WH05/rr_wheel.dae
-- Symlinking: /home/sohan/slam_mrt/install/husarion_ugv_description/share/husarion_ugv_description/meshes/lynx/base.dae
-- Symlinking: /home/sohan/slam_mrt/install/husarion_ugv_description/share/husarion_ugv_description/meshes/lynx/base_collision.dae
-- Symlinking: /home/sohan/slam_mrt/install/husarion_ugv_description/share/husarion_ugv_description/meshes/panther/base.dae
-- Symlinking: /home/sohan/slam_mrt/install/husarion_ugv_description/share/husarion_ugv_description/meshes/panther/base_collision.stl
-- Symlinking: /home/sohan/slam_mrt/install/husarion_ugv_description/share/husarion_ugv_description/rviz/husarion_ugv.rviz
-- Symlinking: /home/sohan/slam_mrt/install/husarion_ugv_description/share/husarion_ugv_description/rviz/robot_model.rviz
-- Symlinking: /home/sohan/slam_mrt/install/husarion_ugv_description/share/husarion_ugv_description/urdf/common/gazebo.urdf.xacro
-- Symlinking: /home/sohan/slam_mrt/install/husarion_ugv_description/share/husarion_ugv_description/urdf/common/wheel.urdf.xacro
-- Symlinking: /home/sohan/slam_mrt/install/husarion_ugv_description/share/husarion_ugv_description/urdf/lynx.urdf.xacro
-- Symlinking: /home/sohan/slam_mrt/install/husarion_ugv_description/share/husarion_ugv_description/urdf/lynx/base.urdf.xacro
-- Symlinking: /home/sohan/slam_mrt/install/husarion_ugv_description/share/husarion_ugv_description/urdf/lynx/lynx_macro.urdf.xacro
-- Symlinking: /home/sohan/slam_mrt/install/husarion_ugv_description/share/husarion_ugv_description/urdf/panther.urdf.xacro
-- Symlinking: /home/sohan/slam_mrt/install/husarion_ugv_description/share/husarion_ugv_description/urdf/panther/base.urdf.xacro
-- Symlinking: /home/sohan/slam_mrt/install/husarion_ugv_description/share/husarion_ugv_description/urdf/panther/panther_macro.urdf.xacro
-- Symlinking: /home/sohan/slam_mrt/install/husarion_ugv_description/share/husarion_ugv_description/environment/setup_envs.sh
-- Symlinking: /home/sohan/slam_mrt/install/husarion_ugv_description/share/ament_index/resource_index/package_run_dependencies/husarion_ugv_description
-- Symlinking: /home/sohan/slam_mrt/install/husarion_ugv_description/share/ament_index/resource_index/parent_prefix_path/husarion_ugv_description
-- Symlinking: /home/sohan/slam_mrt/install/husarion_ugv_description/share/husarion_ugv_description/environment/ament_prefix_path.sh
-- Symlinking: /home/sohan/slam_mrt/install/husarion_ugv_description/share/husarion_ugv_description/environment/ament_prefix_path.dsv
-- Symlinking: /home/sohan/slam_mrt/install/husarion_ugv_description/share/husarion_ugv_description/environment/path.sh
-- Symlinking: /home/sohan/slam_mrt/install/husarion_ugv_description/share/husarion_ugv_description/environment/path.dsv
-- Symlinking: /home/sohan/slam_mrt/install/husarion_ugv_description/share/husarion_ugv_description/local_setup.bash
-- Symlinking: /home/sohan/slam_mrt/install/husarion_ugv_description/share/husarion_ugv_description/local_setup.sh
-- Symlinking: /home/sohan/slam_mrt/install/husarion_ugv_description/share/husarion_ugv_description/local_setup.zsh
-- Symlinking: /home/sohan/slam_mrt/install/husarion_ugv_description/share/husarion_ugv_description/local_setup.dsv
-- Symlinking: /home/sohan/slam_mrt/install/husarion_ugv_description/share/husarion_ugv_description/package.dsv
-- Symlinking: /home/sohan/slam_mrt/install/husarion_ugv_description/share/ament_index/resource_index/packages/husarion_ugv_description
-- Symlinking: /home/sohan/slam_mrt/install/husarion_ugv_description/share/husarion_ugv_description/cmake/husarion_ugv_descriptionConfig.cmake
-- Symlinking: /home/sohan/slam_mrt/install/husarion_ugv_description/share/husarion_ugv_description/cmake/husarion_ugv_descriptionConfig-version.cmake
-- Symlinking: /home/sohan/slam_mrt/install/husarion_ugv_description/share/husarion_ugv_description/package.xml
