[0.118s] DEBUG:colcon:Command line arguments: ['/usr/bin/colcon', 'build', '--symlink-install']
[0.119s] DEBUG:colcon:Parsed command line arguments: Namespace(log_base=None, log_level=None, verb_name='build', build_base='build', install_base='install', merge_install=False, symlink_install=True, test_result_base=None, continue_on_error=False, executor='parallel', parallel_workers=32, event_handlers=None, ignore_user_meta=False, metas=['./colcon.meta'], base_paths=['.'], packages_ignore=None, packages_ignore_regex=None, paths=None, packages_up_to=None, packages_up_to_regex=None, packages_above=None, packages_above_and_dependencies=None, packages_above_depth=None, packages_select_by_dep=None, packages_skip_by_dep=None, packages_skip_up_to=None, packages_select_build_failed=False, packages_skip_build_finished=False, packages_select_test_failures=False, packages_skip_test_passed=False, packages_select=None, packages_skip=None, packages_select_regex=None, packages_skip_regex=None, packages_start=None, packages_end=None, allow_overriding=[], cmake_args=None, cmake_target=None, cmake_target_skip_unavailable=False, cmake_clean_cache=False, cmake_clean_first=False, cmake_force_configure=False, ament_cmake_args=None, catkin_cmake_args=None, catkin_skip_building_tests=False, mixin_files=None, mixin=None, verb_parser=<colcon_mixin.mixin.mixin_argument.MixinArgumentDecorator object at 0x7d0e252f4d10>, verb_extension=<colcon_core.verb.build.BuildVerb object at 0x7d0e252f49e0>, main=<bound method BuildVerb.main of <colcon_core.verb.build.BuildVerb object at 0x7d0e252f49e0>>, mixin_verb=('build',))
[0.153s] Level 1:colcon.colcon_core.package_discovery:discover_packages(colcon_meta) check parameters
[0.153s] Level 1:colcon.colcon_core.package_discovery:discover_packages(recursive) check parameters
[0.153s] Level 1:colcon.colcon_core.package_discovery:discover_packages(ignore) check parameters
[0.153s] Level 1:colcon.colcon_core.package_discovery:discover_packages(path) check parameters
[0.153s] Level 1:colcon.colcon_core.package_discovery:discover_packages(colcon_meta) discover
[0.153s] Level 1:colcon.colcon_core.package_discovery:discover_packages(recursive) discover
[0.153s] INFO:colcon.colcon_core.package_discovery:Crawling recursively for packages in '/home/sohan/slam_mrt'
[0.153s] Level 1:colcon.colcon_core.package_identification:_identify(.) by extensions ['ignore', 'ignore_ament_install']
[0.153s] Level 1:colcon.colcon_core.package_identification:_identify(.) by extension 'ignore'
[0.153s] Level 1:colcon.colcon_core.package_identification:_identify(.) by extension 'ignore_ament_install'
[0.153s] Level 1:colcon.colcon_core.package_identification:_identify(.) by extensions ['colcon_pkg']
[0.153s] Level 1:colcon.colcon_core.package_identification:_identify(.) by extension 'colcon_pkg'
[0.153s] Level 1:colcon.colcon_core.package_identification:_identify(.) by extensions ['colcon_meta']
[0.153s] Level 1:colcon.colcon_core.package_identification:_identify(.) by extension 'colcon_meta'
[0.153s] Level 1:colcon.colcon_core.package_identification:_identify(.) by extensions ['ros']
[0.153s] Level 1:colcon.colcon_core.package_identification:_identify(.) by extension 'ros'
[0.172s] Level 1:colcon.colcon_core.package_identification:_identify(.) by extensions ['cmake', 'python']
[0.172s] Level 1:colcon.colcon_core.package_identification:_identify(.) by extension 'cmake'
[0.172s] Level 1:colcon.colcon_core.package_identification:_identify(.) by extension 'python'
[0.172s] Level 1:colcon.colcon_core.package_identification:_identify(.) by extensions ['python_setup_py']
[0.172s] Level 1:colcon.colcon_core.package_identification:_identify(.) by extension 'python_setup_py'
[0.172s] Level 1:colcon.colcon_core.package_identification:_identify(build) by extensions ['ignore', 'ignore_ament_install']
[0.172s] Level 1:colcon.colcon_core.package_identification:_identify(build) by extension 'ignore'
[0.172s] Level 1:colcon.colcon_core.package_identification:_identify(build) ignored
[0.172s] Level 1:colcon.colcon_core.package_identification:_identify(ekf_assgn) by extensions ['ignore', 'ignore_ament_install']
[0.173s] Level 1:colcon.colcon_core.package_identification:_identify(ekf_assgn) by extension 'ignore'
[0.173s] Level 1:colcon.colcon_core.package_identification:_identify(ekf_assgn) by extension 'ignore_ament_install'
[0.173s] Level 1:colcon.colcon_core.package_identification:_identify(ekf_assgn) by extensions ['colcon_pkg']
[0.173s] Level 1:colcon.colcon_core.package_identification:_identify(ekf_assgn) by extension 'colcon_pkg'
[0.173s] Level 1:colcon.colcon_core.package_identification:_identify(ekf_assgn) by extensions ['colcon_meta']
[0.173s] Level 1:colcon.colcon_core.package_identification:_identify(ekf_assgn) by extension 'colcon_meta'
[0.173s] Level 1:colcon.colcon_core.package_identification:_identify(ekf_assgn) by extensions ['ros']
[0.173s] Level 1:colcon.colcon_core.package_identification:_identify(ekf_assgn) by extension 'ros'
[0.176s] DEBUG:colcon.colcon_core.package_identification:Package 'ekf_assgn' with type 'ros.ament_python' and name 'ekf_assgn'
[0.176s] Level 1:colcon.colcon_core.package_identification:_identify(ekf_dummy_pkg) by extensions ['ignore', 'ignore_ament_install']
[0.176s] Level 1:colcon.colcon_core.package_identification:_identify(ekf_dummy_pkg) by extension 'ignore'
[0.176s] Level 1:colcon.colcon_core.package_identification:_identify(ekf_dummy_pkg) by extension 'ignore_ament_install'
[0.176s] Level 1:colcon.colcon_core.package_identification:_identify(ekf_dummy_pkg) by extensions ['colcon_pkg']
[0.176s] Level 1:colcon.colcon_core.package_identification:_identify(ekf_dummy_pkg) by extension 'colcon_pkg'
[0.176s] Level 1:colcon.colcon_core.package_identification:_identify(ekf_dummy_pkg) by extensions ['colcon_meta']
[0.176s] Level 1:colcon.colcon_core.package_identification:_identify(ekf_dummy_pkg) by extension 'colcon_meta'
[0.176s] Level 1:colcon.colcon_core.package_identification:_identify(ekf_dummy_pkg) by extensions ['ros']
[0.176s] Level 1:colcon.colcon_core.package_identification:_identify(ekf_dummy_pkg) by extension 'ros'
[0.177s] DEBUG:colcon.colcon_core.package_identification:Package 'ekf_dummy_pkg' with type 'ros.ament_python' and name 'ekf_dummy_pkg'
[0.177s] Level 1:colcon.colcon_core.package_identification:_identify(husarion_components_description) by extensions ['ignore', 'ignore_ament_install']
[0.177s] Level 1:colcon.colcon_core.package_identification:_identify(husarion_components_description) by extension 'ignore'
[0.177s] Level 1:colcon.colcon_core.package_identification:_identify(husarion_components_description) by extension 'ignore_ament_install'
[0.177s] Level 1:colcon.colcon_core.package_identification:_identify(husarion_components_description) by extensions ['colcon_pkg']
[0.177s] Level 1:colcon.colcon_core.package_identification:_identify(husarion_components_description) by extension 'colcon_pkg'
[0.177s] Level 1:colcon.colcon_core.package_identification:_identify(husarion_components_description) by extensions ['colcon_meta']
[0.177s] Level 1:colcon.colcon_core.package_identification:_identify(husarion_components_description) by extension 'colcon_meta'
[0.177s] Level 1:colcon.colcon_core.package_identification:_identify(husarion_components_description) by extensions ['ros']
[0.177s] Level 1:colcon.colcon_core.package_identification:_identify(husarion_components_description) by extension 'ros'
[0.193s] DEBUG:colcon.colcon_core.package_identification:Package 'husarion_components_description' with type 'ros.ament_cmake' and name 'husarion_components_description'
[0.193s] Level 1:colcon.colcon_core.package_identification:_identify(husarion_ugv_controller) by extensions ['ignore', 'ignore_ament_install']
[0.193s] Level 1:colcon.colcon_core.package_identification:_identify(husarion_ugv_controller) by extension 'ignore'
[0.193s] Level 1:colcon.colcon_core.package_identification:_identify(husarion_ugv_controller) by extension 'ignore_ament_install'
[0.193s] Level 1:colcon.colcon_core.package_identification:_identify(husarion_ugv_controller) by extensions ['colcon_pkg']
[0.193s] Level 1:colcon.colcon_core.package_identification:_identify(husarion_ugv_controller) by extension 'colcon_pkg'
[0.193s] Level 1:colcon.colcon_core.package_identification:_identify(husarion_ugv_controller) by extensions ['colcon_meta']
[0.193s] Level 1:colcon.colcon_core.package_identification:_identify(husarion_ugv_controller) by extension 'colcon_meta'
[0.193s] Level 1:colcon.colcon_core.package_identification:_identify(husarion_ugv_controller) by extensions ['ros']
[0.193s] Level 1:colcon.colcon_core.package_identification:_identify(husarion_ugv_controller) by extension 'ros'
[0.194s] DEBUG:colcon.colcon_core.package_identification:Package 'husarion_ugv_controller' with type 'ros.ament_cmake' and name 'husarion_ugv_controller'
[0.194s] Level 1:colcon.colcon_core.package_identification:_identify(husarion_ugv_description) by extensions ['ignore', 'ignore_ament_install']
[0.194s] Level 1:colcon.colcon_core.package_identification:_identify(husarion_ugv_description) by extension 'ignore'
[0.194s] Level 1:colcon.colcon_core.package_identification:_identify(husarion_ugv_description) by extension 'ignore_ament_install'
[0.194s] Level 1:colcon.colcon_core.package_identification:_identify(husarion_ugv_description) by extensions ['colcon_pkg']
[0.194s] Level 1:colcon.colcon_core.package_identification:_identify(husarion_ugv_description) by extension 'colcon_pkg'
[0.194s] Level 1:colcon.colcon_core.package_identification:_identify(husarion_ugv_description) by extensions ['colcon_meta']
[0.194s] Level 1:colcon.colcon_core.package_identification:_identify(husarion_ugv_description) by extension 'colcon_meta'
[0.194s] Level 1:colcon.colcon_core.package_identification:_identify(husarion_ugv_description) by extensions ['ros']
[0.194s] Level 1:colcon.colcon_core.package_identification:_identify(husarion_ugv_description) by extension 'ros'
[0.195s] DEBUG:colcon.colcon_core.package_identification:Package 'husarion_ugv_description' with type 'ros.ament_cmake' and name 'husarion_ugv_description'
[0.195s] Level 1:colcon.colcon_core.package_identification:_identify(install) by extensions ['ignore', 'ignore_ament_install']
[0.195s] Level 1:colcon.colcon_core.package_identification:_identify(install) by extension 'ignore'
[0.195s] Level 1:colcon.colcon_core.package_identification:_identify(install) ignored
[0.195s] Level 1:colcon.colcon_core.package_identification:_identify(log) by extensions ['ignore', 'ignore_ament_install']
[0.195s] Level 1:colcon.colcon_core.package_identification:_identify(log) by extension 'ignore'
[0.195s] Level 1:colcon.colcon_core.package_identification:_identify(log) ignored
[0.195s] Level 1:colcon.colcon_core.package_identification:_identify(rover_ekf) by extensions ['ignore', 'ignore_ament_install']
[0.195s] Level 1:colcon.colcon_core.package_identification:_identify(rover_ekf) by extension 'ignore'
[0.195s] Level 1:colcon.colcon_core.package_identification:_identify(rover_ekf) by extension 'ignore_ament_install'
[0.195s] Level 1:colcon.colcon_core.package_identification:_identify(rover_ekf) by extensions ['colcon_pkg']
[0.195s] Level 1:colcon.colcon_core.package_identification:_identify(rover_ekf) by extension 'colcon_pkg'
[0.195s] Level 1:colcon.colcon_core.package_identification:_identify(rover_ekf) by extensions ['colcon_meta']
[0.195s] Level 1:colcon.colcon_core.package_identification:_identify(rover_ekf) by extension 'colcon_meta'
[0.195s] Level 1:colcon.colcon_core.package_identification:_identify(rover_ekf) by extensions ['ros']
[0.195s] Level 1:colcon.colcon_core.package_identification:_identify(rover_ekf) by extension 'ros'
[0.196s] DEBUG:colcon.colcon_core.package_identification:Package 'rover_ekf' with type 'ros.ament_python' and name 'rover_ekf'
[0.196s] Level 1:colcon.colcon_core.package_identification:_identify(rover_gazebosim) by extensions ['ignore', 'ignore_ament_install']
[0.196s] Level 1:colcon.colcon_core.package_identification:_identify(rover_gazebosim) by extension 'ignore'
[0.196s] Level 1:colcon.colcon_core.package_identification:_identify(rover_gazebosim) by extension 'ignore_ament_install'
[0.196s] Level 1:colcon.colcon_core.package_identification:_identify(rover_gazebosim) by extensions ['colcon_pkg']
[0.196s] Level 1:colcon.colcon_core.package_identification:_identify(rover_gazebosim) by extension 'colcon_pkg'
[0.196s] Level 1:colcon.colcon_core.package_identification:_identify(rover_gazebosim) by extensions ['colcon_meta']
[0.196s] Level 1:colcon.colcon_core.package_identification:_identify(rover_gazebosim) by extension 'colcon_meta'
[0.196s] Level 1:colcon.colcon_core.package_identification:_identify(rover_gazebosim) by extensions ['ros']
[0.196s] Level 1:colcon.colcon_core.package_identification:_identify(rover_gazebosim) by extension 'ros'
[0.196s] DEBUG:colcon.colcon_core.package_identification:Package 'rover_gazebosim' with type 'ros.ament_python' and name 'rover_gazebosim'
[0.196s] Level 1:colcon.colcon_core.package_discovery:discover_packages(recursive) using defaults
[0.196s] Level 1:colcon.colcon_core.package_discovery:discover_packages(ignore) discover
[0.196s] Level 1:colcon.colcon_core.package_discovery:discover_packages(ignore) using defaults
[0.196s] Level 1:colcon.colcon_core.package_discovery:discover_packages(path) discover
[0.196s] Level 1:colcon.colcon_core.package_discovery:discover_packages(path) using defaults
[0.231s] Level 1:colcon.colcon_core.package_discovery:discover_packages(prefix_path) check parameters
[0.232s] Level 1:colcon.colcon_core.package_discovery:discover_packages(prefix_path) discover
[0.234s] DEBUG:colcon.colcon_installed_package_information.package_discovery:Found 7 installed packages in /home/sohan/slam_mrt/install
[0.235s] DEBUG:colcon.colcon_installed_package_information.package_discovery:Found 455 installed packages in /opt/ros/jazzy
[0.236s] Level 1:colcon.colcon_core.package_discovery:discover_packages(prefix_path) using defaults
[0.275s] Level 5:colcon.colcon_core.verb:set package 'ekf_assgn' build argument 'cmake_args' from command line to 'None'
[0.275s] Level 5:colcon.colcon_core.verb:set package 'ekf_assgn' build argument 'cmake_target' from command line to 'None'
[0.275s] Level 5:colcon.colcon_core.verb:set package 'ekf_assgn' build argument 'cmake_target_skip_unavailable' from command line to 'False'
[0.275s] Level 5:colcon.colcon_core.verb:set package 'ekf_assgn' build argument 'cmake_clean_cache' from command line to 'False'
[0.275s] Level 5:colcon.colcon_core.verb:set package 'ekf_assgn' build argument 'cmake_clean_first' from command line to 'False'
[0.275s] Level 5:colcon.colcon_core.verb:set package 'ekf_assgn' build argument 'cmake_force_configure' from command line to 'False'
[0.275s] Level 5:colcon.colcon_core.verb:set package 'ekf_assgn' build argument 'ament_cmake_args' from command line to 'None'
[0.275s] Level 5:colcon.colcon_core.verb:set package 'ekf_assgn' build argument 'catkin_cmake_args' from command line to 'None'
[0.275s] Level 5:colcon.colcon_core.verb:set package 'ekf_assgn' build argument 'catkin_skip_building_tests' from command line to 'False'
[0.275s] DEBUG:colcon.colcon_core.verb:Building package 'ekf_assgn' with the following arguments: {'ament_cmake_args': None, 'build_base': '/home/sohan/slam_mrt/build/ekf_assgn', 'catkin_cmake_args': None, 'catkin_skip_building_tests': False, 'cmake_args': None, 'cmake_clean_cache': False, 'cmake_clean_first': False, 'cmake_force_configure': False, 'cmake_target': None, 'cmake_target_skip_unavailable': False, 'install_base': '/home/sohan/slam_mrt/install/ekf_assgn', 'merge_install': False, 'path': '/home/sohan/slam_mrt/ekf_assgn', 'symlink_install': True, 'test_result_base': None}
[0.275s] Level 5:colcon.colcon_core.verb:set package 'ekf_dummy_pkg' build argument 'cmake_args' from command line to 'None'
[0.275s] Level 5:colcon.colcon_core.verb:set package 'ekf_dummy_pkg' build argument 'cmake_target' from command line to 'None'
[0.275s] Level 5:colcon.colcon_core.verb:set package 'ekf_dummy_pkg' build argument 'cmake_target_skip_unavailable' from command line to 'False'
[0.275s] Level 5:colcon.colcon_core.verb:set package 'ekf_dummy_pkg' build argument 'cmake_clean_cache' from command line to 'False'
[0.275s] Level 5:colcon.colcon_core.verb:set package 'ekf_dummy_pkg' build argument 'cmake_clean_first' from command line to 'False'
[0.275s] Level 5:colcon.colcon_core.verb:set package 'ekf_dummy_pkg' build argument 'cmake_force_configure' from command line to 'False'
[0.275s] Level 5:colcon.colcon_core.verb:set package 'ekf_dummy_pkg' build argument 'ament_cmake_args' from command line to 'None'
[0.275s] Level 5:colcon.colcon_core.verb:set package 'ekf_dummy_pkg' build argument 'catkin_cmake_args' from command line to 'None'
[0.275s] Level 5:colcon.colcon_core.verb:set package 'ekf_dummy_pkg' build argument 'catkin_skip_building_tests' from command line to 'False'
[0.275s] DEBUG:colcon.colcon_core.verb:Building package 'ekf_dummy_pkg' with the following arguments: {'ament_cmake_args': None, 'build_base': '/home/sohan/slam_mrt/build/ekf_dummy_pkg', 'catkin_cmake_args': None, 'catkin_skip_building_tests': False, 'cmake_args': None, 'cmake_clean_cache': False, 'cmake_clean_first': False, 'cmake_force_configure': False, 'cmake_target': None, 'cmake_target_skip_unavailable': False, 'install_base': '/home/sohan/slam_mrt/install/ekf_dummy_pkg', 'merge_install': False, 'path': '/home/sohan/slam_mrt/ekf_dummy_pkg', 'symlink_install': True, 'test_result_base': None}
[0.275s] Level 5:colcon.colcon_core.verb:set package 'husarion_components_description' build argument 'cmake_args' from command line to 'None'
[0.275s] Level 5:colcon.colcon_core.verb:set package 'husarion_components_description' build argument 'cmake_target' from command line to 'None'
[0.275s] Level 5:colcon.colcon_core.verb:set package 'husarion_components_description' build argument 'cmake_target_skip_unavailable' from command line to 'False'
[0.275s] Level 5:colcon.colcon_core.verb:set package 'husarion_components_description' build argument 'cmake_clean_cache' from command line to 'False'
[0.275s] Level 5:colcon.colcon_core.verb:set package 'husarion_components_description' build argument 'cmake_clean_first' from command line to 'False'
[0.275s] Level 5:colcon.colcon_core.verb:set package 'husarion_components_description' build argument 'cmake_force_configure' from command line to 'False'
[0.275s] Level 5:colcon.colcon_core.verb:set package 'husarion_components_description' build argument 'ament_cmake_args' from command line to 'None'
[0.275s] Level 5:colcon.colcon_core.verb:set package 'husarion_components_description' build argument 'catkin_cmake_args' from command line to 'None'
[0.275s] Level 5:colcon.colcon_core.verb:set package 'husarion_components_description' build argument 'catkin_skip_building_tests' from command line to 'False'
[0.275s] DEBUG:colcon.colcon_core.verb:Building package 'husarion_components_description' with the following arguments: {'ament_cmake_args': None, 'build_base': '/home/sohan/slam_mrt/build/husarion_components_description', 'catkin_cmake_args': None, 'catkin_skip_building_tests': False, 'cmake_args': None, 'cmake_clean_cache': False, 'cmake_clean_first': False, 'cmake_force_configure': False, 'cmake_target': None, 'cmake_target_skip_unavailable': False, 'install_base': '/home/sohan/slam_mrt/install/husarion_components_description', 'merge_install': False, 'path': '/home/sohan/slam_mrt/husarion_components_description', 'symlink_install': True, 'test_result_base': None}
[0.275s] Level 5:colcon.colcon_core.verb:set package 'rover_ekf' build argument 'cmake_args' from command line to 'None'
[0.276s] Level 5:colcon.colcon_core.verb:set package 'rover_ekf' build argument 'cmake_target' from command line to 'None'
[0.276s] Level 5:colcon.colcon_core.verb:set package 'rover_ekf' build argument 'cmake_target_skip_unavailable' from command line to 'False'
[0.276s] Level 5:colcon.colcon_core.verb:set package 'rover_ekf' build argument 'cmake_clean_cache' from command line to 'False'
[0.276s] Level 5:colcon.colcon_core.verb:set package 'rover_ekf' build argument 'cmake_clean_first' from command line to 'False'
[0.276s] Level 5:colcon.colcon_core.verb:set package 'rover_ekf' build argument 'cmake_force_configure' from command line to 'False'
[0.276s] Level 5:colcon.colcon_core.verb:set package 'rover_ekf' build argument 'ament_cmake_args' from command line to 'None'
[0.276s] Level 5:colcon.colcon_core.verb:set package 'rover_ekf' build argument 'catkin_cmake_args' from command line to 'None'
[0.276s] Level 5:colcon.colcon_core.verb:set package 'rover_ekf' build argument 'catkin_skip_building_tests' from command line to 'False'
[0.276s] DEBUG:colcon.colcon_core.verb:Building package 'rover_ekf' with the following arguments: {'ament_cmake_args': None, 'build_base': '/home/sohan/slam_mrt/build/rover_ekf', 'catkin_cmake_args': None, 'catkin_skip_building_tests': False, 'cmake_args': None, 'cmake_clean_cache': False, 'cmake_clean_first': False, 'cmake_force_configure': False, 'cmake_target': None, 'cmake_target_skip_unavailable': False, 'install_base': '/home/sohan/slam_mrt/install/rover_ekf', 'merge_install': False, 'path': '/home/sohan/slam_mrt/rover_ekf', 'symlink_install': True, 'test_result_base': None}
[0.276s] Level 5:colcon.colcon_core.verb:set package 'rover_gazebosim' build argument 'cmake_args' from command line to 'None'
[0.276s] Level 5:colcon.colcon_core.verb:set package 'rover_gazebosim' build argument 'cmake_target' from command line to 'None'
[0.276s] Level 5:colcon.colcon_core.verb:set package 'rover_gazebosim' build argument 'cmake_target_skip_unavailable' from command line to 'False'
[0.276s] Level 5:colcon.colcon_core.verb:set package 'rover_gazebosim' build argument 'cmake_clean_cache' from command line to 'False'
[0.276s] Level 5:colcon.colcon_core.verb:set package 'rover_gazebosim' build argument 'cmake_clean_first' from command line to 'False'
[0.276s] Level 5:colcon.colcon_core.verb:set package 'rover_gazebosim' build argument 'cmake_force_configure' from command line to 'False'
[0.276s] Level 5:colcon.colcon_core.verb:set package 'rover_gazebosim' build argument 'ament_cmake_args' from command line to 'None'
[0.276s] Level 5:colcon.colcon_core.verb:set package 'rover_gazebosim' build argument 'catkin_cmake_args' from command line to 'None'
[0.276s] Level 5:colcon.colcon_core.verb:set package 'rover_gazebosim' build argument 'catkin_skip_building_tests' from command line to 'False'
[0.276s] DEBUG:colcon.colcon_core.verb:Building package 'rover_gazebosim' with the following arguments: {'ament_cmake_args': None, 'build_base': '/home/sohan/slam_mrt/build/rover_gazebosim', 'catkin_cmake_args': None, 'catkin_skip_building_tests': False, 'cmake_args': None, 'cmake_clean_cache': False, 'cmake_clean_first': False, 'cmake_force_configure': False, 'cmake_target': None, 'cmake_target_skip_unavailable': False, 'install_base': '/home/sohan/slam_mrt/install/rover_gazebosim', 'merge_install': False, 'path': '/home/sohan/slam_mrt/rover_gazebosim', 'symlink_install': True, 'test_result_base': None}
[0.276s] Level 5:colcon.colcon_core.verb:set package 'husarion_ugv_description' build argument 'cmake_args' from command line to 'None'
[0.276s] Level 5:colcon.colcon_core.verb:set package 'husarion_ugv_description' build argument 'cmake_target' from command line to 'None'
[0.276s] Level 5:colcon.colcon_core.verb:set package 'husarion_ugv_description' build argument 'cmake_target_skip_unavailable' from command line to 'False'
[0.276s] Level 5:colcon.colcon_core.verb:set package 'husarion_ugv_description' build argument 'cmake_clean_cache' from command line to 'False'
[0.276s] Level 5:colcon.colcon_core.verb:set package 'husarion_ugv_description' build argument 'cmake_clean_first' from command line to 'False'
[0.276s] Level 5:colcon.colcon_core.verb:set package 'husarion_ugv_description' build argument 'cmake_force_configure' from command line to 'False'
[0.276s] Level 5:colcon.colcon_core.verb:set package 'husarion_ugv_description' build argument 'ament_cmake_args' from command line to 'None'
[0.276s] Level 5:colcon.colcon_core.verb:set package 'husarion_ugv_description' build argument 'catkin_cmake_args' from command line to 'None'
[0.276s] Level 5:colcon.colcon_core.verb:set package 'husarion_ugv_description' build argument 'catkin_skip_building_tests' from command line to 'False'
[0.276s] DEBUG:colcon.colcon_core.verb:Building package 'husarion_ugv_description' with the following arguments: {'ament_cmake_args': None, 'build_base': '/home/sohan/slam_mrt/build/husarion_ugv_description', 'catkin_cmake_args': None, 'catkin_skip_building_tests': False, 'cmake_args': None, 'cmake_clean_cache': False, 'cmake_clean_first': False, 'cmake_force_configure': False, 'cmake_target': None, 'cmake_target_skip_unavailable': False, 'install_base': '/home/sohan/slam_mrt/install/husarion_ugv_description', 'merge_install': False, 'path': '/home/sohan/slam_mrt/husarion_ugv_description', 'symlink_install': True, 'test_result_base': None}
[0.276s] Level 5:colcon.colcon_core.verb:set package 'husarion_ugv_controller' build argument 'cmake_args' from command line to 'None'
[0.276s] Level 5:colcon.colcon_core.verb:set package 'husarion_ugv_controller' build argument 'cmake_target' from command line to 'None'
[0.276s] Level 5:colcon.colcon_core.verb:set package 'husarion_ugv_controller' build argument 'cmake_target_skip_unavailable' from command line to 'False'
[0.276s] Level 5:colcon.colcon_core.verb:set package 'husarion_ugv_controller' build argument 'cmake_clean_cache' from command line to 'False'
[0.276s] Level 5:colcon.colcon_core.verb:set package 'husarion_ugv_controller' build argument 'cmake_clean_first' from command line to 'False'
[0.276s] Level 5:colcon.colcon_core.verb:set package 'husarion_ugv_controller' build argument 'cmake_force_configure' from command line to 'False'
[0.276s] Level 5:colcon.colcon_core.verb:set package 'husarion_ugv_controller' build argument 'ament_cmake_args' from command line to 'None'
[0.276s] Level 5:colcon.colcon_core.verb:set package 'husarion_ugv_controller' build argument 'catkin_cmake_args' from command line to 'None'
[0.276s] Level 5:colcon.colcon_core.verb:set package 'husarion_ugv_controller' build argument 'catkin_skip_building_tests' from command line to 'False'
[0.276s] DEBUG:colcon.colcon_core.verb:Building package 'husarion_ugv_controller' with the following arguments: {'ament_cmake_args': None, 'build_base': '/home/sohan/slam_mrt/build/husarion_ugv_controller', 'catkin_cmake_args': None, 'catkin_skip_building_tests': False, 'cmake_args': None, 'cmake_clean_cache': False, 'cmake_clean_first': False, 'cmake_force_configure': False, 'cmake_target': None, 'cmake_target_skip_unavailable': False, 'install_base': '/home/sohan/slam_mrt/install/husarion_ugv_controller', 'merge_install': False, 'path': '/home/sohan/slam_mrt/husarion_ugv_controller', 'symlink_install': True, 'test_result_base': None}
[0.276s] INFO:colcon.colcon_core.executor:Executing jobs using 'parallel' executor
[0.277s] DEBUG:colcon.colcon_parallel_executor.executor.parallel:run_until_complete
[0.277s] INFO:colcon.colcon_ros.task.ament_cmake.build:Building ROS package in '/home/sohan/slam_mrt/husarion_components_description' with build type 'ament_cmake'
[0.277s] INFO:colcon.colcon_cmake.task.cmake.build:Building CMake package in '/home/sohan/slam_mrt/husarion_components_description'
[0.280s] INFO:colcon.colcon_core.plugin_system:Skipping extension 'colcon_core.shell.bat': Not used on non-Windows systems
[0.280s] INFO:colcon.colcon_core.shell:Skip shell extension 'powershell' for command environment: Not usable outside of PowerShell
[0.280s] DEBUG:colcon.colcon_core.shell:Skip shell extension 'dsv' for command environment
[0.284s] INFO:colcon.colcon_ros.task.ament_python.build:Building ROS package in '/home/sohan/slam_mrt/ekf_assgn' with build type 'ament_python'
[0.285s] Level 1:colcon.colcon_core.shell:create_environment_hook('ekf_assgn', 'ament_prefix_path')
[0.285s] INFO:colcon.colcon_core.shell:Creating environment hook '/home/sohan/slam_mrt/install/ekf_assgn/share/ekf_assgn/hook/ament_prefix_path.ps1'
[0.285s] INFO:colcon.colcon_core.shell:Creating environment descriptor '/home/sohan/slam_mrt/install/ekf_assgn/share/ekf_assgn/hook/ament_prefix_path.dsv'
[0.286s] INFO:colcon.colcon_core.shell:Creating environment hook '/home/sohan/slam_mrt/install/ekf_assgn/share/ekf_assgn/hook/ament_prefix_path.sh'
[0.286s] INFO:colcon.colcon_core.shell:Skip shell extension 'powershell' for command environment: Not usable outside of PowerShell
[0.286s] DEBUG:colcon.colcon_core.shell:Skip shell extension 'dsv' for command environment
[0.290s] INFO:colcon.colcon_ros.task.ament_python.build:Building ROS package in '/home/sohan/slam_mrt/ekf_dummy_pkg' with build type 'ament_python'
[0.290s] Level 1:colcon.colcon_core.shell:create_environment_hook('ekf_dummy_pkg', 'ament_prefix_path')
[0.290s] INFO:colcon.colcon_core.shell:Creating environment hook '/home/sohan/slam_mrt/install/ekf_dummy_pkg/share/ekf_dummy_pkg/hook/ament_prefix_path.ps1'
[0.291s] INFO:colcon.colcon_core.shell:Creating environment descriptor '/home/sohan/slam_mrt/install/ekf_dummy_pkg/share/ekf_dummy_pkg/hook/ament_prefix_path.dsv'
[0.291s] INFO:colcon.colcon_core.shell:Creating environment hook '/home/sohan/slam_mrt/install/ekf_dummy_pkg/share/ekf_dummy_pkg/hook/ament_prefix_path.sh'
[0.291s] INFO:colcon.colcon_core.shell:Skip shell extension 'powershell' for command environment: Not usable outside of PowerShell
[0.292s] DEBUG:colcon.colcon_core.shell:Skip shell extension 'dsv' for command environment
[0.294s] INFO:colcon.colcon_ros.task.ament_python.build:Building ROS package in '/home/sohan/slam_mrt/rover_ekf' with build type 'ament_python'
[0.294s] Level 1:colcon.colcon_core.shell:create_environment_hook('rover_ekf', 'ament_prefix_path')
[0.294s] INFO:colcon.colcon_core.shell:Creating environment hook '/home/sohan/slam_mrt/install/rover_ekf/share/rover_ekf/hook/ament_prefix_path.ps1'
[0.295s] INFO:colcon.colcon_core.shell:Creating environment descriptor '/home/sohan/slam_mrt/install/rover_ekf/share/rover_ekf/hook/ament_prefix_path.dsv'
[0.295s] INFO:colcon.colcon_core.shell:Creating environment hook '/home/sohan/slam_mrt/install/rover_ekf/share/rover_ekf/hook/ament_prefix_path.sh'
[0.295s] INFO:colcon.colcon_core.shell:Skip shell extension 'powershell' for command environment: Not usable outside of PowerShell
[0.295s] DEBUG:colcon.colcon_core.shell:Skip shell extension 'dsv' for command environment
[0.298s] INFO:colcon.colcon_ros.task.ament_python.build:Building ROS package in '/home/sohan/slam_mrt/rover_gazebosim' with build type 'ament_python'
[0.298s] Level 1:colcon.colcon_core.shell:create_environment_hook('rover_gazebosim', 'ament_prefix_path')
[0.298s] INFO:colcon.colcon_core.shell:Creating environment hook '/home/sohan/slam_mrt/install/rover_gazebosim/share/rover_gazebosim/hook/ament_prefix_path.ps1'
[0.298s] INFO:colcon.colcon_core.shell:Creating environment descriptor '/home/sohan/slam_mrt/install/rover_gazebosim/share/rover_gazebosim/hook/ament_prefix_path.dsv'
[0.299s] INFO:colcon.colcon_core.shell:Creating environment hook '/home/sohan/slam_mrt/install/rover_gazebosim/share/rover_gazebosim/hook/ament_prefix_path.sh'
[0.299s] INFO:colcon.colcon_core.shell:Skip shell extension 'powershell' for command environment: Not usable outside of PowerShell
[0.299s] DEBUG:colcon.colcon_core.shell:Skip shell extension 'dsv' for command environment
[0.307s] DEBUG:colcon.colcon_core.event_handler.log_command:Invoking command in '/home/sohan/slam_mrt/build/husarion_components_description': CMAKE_PREFIX_PATH=${CMAKE_PREFIX_PATH}:/home/sohan/slam_mrt/install/rover_gazebosim:/home/sohan/slam_mrt/install/rover_ekf:/home/sohan/slam_mrt/install/ekf_dummy_pkg:/home/sohan/slam_mrt/install/ekf_assgn:/opt/ros/jazzy DEBUGINFOD_URLS=https://debuginfod.ubuntu.com /usr/bin/cmake --build /home/sohan/slam_mrt/build/husarion_components_description -- -j32 -l32
[0.477s] INFO:colcon.colcon_core.task.python.build:Building Python package in '/home/sohan/slam_mrt/ekf_assgn'
[0.477s] INFO:colcon.colcon_core.shell:Skip shell extension 'powershell' for command environment: Not usable outside of PowerShell
[0.477s] DEBUG:colcon.colcon_core.shell:Skip shell extension 'dsv' for command environment
[0.649s] INFO:colcon.colcon_core.task.python.build:Building Python package in '/home/sohan/slam_mrt/ekf_dummy_pkg'
[0.649s] INFO:colcon.colcon_core.shell:Skip shell extension 'powershell' for command environment: Not usable outside of PowerShell
[0.649s] DEBUG:colcon.colcon_core.shell:Skip shell extension 'dsv' for command environment
[0.833s] INFO:colcon.colcon_core.task.python.build:Building Python package in '/home/sohan/slam_mrt/rover_ekf'
[0.834s] INFO:colcon.colcon_core.shell:Skip shell extension 'powershell' for command environment: Not usable outside of PowerShell
[0.834s] DEBUG:colcon.colcon_core.shell:Skip shell extension 'dsv' for command environment
[0.840s] DEBUG:colcon.colcon_core.event_handler.log_command:Invoked command in '/home/sohan/slam_mrt/build/husarion_components_description' returned '0': CMAKE_PREFIX_PATH=${CMAKE_PREFIX_PATH}:/home/sohan/slam_mrt/install/rover_gazebosim:/home/sohan/slam_mrt/install/rover_ekf:/home/sohan/slam_mrt/install/ekf_dummy_pkg:/home/sohan/slam_mrt/install/ekf_assgn:/opt/ros/jazzy DEBUGINFOD_URLS=https://debuginfod.ubuntu.com /usr/bin/cmake --build /home/sohan/slam_mrt/build/husarion_components_description -- -j32 -l32
[0.849s] DEBUG:colcon.colcon_core.event_handler.log_command:Invoking command in '/home/sohan/slam_mrt/build/husarion_components_description': CMAKE_PREFIX_PATH=${CMAKE_PREFIX_PATH}:/home/sohan/slam_mrt/install/rover_gazebosim:/home/sohan/slam_mrt/install/rover_ekf:/home/sohan/slam_mrt/install/ekf_dummy_pkg:/home/sohan/slam_mrt/install/ekf_assgn:/opt/ros/jazzy DEBUGINFOD_URLS=https://debuginfod.ubuntu.com /usr/bin/cmake --install /home/sohan/slam_mrt/build/husarion_components_description
[1.020s] INFO:colcon.colcon_core.task.python.build:Building Python package in '/home/sohan/slam_mrt/rover_gazebosim'
[1.020s] INFO:colcon.colcon_core.shell:Skip shell extension 'powershell' for command environment: Not usable outside of PowerShell
[1.021s] DEBUG:colcon.colcon_core.shell:Skip shell extension 'dsv' for command environment
[1.031s] Level 1:colcon.colcon_core.environment:create_environment_scripts_only(husarion_components_description)
[1.035s] Level 1:colcon.colcon_core.environment:checking '/home/sohan/slam_mrt/install/husarion_components_description' for CMake module files
[1.036s] Level 1:colcon.colcon_core.environment:checking '/home/sohan/slam_mrt/install/husarion_components_description' for CMake config files
[1.036s] DEBUG:colcon.colcon_core.event_handler.log_command:Invoked command in '/home/sohan/slam_mrt/build/husarion_components_description' returned '0': CMAKE_PREFIX_PATH=${CMAKE_PREFIX_PATH}:/home/sohan/slam_mrt/install/rover_gazebosim:/home/sohan/slam_mrt/install/rover_ekf:/home/sohan/slam_mrt/install/ekf_dummy_pkg:/home/sohan/slam_mrt/install/ekf_assgn:/opt/ros/jazzy DEBUGINFOD_URLS=https://debuginfod.ubuntu.com /usr/bin/cmake --install /home/sohan/slam_mrt/build/husarion_components_description
[1.037s] Level 1:colcon.colcon_core.shell:create_environment_hook('husarion_components_description', 'cmake_prefix_path')
[1.037s] INFO:colcon.colcon_core.shell:Creating environment hook '/home/sohan/slam_mrt/install/husarion_components_description/share/husarion_components_description/hook/cmake_prefix_path.ps1'
[1.038s] INFO:colcon.colcon_core.shell:Creating environment descriptor '/home/sohan/slam_mrt/install/husarion_components_description/share/husarion_components_description/hook/cmake_prefix_path.dsv'
[1.038s] INFO:colcon.colcon_core.shell:Creating environment hook '/home/sohan/slam_mrt/install/husarion_components_description/share/husarion_components_description/hook/cmake_prefix_path.sh'
[1.038s] Level 1:colcon.colcon_core.environment:checking '/home/sohan/slam_mrt/install/husarion_components_description/bin'
[1.038s] Level 1:colcon.colcon_core.environment:checking '/home/sohan/slam_mrt/install/husarion_components_description/lib/pkgconfig/husarion_components_description.pc'
[1.039s] Level 1:colcon.colcon_core.environment:checking '/home/sohan/slam_mrt/install/husarion_components_description/lib/python3.12/site-packages'
[1.039s] Level 1:colcon.colcon_core.environment:checking '/home/sohan/slam_mrt/install/husarion_components_description/bin'
[1.039s] INFO:colcon.colcon_core.shell:Creating package script '/home/sohan/slam_mrt/install/husarion_components_description/share/husarion_components_description/package.ps1'
[1.040s] INFO:colcon.colcon_core.shell:Creating package descriptor '/home/sohan/slam_mrt/install/husarion_components_description/share/husarion_components_description/package.dsv'
[1.040s] INFO:colcon.colcon_core.shell:Creating package script '/home/sohan/slam_mrt/install/husarion_components_description/share/husarion_components_description/package.sh'
[1.041s] INFO:colcon.colcon_core.shell:Creating package script '/home/sohan/slam_mrt/install/husarion_components_description/share/husarion_components_description/package.bash'
[1.042s] INFO:colcon.colcon_core.shell:Creating package script '/home/sohan/slam_mrt/install/husarion_components_description/share/husarion_components_description/package.zsh'
[1.042s] Level 1:colcon.colcon_core.environment:create_file_with_runtime_dependencies(/home/sohan/slam_mrt/install/husarion_components_description/share/colcon-core/packages/husarion_components_description)
[1.042s] Level 1:colcon.colcon_core.environment:create_environment_scripts_only(husarion_components_description)
[1.043s] Level 1:colcon.colcon_core.environment:checking '/home/sohan/slam_mrt/install/husarion_components_description' for CMake module files
[1.043s] Level 1:colcon.colcon_core.environment:checking '/home/sohan/slam_mrt/install/husarion_components_description' for CMake config files
[1.043s] Level 1:colcon.colcon_core.shell:create_environment_hook('husarion_components_description', 'cmake_prefix_path')
[1.043s] INFO:colcon.colcon_core.shell:Creating environment hook '/home/sohan/slam_mrt/install/husarion_components_description/share/husarion_components_description/hook/cmake_prefix_path.ps1'
[1.044s] INFO:colcon.colcon_core.shell:Creating environment descriptor '/home/sohan/slam_mrt/install/husarion_components_description/share/husarion_components_description/hook/cmake_prefix_path.dsv'
[1.044s] INFO:colcon.colcon_core.shell:Creating environment hook '/home/sohan/slam_mrt/install/husarion_components_description/share/husarion_components_description/hook/cmake_prefix_path.sh'
[1.045s] Level 1:colcon.colcon_core.environment:checking '/home/sohan/slam_mrt/install/husarion_components_description/bin'
[1.045s] Level 1:colcon.colcon_core.environment:checking '/home/sohan/slam_mrt/install/husarion_components_description/lib/pkgconfig/husarion_components_description.pc'
[1.045s] Level 1:colcon.colcon_core.environment:checking '/home/sohan/slam_mrt/install/husarion_components_description/lib/python3.12/site-packages'
[1.045s] Level 1:colcon.colcon_core.environment:checking '/home/sohan/slam_mrt/install/husarion_components_description/bin'
[1.045s] INFO:colcon.colcon_core.shell:Creating package script '/home/sohan/slam_mrt/install/husarion_components_description/share/husarion_components_description/package.ps1'
[1.046s] INFO:colcon.colcon_core.shell:Creating package descriptor '/home/sohan/slam_mrt/install/husarion_components_description/share/husarion_components_description/package.dsv'
[1.046s] INFO:colcon.colcon_core.shell:Creating package script '/home/sohan/slam_mrt/install/husarion_components_description/share/husarion_components_description/package.sh'
[1.047s] INFO:colcon.colcon_core.shell:Creating package script '/home/sohan/slam_mrt/install/husarion_components_description/share/husarion_components_description/package.bash'
[1.047s] INFO:colcon.colcon_core.shell:Creating package script '/home/sohan/slam_mrt/install/husarion_components_description/share/husarion_components_description/package.zsh'
[1.047s] Level 1:colcon.colcon_core.environment:create_file_with_runtime_dependencies(/home/sohan/slam_mrt/install/husarion_components_description/share/colcon-core/packages/husarion_components_description)
[1.048s] INFO:colcon.colcon_ros.task.ament_cmake.build:Building ROS package in '/home/sohan/slam_mrt/husarion_ugv_description' with build type 'ament_cmake'
[1.048s] INFO:colcon.colcon_cmake.task.cmake.build:Building CMake package in '/home/sohan/slam_mrt/husarion_ugv_description'
[1.048s] INFO:colcon.colcon_core.shell:Skip shell extension 'powershell' for command environment: Not usable outside of PowerShell
[1.048s] DEBUG:colcon.colcon_core.shell:Skip shell extension 'dsv' for command environment
[1.058s] DEBUG:colcon.colcon_core.event_handler.log_command:Invoking command in '/home/sohan/slam_mrt/build/husarion_ugv_description': CMAKE_PREFIX_PATH=/home/sohan/slam_mrt/install/husarion_components_description:/home/sohan/slam_mrt/install/husarion_ugv_controller:/home/sohan/slam_mrt/install/husarion_ugv_description:/opt/ros/jazzy/opt/gz_sim_vendor:/opt/ros/jazzy/opt/gz_sensors_vendor:/opt/ros/jazzy/opt/gz_physics_vendor:/opt/ros/jazzy/opt/sdformat_vendor:/opt/ros/jazzy/opt/gz_gui_vendor:/opt/ros/jazzy/opt/gz_transport_vendor:/opt/ros/jazzy/opt/gz_rendering_vendor:/opt/ros/jazzy/opt/gz_plugin_vendor:/opt/ros/jazzy/opt/gz_fuel_tools_vendor:/opt/ros/jazzy/opt/gz_msgs_vendor:/opt/ros/jazzy/opt/gz_common_vendor:/opt/ros/jazzy/opt/gz_math_vendor:/opt/ros/jazzy/opt/gz_utils_vendor:/opt/ros/jazzy/opt/gz_tools_vendor:/opt/ros/jazzy/opt/gz_ogre_next_vendor:/opt/ros/jazzy/opt/gz_dartsim_vendor:/opt/ros/jazzy/opt/gz_cmake_vendor:/home/sohan/slam_mrt/install/rover_gazebosim:/home/sohan/slam_mrt/install/rover_ekf:/home/sohan/slam_mrt/install/ekf_dummy_pkg:/home/sohan/slam_mrt/install/ekf_assgn:/opt/ros/jazzy DEBUGINFOD_URLS=https://debuginfod.ubuntu.com /usr/bin/cmake --build /home/sohan/slam_mrt/build/husarion_ugv_description -- -j32 -l32
[1.097s] DEBUG:colcon.colcon_core.event_handler.log_command:Invoked command in '/home/sohan/slam_mrt/build/husarion_ugv_description' returned '0': CMAKE_PREFIX_PATH=/home/sohan/slam_mrt/install/husarion_components_description:/home/sohan/slam_mrt/install/husarion_ugv_controller:/home/sohan/slam_mrt/install/husarion_ugv_description:/opt/ros/jazzy/opt/gz_sim_vendor:/opt/ros/jazzy/opt/gz_sensors_vendor:/opt/ros/jazzy/opt/gz_physics_vendor:/opt/ros/jazzy/opt/sdformat_vendor:/opt/ros/jazzy/opt/gz_gui_vendor:/opt/ros/jazzy/opt/gz_transport_vendor:/opt/ros/jazzy/opt/gz_rendering_vendor:/opt/ros/jazzy/opt/gz_plugin_vendor:/opt/ros/jazzy/opt/gz_fuel_tools_vendor:/opt/ros/jazzy/opt/gz_msgs_vendor:/opt/ros/jazzy/opt/gz_common_vendor:/opt/ros/jazzy/opt/gz_math_vendor:/opt/ros/jazzy/opt/gz_utils_vendor:/opt/ros/jazzy/opt/gz_tools_vendor:/opt/ros/jazzy/opt/gz_ogre_next_vendor:/opt/ros/jazzy/opt/gz_dartsim_vendor:/opt/ros/jazzy/opt/gz_cmake_vendor:/home/sohan/slam_mrt/install/rover_gazebosim:/home/sohan/slam_mrt/install/rover_ekf:/home/sohan/slam_mrt/install/ekf_dummy_pkg:/home/sohan/slam_mrt/install/ekf_assgn:/opt/ros/jazzy DEBUGINFOD_URLS=https://debuginfod.ubuntu.com /usr/bin/cmake --build /home/sohan/slam_mrt/build/husarion_ugv_description -- -j32 -l32
[1.097s] DEBUG:colcon.colcon_core.event_handler.log_command:Invoking command in '/home/sohan/slam_mrt/build/husarion_ugv_description': CMAKE_PREFIX_PATH=/home/sohan/slam_mrt/install/husarion_components_description:/home/sohan/slam_mrt/install/husarion_ugv_controller:/home/sohan/slam_mrt/install/husarion_ugv_description:/opt/ros/jazzy/opt/gz_sim_vendor:/opt/ros/jazzy/opt/gz_sensors_vendor:/opt/ros/jazzy/opt/gz_physics_vendor:/opt/ros/jazzy/opt/sdformat_vendor:/opt/ros/jazzy/opt/gz_gui_vendor:/opt/ros/jazzy/opt/gz_transport_vendor:/opt/ros/jazzy/opt/gz_rendering_vendor:/opt/ros/jazzy/opt/gz_plugin_vendor:/opt/ros/jazzy/opt/gz_fuel_tools_vendor:/opt/ros/jazzy/opt/gz_msgs_vendor:/opt/ros/jazzy/opt/gz_common_vendor:/opt/ros/jazzy/opt/gz_math_vendor:/opt/ros/jazzy/opt/gz_utils_vendor:/opt/ros/jazzy/opt/gz_tools_vendor:/opt/ros/jazzy/opt/gz_ogre_next_vendor:/opt/ros/jazzy/opt/gz_dartsim_vendor:/opt/ros/jazzy/opt/gz_cmake_vendor:/home/sohan/slam_mrt/install/rover_gazebosim:/home/sohan/slam_mrt/install/rover_ekf:/home/sohan/slam_mrt/install/ekf_dummy_pkg:/home/sohan/slam_mrt/install/ekf_assgn:/opt/ros/jazzy DEBUGINFOD_URLS=https://debuginfod.ubuntu.com /usr/bin/cmake --install /home/sohan/slam_mrt/build/husarion_ugv_description
[1.123s] Level 1:colcon.colcon_core.environment:create_environment_scripts_only(husarion_ugv_description)
[1.124s] Level 1:colcon.colcon_core.environment:checking '/home/sohan/slam_mrt/install/husarion_ugv_description' for CMake module files
[1.125s] Level 1:colcon.colcon_core.environment:checking '/home/sohan/slam_mrt/install/husarion_ugv_description' for CMake config files
[1.125s] DEBUG:colcon.colcon_core.event_handler.log_command:Invoked command in '/home/sohan/slam_mrt/build/husarion_ugv_description' returned '0': CMAKE_PREFIX_PATH=/home/sohan/slam_mrt/install/husarion_components_description:/home/sohan/slam_mrt/install/husarion_ugv_controller:/home/sohan/slam_mrt/install/husarion_ugv_description:/opt/ros/jazzy/opt/gz_sim_vendor:/opt/ros/jazzy/opt/gz_sensors_vendor:/opt/ros/jazzy/opt/gz_physics_vendor:/opt/ros/jazzy/opt/sdformat_vendor:/opt/ros/jazzy/opt/gz_gui_vendor:/opt/ros/jazzy/opt/gz_transport_vendor:/opt/ros/jazzy/opt/gz_rendering_vendor:/opt/ros/jazzy/opt/gz_plugin_vendor:/opt/ros/jazzy/opt/gz_fuel_tools_vendor:/opt/ros/jazzy/opt/gz_msgs_vendor:/opt/ros/jazzy/opt/gz_common_vendor:/opt/ros/jazzy/opt/gz_math_vendor:/opt/ros/jazzy/opt/gz_utils_vendor:/opt/ros/jazzy/opt/gz_tools_vendor:/opt/ros/jazzy/opt/gz_ogre_next_vendor:/opt/ros/jazzy/opt/gz_dartsim_vendor:/opt/ros/jazzy/opt/gz_cmake_vendor:/home/sohan/slam_mrt/install/rover_gazebosim:/home/sohan/slam_mrt/install/rover_ekf:/home/sohan/slam_mrt/install/ekf_dummy_pkg:/home/sohan/slam_mrt/install/ekf_assgn:/opt/ros/jazzy DEBUGINFOD_URLS=https://debuginfod.ubuntu.com /usr/bin/cmake --install /home/sohan/slam_mrt/build/husarion_ugv_description
[1.125s] Level 1:colcon.colcon_core.shell:create_environment_hook('husarion_ugv_description', 'cmake_prefix_path')
[1.126s] INFO:colcon.colcon_core.shell:Creating environment hook '/home/sohan/slam_mrt/install/husarion_ugv_description/share/husarion_ugv_description/hook/cmake_prefix_path.ps1'
[1.126s] INFO:colcon.colcon_core.shell:Creating environment descriptor '/home/sohan/slam_mrt/install/husarion_ugv_description/share/husarion_ugv_description/hook/cmake_prefix_path.dsv'
[1.127s] INFO:colcon.colcon_core.shell:Creating environment hook '/home/sohan/slam_mrt/install/husarion_ugv_description/share/husarion_ugv_description/hook/cmake_prefix_path.sh'
[1.127s] Level 1:colcon.colcon_core.environment:checking '/home/sohan/slam_mrt/install/husarion_ugv_description/bin'
[1.127s] Level 1:colcon.colcon_core.environment:checking '/home/sohan/slam_mrt/install/husarion_ugv_description/lib/pkgconfig/husarion_ugv_description.pc'
[1.128s] Level 1:colcon.colcon_core.environment:checking '/home/sohan/slam_mrt/install/husarion_ugv_description/lib/python3.12/site-packages'
[1.128s] Level 1:colcon.colcon_core.environment:checking '/home/sohan/slam_mrt/install/husarion_ugv_description/bin'
[1.128s] INFO:colcon.colcon_core.shell:Creating package script '/home/sohan/slam_mrt/install/husarion_ugv_description/share/husarion_ugv_description/package.ps1'
[1.128s] INFO:colcon.colcon_core.shell:Creating package descriptor '/home/sohan/slam_mrt/install/husarion_ugv_description/share/husarion_ugv_description/package.dsv'
[1.129s] INFO:colcon.colcon_core.shell:Creating package script '/home/sohan/slam_mrt/install/husarion_ugv_description/share/husarion_ugv_description/package.sh'
[1.129s] INFO:colcon.colcon_core.shell:Creating package script '/home/sohan/slam_mrt/install/husarion_ugv_description/share/husarion_ugv_description/package.bash'
[1.129s] INFO:colcon.colcon_core.shell:Creating package script '/home/sohan/slam_mrt/install/husarion_ugv_description/share/husarion_ugv_description/package.zsh'
[1.129s] Level 1:colcon.colcon_core.environment:create_file_with_runtime_dependencies(/home/sohan/slam_mrt/install/husarion_ugv_description/share/colcon-core/packages/husarion_ugv_description)
[1.130s] Level 1:colcon.colcon_core.environment:create_environment_scripts_only(husarion_ugv_description)
[1.130s] Level 1:colcon.colcon_core.environment:checking '/home/sohan/slam_mrt/install/husarion_ugv_description' for CMake module files
[1.130s] Level 1:colcon.colcon_core.environment:checking '/home/sohan/slam_mrt/install/husarion_ugv_description' for CMake config files
[1.130s] Level 1:colcon.colcon_core.shell:create_environment_hook('husarion_ugv_description', 'cmake_prefix_path')
[1.130s] INFO:colcon.colcon_core.shell:Creating environment hook '/home/sohan/slam_mrt/install/husarion_ugv_description/share/husarion_ugv_description/hook/cmake_prefix_path.ps1'
[1.130s] INFO:colcon.colcon_core.shell:Creating environment descriptor '/home/sohan/slam_mrt/install/husarion_ugv_description/share/husarion_ugv_description/hook/cmake_prefix_path.dsv'
[1.130s] INFO:colcon.colcon_core.shell:Creating environment hook '/home/sohan/slam_mrt/install/husarion_ugv_description/share/husarion_ugv_description/hook/cmake_prefix_path.sh'
[1.131s] Level 1:colcon.colcon_core.environment:checking '/home/sohan/slam_mrt/install/husarion_ugv_description/bin'
[1.131s] Level 1:colcon.colcon_core.environment:checking '/home/sohan/slam_mrt/install/husarion_ugv_description/lib/pkgconfig/husarion_ugv_description.pc'
[1.131s] Level 1:colcon.colcon_core.environment:checking '/home/sohan/slam_mrt/install/husarion_ugv_description/lib/python3.12/site-packages'
[1.131s] Level 1:colcon.colcon_core.environment:checking '/home/sohan/slam_mrt/install/husarion_ugv_description/bin'
[1.131s] INFO:colcon.colcon_core.shell:Creating package script '/home/sohan/slam_mrt/install/husarion_ugv_description/share/husarion_ugv_description/package.ps1'
[1.131s] INFO:colcon.colcon_core.shell:Creating package descriptor '/home/sohan/slam_mrt/install/husarion_ugv_description/share/husarion_ugv_description/package.dsv'
[1.132s] INFO:colcon.colcon_core.shell:Creating package script '/home/sohan/slam_mrt/install/husarion_ugv_description/share/husarion_ugv_description/package.sh'
[1.132s] INFO:colcon.colcon_core.shell:Creating package script '/home/sohan/slam_mrt/install/husarion_ugv_description/share/husarion_ugv_description/package.bash'
[1.132s] INFO:colcon.colcon_core.shell:Creating package script '/home/sohan/slam_mrt/install/husarion_ugv_description/share/husarion_ugv_description/package.zsh'
[1.132s] Level 1:colcon.colcon_core.environment:create_file_with_runtime_dependencies(/home/sohan/slam_mrt/install/husarion_ugv_description/share/colcon-core/packages/husarion_ugv_description)
[1.132s] INFO:colcon.colcon_ros.task.ament_cmake.build:Building ROS package in '/home/sohan/slam_mrt/husarion_ugv_controller' with build type 'ament_cmake'
[1.132s] INFO:colcon.colcon_cmake.task.cmake.build:Building CMake package in '/home/sohan/slam_mrt/husarion_ugv_controller'
[1.132s] INFO:colcon.colcon_core.shell:Skip shell extension 'powershell' for command environment: Not usable outside of PowerShell
[1.133s] DEBUG:colcon.colcon_core.shell:Skip shell extension 'dsv' for command environment
[1.141s] DEBUG:colcon.colcon_core.event_handler.log_command:Invoking command in '/home/sohan/slam_mrt/build/husarion_ugv_controller': CMAKE_PREFIX_PATH=/home/sohan/slam_mrt/install/husarion_ugv_description:/home/sohan/slam_mrt/install/husarion_components_description:/home/sohan/slam_mrt/install/husarion_ugv_controller:/opt/ros/jazzy/opt/gz_sim_vendor:/opt/ros/jazzy/opt/gz_sensors_vendor:/opt/ros/jazzy/opt/gz_physics_vendor:/opt/ros/jazzy/opt/sdformat_vendor:/opt/ros/jazzy/opt/gz_gui_vendor:/opt/ros/jazzy/opt/gz_transport_vendor:/opt/ros/jazzy/opt/gz_rendering_vendor:/opt/ros/jazzy/opt/gz_plugin_vendor:/opt/ros/jazzy/opt/gz_fuel_tools_vendor:/opt/ros/jazzy/opt/gz_msgs_vendor:/opt/ros/jazzy/opt/gz_common_vendor:/opt/ros/jazzy/opt/gz_math_vendor:/opt/ros/jazzy/opt/gz_utils_vendor:/opt/ros/jazzy/opt/gz_tools_vendor:/opt/ros/jazzy/opt/gz_ogre_next_vendor:/opt/ros/jazzy/opt/gz_dartsim_vendor:/opt/ros/jazzy/opt/gz_cmake_vendor:/home/sohan/slam_mrt/install/rover_gazebosim:/home/sohan/slam_mrt/install/rover_ekf:/home/sohan/slam_mrt/install/ekf_dummy_pkg:/home/sohan/slam_mrt/install/ekf_assgn:/opt/ros/jazzy DEBUGINFOD_URLS=https://debuginfod.ubuntu.com /usr/bin/cmake --build /home/sohan/slam_mrt/build/husarion_ugv_controller -- -j32 -l32
[1.181s] DEBUG:colcon.colcon_core.event_handler.log_command:Invoked command in '/home/sohan/slam_mrt/build/husarion_ugv_controller' returned '0': CMAKE_PREFIX_PATH=/home/sohan/slam_mrt/install/husarion_ugv_description:/home/sohan/slam_mrt/install/husarion_components_description:/home/sohan/slam_mrt/install/husarion_ugv_controller:/opt/ros/jazzy/opt/gz_sim_vendor:/opt/ros/jazzy/opt/gz_sensors_vendor:/opt/ros/jazzy/opt/gz_physics_vendor:/opt/ros/jazzy/opt/sdformat_vendor:/opt/ros/jazzy/opt/gz_gui_vendor:/opt/ros/jazzy/opt/gz_transport_vendor:/opt/ros/jazzy/opt/gz_rendering_vendor:/opt/ros/jazzy/opt/gz_plugin_vendor:/opt/ros/jazzy/opt/gz_fuel_tools_vendor:/opt/ros/jazzy/opt/gz_msgs_vendor:/opt/ros/jazzy/opt/gz_common_vendor:/opt/ros/jazzy/opt/gz_math_vendor:/opt/ros/jazzy/opt/gz_utils_vendor:/opt/ros/jazzy/opt/gz_tools_vendor:/opt/ros/jazzy/opt/gz_ogre_next_vendor:/opt/ros/jazzy/opt/gz_dartsim_vendor:/opt/ros/jazzy/opt/gz_cmake_vendor:/home/sohan/slam_mrt/install/rover_gazebosim:/home/sohan/slam_mrt/install/rover_ekf:/home/sohan/slam_mrt/install/ekf_dummy_pkg:/home/sohan/slam_mrt/install/ekf_assgn:/opt/ros/jazzy DEBUGINFOD_URLS=https://debuginfod.ubuntu.com /usr/bin/cmake --build /home/sohan/slam_mrt/build/husarion_ugv_controller -- -j32 -l32
[1.183s] DEBUG:colcon.colcon_core.event_handler.log_command:Invoking command in '/home/sohan/slam_mrt/build/husarion_ugv_controller': CMAKE_PREFIX_PATH=/home/sohan/slam_mrt/install/husarion_ugv_description:/home/sohan/slam_mrt/install/husarion_components_description:/home/sohan/slam_mrt/install/husarion_ugv_controller:/opt/ros/jazzy/opt/gz_sim_vendor:/opt/ros/jazzy/opt/gz_sensors_vendor:/opt/ros/jazzy/opt/gz_physics_vendor:/opt/ros/jazzy/opt/sdformat_vendor:/opt/ros/jazzy/opt/gz_gui_vendor:/opt/ros/jazzy/opt/gz_transport_vendor:/opt/ros/jazzy/opt/gz_rendering_vendor:/opt/ros/jazzy/opt/gz_plugin_vendor:/opt/ros/jazzy/opt/gz_fuel_tools_vendor:/opt/ros/jazzy/opt/gz_msgs_vendor:/opt/ros/jazzy/opt/gz_common_vendor:/opt/ros/jazzy/opt/gz_math_vendor:/opt/ros/jazzy/opt/gz_utils_vendor:/opt/ros/jazzy/opt/gz_tools_vendor:/opt/ros/jazzy/opt/gz_ogre_next_vendor:/opt/ros/jazzy/opt/gz_dartsim_vendor:/opt/ros/jazzy/opt/gz_cmake_vendor:/home/sohan/slam_mrt/install/rover_gazebosim:/home/sohan/slam_mrt/install/rover_ekf:/home/sohan/slam_mrt/install/ekf_dummy_pkg:/home/sohan/slam_mrt/install/ekf_assgn:/opt/ros/jazzy DEBUGINFOD_URLS=https://debuginfod.ubuntu.com /usr/bin/cmake --install /home/sohan/slam_mrt/build/husarion_ugv_controller
[1.203s] Level 1:colcon.colcon_core.environment:create_environment_scripts_only(husarion_ugv_controller)
[1.204s] Level 1:colcon.colcon_core.environment:checking '/home/sohan/slam_mrt/install/husarion_ugv_controller' for CMake module files
[1.204s] DEBUG:colcon.colcon_core.event_handler.log_command:Invoked command in '/home/sohan/slam_mrt/build/husarion_ugv_controller' returned '0': CMAKE_PREFIX_PATH=/home/sohan/slam_mrt/install/husarion_ugv_description:/home/sohan/slam_mrt/install/husarion_components_description:/home/sohan/slam_mrt/install/husarion_ugv_controller:/opt/ros/jazzy/opt/gz_sim_vendor:/opt/ros/jazzy/opt/gz_sensors_vendor:/opt/ros/jazzy/opt/gz_physics_vendor:/opt/ros/jazzy/opt/sdformat_vendor:/opt/ros/jazzy/opt/gz_gui_vendor:/opt/ros/jazzy/opt/gz_transport_vendor:/opt/ros/jazzy/opt/gz_rendering_vendor:/opt/ros/jazzy/opt/gz_plugin_vendor:/opt/ros/jazzy/opt/gz_fuel_tools_vendor:/opt/ros/jazzy/opt/gz_msgs_vendor:/opt/ros/jazzy/opt/gz_common_vendor:/opt/ros/jazzy/opt/gz_math_vendor:/opt/ros/jazzy/opt/gz_utils_vendor:/opt/ros/jazzy/opt/gz_tools_vendor:/opt/ros/jazzy/opt/gz_ogre_next_vendor:/opt/ros/jazzy/opt/gz_dartsim_vendor:/opt/ros/jazzy/opt/gz_cmake_vendor:/home/sohan/slam_mrt/install/rover_gazebosim:/home/sohan/slam_mrt/install/rover_ekf:/home/sohan/slam_mrt/install/ekf_dummy_pkg:/home/sohan/slam_mrt/install/ekf_assgn:/opt/ros/jazzy DEBUGINFOD_URLS=https://debuginfod.ubuntu.com /usr/bin/cmake --install /home/sohan/slam_mrt/build/husarion_ugv_controller
[1.204s] Level 1:colcon.colcon_core.environment:checking '/home/sohan/slam_mrt/install/husarion_ugv_controller' for CMake config files
[1.205s] Level 1:colcon.colcon_core.shell:create_environment_hook('husarion_ugv_controller', 'cmake_prefix_path')
[1.205s] INFO:colcon.colcon_core.shell:Creating environment hook '/home/sohan/slam_mrt/install/husarion_ugv_controller/share/husarion_ugv_controller/hook/cmake_prefix_path.ps1'
[1.205s] INFO:colcon.colcon_core.shell:Creating environment descriptor '/home/sohan/slam_mrt/install/husarion_ugv_controller/share/husarion_ugv_controller/hook/cmake_prefix_path.dsv'
[1.205s] INFO:colcon.colcon_core.shell:Creating environment hook '/home/sohan/slam_mrt/install/husarion_ugv_controller/share/husarion_ugv_controller/hook/cmake_prefix_path.sh'
[1.206s] Level 1:colcon.colcon_core.environment:checking '/home/sohan/slam_mrt/install/husarion_ugv_controller/bin'
[1.206s] Level 1:colcon.colcon_core.environment:checking '/home/sohan/slam_mrt/install/husarion_ugv_controller/lib/pkgconfig/husarion_ugv_controller.pc'
[1.206s] Level 1:colcon.colcon_core.environment:checking '/home/sohan/slam_mrt/install/husarion_ugv_controller/lib/python3.12/site-packages'
[1.206s] Level 1:colcon.colcon_core.environment:checking '/home/sohan/slam_mrt/install/husarion_ugv_controller/bin'
[1.206s] INFO:colcon.colcon_core.shell:Creating package script '/home/sohan/slam_mrt/install/husarion_ugv_controller/share/husarion_ugv_controller/package.ps1'
[1.207s] INFO:colcon.colcon_core.shell:Creating package descriptor '/home/sohan/slam_mrt/install/husarion_ugv_controller/share/husarion_ugv_controller/package.dsv'
[1.207s] INFO:colcon.colcon_core.shell:Creating package script '/home/sohan/slam_mrt/install/husarion_ugv_controller/share/husarion_ugv_controller/package.sh'
[1.207s] INFO:colcon.colcon_core.shell:Creating package script '/home/sohan/slam_mrt/install/husarion_ugv_controller/share/husarion_ugv_controller/package.bash'
[1.207s] INFO:colcon.colcon_core.shell:Creating package script '/home/sohan/slam_mrt/install/husarion_ugv_controller/share/husarion_ugv_controller/package.zsh'
[1.207s] Level 1:colcon.colcon_core.environment:create_file_with_runtime_dependencies(/home/sohan/slam_mrt/install/husarion_ugv_controller/share/colcon-core/packages/husarion_ugv_controller)
[1.208s] Level 1:colcon.colcon_core.environment:create_environment_scripts_only(husarion_ugv_controller)
[1.208s] Level 1:colcon.colcon_core.environment:checking '/home/sohan/slam_mrt/install/husarion_ugv_controller' for CMake module files
[1.208s] Level 1:colcon.colcon_core.environment:checking '/home/sohan/slam_mrt/install/husarion_ugv_controller' for CMake config files
[1.208s] Level 1:colcon.colcon_core.shell:create_environment_hook('husarion_ugv_controller', 'cmake_prefix_path')
[1.208s] INFO:colcon.colcon_core.shell:Creating environment hook '/home/sohan/slam_mrt/install/husarion_ugv_controller/share/husarion_ugv_controller/hook/cmake_prefix_path.ps1'
[1.209s] INFO:colcon.colcon_core.shell:Creating environment descriptor '/home/sohan/slam_mrt/install/husarion_ugv_controller/share/husarion_ugv_controller/hook/cmake_prefix_path.dsv'
[1.209s] INFO:colcon.colcon_core.shell:Creating environment hook '/home/sohan/slam_mrt/install/husarion_ugv_controller/share/husarion_ugv_controller/hook/cmake_prefix_path.sh'
[1.209s] Level 1:colcon.colcon_core.environment:checking '/home/sohan/slam_mrt/install/husarion_ugv_controller/bin'
[1.210s] Level 1:colcon.colcon_core.environment:checking '/home/sohan/slam_mrt/install/husarion_ugv_controller/lib/pkgconfig/husarion_ugv_controller.pc'
[1.210s] Level 1:colcon.colcon_core.environment:checking '/home/sohan/slam_mrt/install/husarion_ugv_controller/lib/python3.12/site-packages'
[1.210s] Level 1:colcon.colcon_core.environment:checking '/home/sohan/slam_mrt/install/husarion_ugv_controller/bin'
[1.210s] INFO:colcon.colcon_core.shell:Creating package script '/home/sohan/slam_mrt/install/husarion_ugv_controller/share/husarion_ugv_controller/package.ps1'
[1.211s] INFO:colcon.colcon_core.shell:Creating package descriptor '/home/sohan/slam_mrt/install/husarion_ugv_controller/share/husarion_ugv_controller/package.dsv'
[1.211s] INFO:colcon.colcon_core.shell:Creating package script '/home/sohan/slam_mrt/install/husarion_ugv_controller/share/husarion_ugv_controller/package.sh'
[1.211s] INFO:colcon.colcon_core.shell:Creating package script '/home/sohan/slam_mrt/install/husarion_ugv_controller/share/husarion_ugv_controller/package.bash'
[1.211s] INFO:colcon.colcon_core.shell:Creating package script '/home/sohan/slam_mrt/install/husarion_ugv_controller/share/husarion_ugv_controller/package.zsh'
[1.212s] Level 1:colcon.colcon_core.environment:create_file_with_runtime_dependencies(/home/sohan/slam_mrt/install/husarion_ugv_controller/share/colcon-core/packages/husarion_ugv_controller)
[1.486s] DEBUG:colcon.colcon_core.task.python.build:Available setuptools commands: register, alias, bdist_rpm, easy_install, build_py, editable_wheel, egg_info, install_lib, upload, bdist_dumb, update_catalog, rotate, build, check, clean, init_catalog, test, bdist, install, symlink_data, build_clib, install_egg_info, bdist_egg, install_headers, upload_docs, develop, install_scripts, build_ext, extract_messages, dist_info, setopt, sdist, build_scripts, compile_catalog, bdist_wheel, saveopts, install_data
[1.489s] DEBUG:colcon.colcon_core.task.python.build:Available setuptools commands: register, alias, bdist_rpm, easy_install, build_py, editable_wheel, egg_info, install_lib, upload, bdist_dumb, update_catalog, rotate, build, check, clean, init_catalog, test, bdist, install, symlink_data, build_clib, install_egg_info, bdist_egg, install_headers, upload_docs, develop, install_scripts, build_ext, extract_messages, dist_info, setopt, sdist, build_scripts, compile_catalog, bdist_wheel, saveopts, install_data
[1.492s] DEBUG:colcon.colcon_core.task.python.build:Available setuptools commands: register, alias, bdist_rpm, easy_install, build_py, editable_wheel, egg_info, install_lib, upload, bdist_dumb, update_catalog, rotate, build, check, clean, init_catalog, test, bdist, install, symlink_data, build_clib, install_egg_info, bdist_egg, install_headers, upload_docs, develop, install_scripts, build_ext, extract_messages, dist_info, setopt, sdist, build_scripts, compile_catalog, bdist_wheel, saveopts, install_data
[1.512s] DEBUG:colcon.colcon_core.task.python.build:Available setuptools commands: register, alias, bdist_rpm, easy_install, build_py, editable_wheel, egg_info, install_lib, upload, bdist_dumb, update_catalog, rotate, build, check, clean, init_catalog, test, bdist, install, symlink_data, build_clib, install_egg_info, bdist_egg, install_headers, upload_docs, develop, install_scripts, build_ext, extract_messages, dist_info, setopt, sdist, build_scripts, compile_catalog, bdist_wheel, saveopts, install_data
[1.750s] DEBUG:colcon.colcon_core.task.python.build:Available setuptools 'develop' options: --help, --zip-ok, --site-dirs, --multi-version, --allow-hosts, --build-directory, --install-dir, --dry-run, --install-layout, --record, --local-snapshots-ok, --find-links, --exclude-scripts, --no-find-links, --user, --quiet, --editable, --force-installation-into-system-dir, --version, --no-user-cfg, --uninstall, --script-dir, --always-unzip, --optimize, --verbose, --prefix, --egg-path, --always-copy, --upgrade, --index-url, --no-deps
[1.752s] DEBUG:colcon.colcon_core.event_handler.log_command:Invoking command in '/home/sohan/slam_mrt/build/ekf_assgn': DEBUGINFOD_URLS=https://debuginfod.ubuntu.com PYTHONPATH=/home/sohan/slam_mrt/build/ekf_assgn/prefix_override:/usr/lib/python3/dist-packages/colcon_core/task/python/colcon_distutils_commands:/home/sohan/slam_mrt/install/ekf_assgn/lib/python3.12/site-packages:${PYTHONPATH} /usr/bin/python3 -W ignore:setup.py install is deprecated -W ignore:easy_install command is deprecated setup.py develop --editable --build-directory /home/sohan/slam_mrt/build/ekf_assgn/build --no-deps symlink_data
[1.756s] DEBUG:colcon.colcon_core.task.python.build:Available setuptools 'develop' options: --help, --zip-ok, --site-dirs, --multi-version, --allow-hosts, --build-directory, --install-dir, --dry-run, --install-layout, --record, --local-snapshots-ok, --find-links, --exclude-scripts, --no-find-links, --user, --quiet, --editable, --force-installation-into-system-dir, --version, --no-user-cfg, --uninstall, --script-dir, --always-unzip, --optimize, --verbose, --prefix, --egg-path, --always-copy, --upgrade, --index-url, --no-deps
[1.757s] DEBUG:colcon.colcon_core.event_handler.log_command:Invoking command in '/home/sohan/slam_mrt/build/rover_ekf': DEBUGINFOD_URLS=https://debuginfod.ubuntu.com PYTHONPATH=/home/sohan/slam_mrt/build/rover_ekf/prefix_override:/usr/lib/python3/dist-packages/colcon_core/task/python/colcon_distutils_commands:/home/sohan/slam_mrt/install/rover_ekf/lib/python3.12/site-packages:${PYTHONPATH} /usr/bin/python3 -W ignore:setup.py install is deprecated -W ignore:easy_install command is deprecated setup.py develop --editable --build-directory /home/sohan/slam_mrt/build/rover_ekf/build --no-deps symlink_data
[1.763s] DEBUG:colcon.colcon_core.task.python.build:Available setuptools 'develop' options: --help, --zip-ok, --site-dirs, --multi-version, --allow-hosts, --build-directory, --install-dir, --dry-run, --install-layout, --record, --local-snapshots-ok, --find-links, --exclude-scripts, --no-find-links, --user, --quiet, --editable, --force-installation-into-system-dir, --version, --no-user-cfg, --uninstall, --script-dir, --always-unzip, --optimize, --verbose, --prefix, --egg-path, --always-copy, --upgrade, --index-url, --no-deps
[1.766s] DEBUG:colcon.colcon_core.event_handler.log_command:Invoking command in '/home/sohan/slam_mrt/build/ekf_dummy_pkg': DEBUGINFOD_URLS=https://debuginfod.ubuntu.com PYTHONPATH=/home/sohan/slam_mrt/build/ekf_dummy_pkg/prefix_override:/usr/lib/python3/dist-packages/colcon_core/task/python/colcon_distutils_commands:/home/sohan/slam_mrt/install/ekf_dummy_pkg/lib/python3.12/site-packages:${PYTHONPATH} /usr/bin/python3 -W ignore:setup.py install is deprecated -W ignore:easy_install command is deprecated setup.py develop --editable --build-directory /home/sohan/slam_mrt/build/ekf_dummy_pkg/build --no-deps symlink_data
[1.767s] DEBUG:colcon.colcon_core.task.python.build:Available setuptools 'develop' options: --help, --zip-ok, --site-dirs, --multi-version, --allow-hosts, --build-directory, --install-dir, --dry-run, --install-layout, --record, --local-snapshots-ok, --find-links, --exclude-scripts, --no-find-links, --user, --quiet, --editable, --force-installation-into-system-dir, --version, --no-user-cfg, --uninstall, --script-dir, --always-unzip, --optimize, --verbose, --prefix, --egg-path, --always-copy, --upgrade, --index-url, --no-deps
[1.772s] DEBUG:colcon.colcon_core.event_handler.log_command:Invoking command in '/home/sohan/slam_mrt/build/rover_gazebosim': DEBUGINFOD_URLS=https://debuginfod.ubuntu.com PYTHONPATH=/home/sohan/slam_mrt/build/rover_gazebosim/prefix_override:/usr/lib/python3/dist-packages/colcon_core/task/python/colcon_distutils_commands:/home/sohan/slam_mrt/install/rover_gazebosim/lib/python3.12/site-packages:${PYTHONPATH} /usr/bin/python3 -W ignore:setup.py install is deprecated -W ignore:easy_install command is deprecated setup.py develop --editable --build-directory /home/sohan/slam_mrt/build/rover_gazebosim/build --no-deps symlink_data
[2.231s] Level 1:colcon.colcon_core.shell:create_environment_hook('ekf_assgn', 'pythonpath_develop')
[2.231s] INFO:colcon.colcon_core.shell:Creating environment hook '/home/sohan/slam_mrt/build/ekf_assgn/share/ekf_assgn/hook/pythonpath_develop.ps1'
[2.232s] DEBUG:colcon.colcon_core.event_handler.log_command:Invoked command in '/home/sohan/slam_mrt/build/ekf_assgn' returned '0': DEBUGINFOD_URLS=https://debuginfod.ubuntu.com PYTHONPATH=/home/sohan/slam_mrt/build/ekf_assgn/prefix_override:/usr/lib/python3/dist-packages/colcon_core/task/python/colcon_distutils_commands:/home/sohan/slam_mrt/install/ekf_assgn/lib/python3.12/site-packages:${PYTHONPATH} /usr/bin/python3 -W ignore:setup.py install is deprecated -W ignore:easy_install command is deprecated setup.py develop --editable --build-directory /home/sohan/slam_mrt/build/ekf_assgn/build --no-deps symlink_data
[2.232s] INFO:colcon.colcon_core.shell:Creating environment descriptor '/home/sohan/slam_mrt/build/ekf_assgn/share/ekf_assgn/hook/pythonpath_develop.dsv'
[2.233s] INFO:colcon.colcon_core.shell:Creating environment hook '/home/sohan/slam_mrt/build/ekf_assgn/share/ekf_assgn/hook/pythonpath_develop.sh'
[2.233s] Level 1:colcon.colcon_core.environment:checking '/home/sohan/slam_mrt/install/ekf_assgn' for CMake module files
[2.233s] Level 1:colcon.colcon_core.environment:checking '/home/sohan/slam_mrt/install/ekf_assgn' for CMake config files
[2.234s] Level 1:colcon.colcon_core.environment:checking '/home/sohan/slam_mrt/install/ekf_assgn/lib'
[2.234s] Level 1:colcon.colcon_core.environment:checking '/home/sohan/slam_mrt/install/ekf_assgn/bin'
[2.234s] Level 1:colcon.colcon_core.environment:checking '/home/sohan/slam_mrt/install/ekf_assgn/lib/pkgconfig/ekf_assgn.pc'
[2.234s] Level 1:colcon.colcon_core.environment:checking '/home/sohan/slam_mrt/install/ekf_assgn/lib/python3.12/site-packages'
[2.234s] Level 1:colcon.colcon_core.shell:create_environment_hook('ekf_assgn', 'pythonpath')
[2.234s] INFO:colcon.colcon_core.shell:Creating environment hook '/home/sohan/slam_mrt/install/ekf_assgn/share/ekf_assgn/hook/pythonpath.ps1'
[2.235s] INFO:colcon.colcon_core.shell:Creating environment descriptor '/home/sohan/slam_mrt/install/ekf_assgn/share/ekf_assgn/hook/pythonpath.dsv'
[2.235s] INFO:colcon.colcon_core.shell:Creating environment hook '/home/sohan/slam_mrt/install/ekf_assgn/share/ekf_assgn/hook/pythonpath.sh'
[2.235s] Level 1:colcon.colcon_core.environment:checking '/home/sohan/slam_mrt/install/ekf_assgn/bin'
[2.235s] Level 1:colcon.colcon_core.environment:create_environment_scripts_only(ekf_assgn)
[2.235s] INFO:colcon.colcon_core.shell:Creating package script '/home/sohan/slam_mrt/install/ekf_assgn/share/ekf_assgn/package.ps1'
[2.236s] INFO:colcon.colcon_core.shell:Creating package descriptor '/home/sohan/slam_mrt/install/ekf_assgn/share/ekf_assgn/package.dsv'
[2.236s] INFO:colcon.colcon_core.shell:Creating package script '/home/sohan/slam_mrt/install/ekf_assgn/share/ekf_assgn/package.sh'
[2.236s] INFO:colcon.colcon_core.shell:Creating package script '/home/sohan/slam_mrt/install/ekf_assgn/share/ekf_assgn/package.bash'
[2.237s] INFO:colcon.colcon_core.shell:Creating package script '/home/sohan/slam_mrt/install/ekf_assgn/share/ekf_assgn/package.zsh'
[2.237s] Level 1:colcon.colcon_core.environment:create_file_with_runtime_dependencies(/home/sohan/slam_mrt/install/ekf_assgn/share/colcon-core/packages/ekf_assgn)
[2.243s] Level 1:colcon.colcon_core.shell:create_environment_hook('rover_ekf', 'pythonpath_develop')
[2.243s] INFO:colcon.colcon_core.shell:Creating environment hook '/home/sohan/slam_mrt/build/rover_ekf/share/rover_ekf/hook/pythonpath_develop.ps1'
[2.244s] DEBUG:colcon.colcon_core.event_handler.log_command:Invoked command in '/home/sohan/slam_mrt/build/rover_ekf' returned '0': DEBUGINFOD_URLS=https://debuginfod.ubuntu.com PYTHONPATH=/home/sohan/slam_mrt/build/rover_ekf/prefix_override:/usr/lib/python3/dist-packages/colcon_core/task/python/colcon_distutils_commands:/home/sohan/slam_mrt/install/rover_ekf/lib/python3.12/site-packages:${PYTHONPATH} /usr/bin/python3 -W ignore:setup.py install is deprecated -W ignore:easy_install command is deprecated setup.py develop --editable --build-directory /home/sohan/slam_mrt/build/rover_ekf/build --no-deps symlink_data
[2.244s] INFO:colcon.colcon_core.shell:Creating environment descriptor '/home/sohan/slam_mrt/build/rover_ekf/share/rover_ekf/hook/pythonpath_develop.dsv'
[2.244s] INFO:colcon.colcon_core.shell:Creating environment hook '/home/sohan/slam_mrt/build/rover_ekf/share/rover_ekf/hook/pythonpath_develop.sh'
[2.245s] Level 1:colcon.colcon_core.environment:checking '/home/sohan/slam_mrt/install/rover_ekf' for CMake module files
[2.245s] Level 1:colcon.colcon_core.environment:checking '/home/sohan/slam_mrt/install/rover_ekf' for CMake config files
[2.245s] Level 1:colcon.colcon_core.environment:checking '/home/sohan/slam_mrt/install/rover_ekf/lib'
[2.245s] Level 1:colcon.colcon_core.environment:checking '/home/sohan/slam_mrt/install/rover_ekf/bin'
[2.245s] Level 1:colcon.colcon_core.environment:checking '/home/sohan/slam_mrt/install/rover_ekf/lib/pkgconfig/rover_ekf.pc'
[2.246s] Level 1:colcon.colcon_core.environment:checking '/home/sohan/slam_mrt/install/rover_ekf/lib/python3.12/site-packages'
[2.246s] Level 1:colcon.colcon_core.shell:create_environment_hook('rover_ekf', 'pythonpath')
[2.246s] INFO:colcon.colcon_core.shell:Creating environment hook '/home/sohan/slam_mrt/install/rover_ekf/share/rover_ekf/hook/pythonpath.ps1'
[2.246s] INFO:colcon.colcon_core.shell:Creating environment descriptor '/home/sohan/slam_mrt/install/rover_ekf/share/rover_ekf/hook/pythonpath.dsv'
[2.246s] INFO:colcon.colcon_core.shell:Creating environment hook '/home/sohan/slam_mrt/install/rover_ekf/share/rover_ekf/hook/pythonpath.sh'
[2.247s] Level 1:colcon.colcon_core.environment:checking '/home/sohan/slam_mrt/install/rover_ekf/bin'
[2.247s] Level 1:colcon.colcon_core.environment:create_environment_scripts_only(rover_ekf)
[2.247s] INFO:colcon.colcon_core.shell:Creating package script '/home/sohan/slam_mrt/install/rover_ekf/share/rover_ekf/package.ps1'
[2.247s] INFO:colcon.colcon_core.shell:Creating package descriptor '/home/sohan/slam_mrt/install/rover_ekf/share/rover_ekf/package.dsv'
[2.248s] INFO:colcon.colcon_core.shell:Creating package script '/home/sohan/slam_mrt/install/rover_ekf/share/rover_ekf/package.sh'
[2.248s] INFO:colcon.colcon_core.shell:Creating package script '/home/sohan/slam_mrt/install/rover_ekf/share/rover_ekf/package.bash'
[2.248s] INFO:colcon.colcon_core.shell:Creating package script '/home/sohan/slam_mrt/install/rover_ekf/share/rover_ekf/package.zsh'
[2.249s] Level 1:colcon.colcon_core.environment:create_file_with_runtime_dependencies(/home/sohan/slam_mrt/install/rover_ekf/share/colcon-core/packages/rover_ekf)
[2.257s] Level 1:colcon.colcon_core.shell:create_environment_hook('rover_gazebosim', 'pythonpath_develop')
[2.257s] INFO:colcon.colcon_core.shell:Creating environment hook '/home/sohan/slam_mrt/build/rover_gazebosim/share/rover_gazebosim/hook/pythonpath_develop.ps1'
[2.258s] DEBUG:colcon.colcon_core.event_handler.log_command:Invoked command in '/home/sohan/slam_mrt/build/rover_gazebosim' returned '0': DEBUGINFOD_URLS=https://debuginfod.ubuntu.com PYTHONPATH=/home/sohan/slam_mrt/build/rover_gazebosim/prefix_override:/usr/lib/python3/dist-packages/colcon_core/task/python/colcon_distutils_commands:/home/sohan/slam_mrt/install/rover_gazebosim/lib/python3.12/site-packages:${PYTHONPATH} /usr/bin/python3 -W ignore:setup.py install is deprecated -W ignore:easy_install command is deprecated setup.py develop --editable --build-directory /home/sohan/slam_mrt/build/rover_gazebosim/build --no-deps symlink_data
[2.258s] INFO:colcon.colcon_core.shell:Creating environment descriptor '/home/sohan/slam_mrt/build/rover_gazebosim/share/rover_gazebosim/hook/pythonpath_develop.dsv'
[2.259s] INFO:colcon.colcon_core.shell:Creating environment hook '/home/sohan/slam_mrt/build/rover_gazebosim/share/rover_gazebosim/hook/pythonpath_develop.sh'
[2.260s] Level 1:colcon.colcon_core.environment:checking '/home/sohan/slam_mrt/install/rover_gazebosim' for CMake module files
[2.260s] Level 1:colcon.colcon_core.environment:checking '/home/sohan/slam_mrt/install/rover_gazebosim' for CMake config files
[2.262s] Level 1:colcon.colcon_core.environment:checking '/home/sohan/slam_mrt/install/rover_gazebosim/lib'
[2.262s] Level 1:colcon.colcon_core.environment:checking '/home/sohan/slam_mrt/install/rover_gazebosim/bin'
[2.262s] Level 1:colcon.colcon_core.environment:checking '/home/sohan/slam_mrt/install/rover_gazebosim/lib/pkgconfig/rover_gazebosim.pc'
[2.263s] Level 1:colcon.colcon_core.environment:checking '/home/sohan/slam_mrt/install/rover_gazebosim/lib/python3.12/site-packages'
[2.263s] Level 1:colcon.colcon_core.shell:create_environment_hook('rover_gazebosim', 'pythonpath')
[2.263s] INFO:colcon.colcon_core.shell:Creating environment hook '/home/sohan/slam_mrt/install/rover_gazebosim/share/rover_gazebosim/hook/pythonpath.ps1'
[2.263s] INFO:colcon.colcon_core.shell:Creating environment descriptor '/home/sohan/slam_mrt/install/rover_gazebosim/share/rover_gazebosim/hook/pythonpath.dsv'
[2.263s] INFO:colcon.colcon_core.shell:Creating environment hook '/home/sohan/slam_mrt/install/rover_gazebosim/share/rover_gazebosim/hook/pythonpath.sh'
[2.264s] Level 1:colcon.colcon_core.environment:checking '/home/sohan/slam_mrt/install/rover_gazebosim/bin'
[2.264s] Level 1:colcon.colcon_core.environment:create_environment_scripts_only(rover_gazebosim)
[2.264s] INFO:colcon.colcon_core.shell:Creating package script '/home/sohan/slam_mrt/install/rover_gazebosim/share/rover_gazebosim/package.ps1'
[2.264s] INFO:colcon.colcon_core.shell:Creating package descriptor '/home/sohan/slam_mrt/install/rover_gazebosim/share/rover_gazebosim/package.dsv'
[2.264s] INFO:colcon.colcon_core.shell:Creating package script '/home/sohan/slam_mrt/install/rover_gazebosim/share/rover_gazebosim/package.sh'
[2.265s] INFO:colcon.colcon_core.shell:Creating package script '/home/sohan/slam_mrt/install/rover_gazebosim/share/rover_gazebosim/package.bash'
[2.265s] INFO:colcon.colcon_core.shell:Creating package script '/home/sohan/slam_mrt/install/rover_gazebosim/share/rover_gazebosim/package.zsh'
[2.265s] Level 1:colcon.colcon_core.environment:create_file_with_runtime_dependencies(/home/sohan/slam_mrt/install/rover_gazebosim/share/colcon-core/packages/rover_gazebosim)
[2.268s] Level 1:colcon.colcon_core.shell:create_environment_hook('ekf_dummy_pkg', 'pythonpath_develop')
[2.269s] INFO:colcon.colcon_core.shell:Creating environment hook '/home/sohan/slam_mrt/build/ekf_dummy_pkg/share/ekf_dummy_pkg/hook/pythonpath_develop.ps1'
[2.269s] INFO:colcon.colcon_core.shell:Creating environment descriptor '/home/sohan/slam_mrt/build/ekf_dummy_pkg/share/ekf_dummy_pkg/hook/pythonpath_develop.dsv'
[2.269s] INFO:colcon.colcon_core.shell:Creating environment hook '/home/sohan/slam_mrt/build/ekf_dummy_pkg/share/ekf_dummy_pkg/hook/pythonpath_develop.sh'
[2.269s] Level 1:colcon.colcon_core.environment:checking '/home/sohan/slam_mrt/install/ekf_dummy_pkg' for CMake module files
[2.270s] Level 1:colcon.colcon_core.environment:checking '/home/sohan/slam_mrt/install/ekf_dummy_pkg' for CMake config files
[2.270s] Level 1:colcon.colcon_core.environment:checking '/home/sohan/slam_mrt/install/ekf_dummy_pkg/lib'
[2.270s] Level 1:colcon.colcon_core.environment:checking '/home/sohan/slam_mrt/install/ekf_dummy_pkg/bin'
[2.270s] Level 1:colcon.colcon_core.environment:checking '/home/sohan/slam_mrt/install/ekf_dummy_pkg/lib/pkgconfig/ekf_dummy_pkg.pc'
[2.270s] Level 1:colcon.colcon_core.environment:checking '/home/sohan/slam_mrt/install/ekf_dummy_pkg/lib/python3.12/site-packages'
[2.270s] Level 1:colcon.colcon_core.shell:create_environment_hook('ekf_dummy_pkg', 'pythonpath')
[2.271s] INFO:colcon.colcon_core.shell:Creating environment hook '/home/sohan/slam_mrt/install/ekf_dummy_pkg/share/ekf_dummy_pkg/hook/pythonpath.ps1'
[2.271s] INFO:colcon.colcon_core.shell:Creating environment descriptor '/home/sohan/slam_mrt/install/ekf_dummy_pkg/share/ekf_dummy_pkg/hook/pythonpath.dsv'
[2.271s] INFO:colcon.colcon_core.shell:Creating environment hook '/home/sohan/slam_mrt/install/ekf_dummy_pkg/share/ekf_dummy_pkg/hook/pythonpath.sh'
[2.268s] DEBUG:colcon.colcon_core.event_handler.log_command:Invoked command in '/home/sohan/slam_mrt/build/ekf_dummy_pkg' returned '0': DEBUGINFOD_URLS=https://debuginfod.ubuntu.com PYTHONPATH=/home/sohan/slam_mrt/build/ekf_dummy_pkg/prefix_override:/usr/lib/python3/dist-packages/colcon_core/task/python/colcon_distutils_commands:/home/sohan/slam_mrt/install/ekf_dummy_pkg/lib/python3.12/site-packages:${PYTHONPATH} /usr/bin/python3 -W ignore:setup.py install is deprecated -W ignore:easy_install command is deprecated setup.py develop --editable --build-directory /home/sohan/slam_mrt/build/ekf_dummy_pkg/build --no-deps symlink_data
[2.272s] Level 1:colcon.colcon_core.environment:checking '/home/sohan/slam_mrt/install/ekf_dummy_pkg/bin'
[2.272s] Level 1:colcon.colcon_core.environment:create_environment_scripts_only(ekf_dummy_pkg)
[2.272s] INFO:colcon.colcon_core.shell:Creating package script '/home/sohan/slam_mrt/install/ekf_dummy_pkg/share/ekf_dummy_pkg/package.ps1'
[2.273s] INFO:colcon.colcon_core.shell:Creating package descriptor '/home/sohan/slam_mrt/install/ekf_dummy_pkg/share/ekf_dummy_pkg/package.dsv'
[2.273s] INFO:colcon.colcon_core.shell:Creating package script '/home/sohan/slam_mrt/install/ekf_dummy_pkg/share/ekf_dummy_pkg/package.sh'
[2.273s] INFO:colcon.colcon_core.shell:Creating package script '/home/sohan/slam_mrt/install/ekf_dummy_pkg/share/ekf_dummy_pkg/package.bash'
[2.273s] INFO:colcon.colcon_core.shell:Creating package script '/home/sohan/slam_mrt/install/ekf_dummy_pkg/share/ekf_dummy_pkg/package.zsh'
[2.274s] Level 1:colcon.colcon_core.environment:create_file_with_runtime_dependencies(/home/sohan/slam_mrt/install/ekf_dummy_pkg/share/colcon-core/packages/ekf_dummy_pkg)
[2.274s] DEBUG:colcon.colcon_parallel_executor.executor.parallel:closing loop
[2.274s] DEBUG:colcon.colcon_parallel_executor.executor.parallel:loop closed
[2.274s] DEBUG:colcon.colcon_parallel_executor.executor.parallel:run_until_complete finished with '0'
[2.274s] DEBUG:colcon.colcon_core.event_reactor:joining thread
[2.280s] INFO:colcon.colcon_core.plugin_system:Skipping extension 'colcon_notification.desktop_notification.terminal_notifier': Not used on non-Darwin systems
[2.280s] INFO:colcon.colcon_core.plugin_system:Skipping extension 'colcon_notification.desktop_notification.win32': Not used on non-Windows systems
[2.280s] INFO:colcon.colcon_notification.desktop_notification:Sending desktop notification using 'notify2'
[2.311s] DEBUG:colcon.colcon_core.event_reactor:joined thread
[2.312s] INFO:colcon.colcon_core.shell:Creating prefix script '/home/sohan/slam_mrt/install/local_setup.ps1'
[2.313s] INFO:colcon.colcon_core.shell:Creating prefix util module '/home/sohan/slam_mrt/install/_local_setup_util_ps1.py'
[2.313s] INFO:colcon.colcon_core.shell:Creating prefix chain script '/home/sohan/slam_mrt/install/setup.ps1'
[2.314s] INFO:colcon.colcon_core.shell:Creating prefix script '/home/sohan/slam_mrt/install/local_setup.sh'
[2.314s] INFO:colcon.colcon_core.shell:Creating prefix util module '/home/sohan/slam_mrt/install/_local_setup_util_sh.py'
[2.315s] INFO:colcon.colcon_core.shell:Creating prefix chain script '/home/sohan/slam_mrt/install/setup.sh'
[2.316s] INFO:colcon.colcon_core.shell:Creating prefix script '/home/sohan/slam_mrt/install/local_setup.bash'
[2.316s] INFO:colcon.colcon_core.shell:Creating prefix chain script '/home/sohan/slam_mrt/install/setup.bash'
[2.317s] INFO:colcon.colcon_core.shell:Creating prefix script '/home/sohan/slam_mrt/install/local_setup.zsh'
[2.317s] INFO:colcon.colcon_core.shell:Creating prefix chain script '/home/sohan/slam_mrt/install/setup.zsh'
