[0.787s] Invoking command in '/home/sohan/slam_mrt/ekf_dummy_pkg': DEBUGINFOD_URLS=https://debuginfod.ubuntu.com PYTHONPATH=/home/sohan/slam_mrt/build/ekf_dummy_pkg/prefix_override:/usr/lib/python3/dist-packages/colcon_core/task/python/colcon_distutils_commands:/home/sohan/slam_mrt/install/ekf_dummy_pkg/lib/python3.12/site-packages:${PYTHONPATH} /usr/bin/python3 -W ignore:setup.py install is deprecated -W ignore:easy_install command is deprecated setup.py egg_info --egg-base ../build/ekf_dummy_pkg build --build-base /home/sohan/slam_mrt/build/ekf_dummy_pkg/build install --record /home/sohan/slam_mrt/build/ekf_dummy_pkg/install.log --install-scripts $base/lib/ekf_dummy_pkg --single-version-externally-managed install_data
[0.932s] running egg_info
[0.940s] writing ../build/ekf_dummy_pkg/ekf_dummy_pkg.egg-info/PKG-INFO
[0.940s] writing dependency_links to ../build/ekf_dummy_pkg/ekf_dummy_pkg.egg-info/dependency_links.txt
[0.940s] writing entry points to ../build/ekf_dummy_pkg/ekf_dummy_pkg.egg-info/entry_points.txt
[0.940s] writing requirements to ../build/ekf_dummy_pkg/ekf_dummy_pkg.egg-info/requires.txt
[0.940s] writing top-level names to ../build/ekf_dummy_pkg/ekf_dummy_pkg.egg-info/top_level.txt
[0.957s] reading manifest file '../build/ekf_dummy_pkg/ekf_dummy_pkg.egg-info/SOURCES.txt'
[0.957s] writing manifest file '../build/ekf_dummy_pkg/ekf_dummy_pkg.egg-info/SOURCES.txt'
[0.957s] running build
[0.957s] running build_py
[0.957s] running install
[0.961s] running install_lib
[0.969s] running install_data
[0.969s] running install_egg_info
[0.978s] removing '/home/sohan/slam_mrt/install/ekf_dummy_pkg/lib/python3.12/site-packages/ekf_dummy_pkg-0.0.0-py3.12.egg-info' (and everything under it)
[0.978s] Copying ../build/ekf_dummy_pkg/ekf_dummy_pkg.egg-info to /home/sohan/slam_mrt/install/ekf_dummy_pkg/lib/python3.12/site-packages/ekf_dummy_pkg-0.0.0-py3.12.egg-info
[0.978s] running install_scripts
[1.048s] Installing dummy_imu_publisher script to /home/sohan/slam_mrt/install/ekf_dummy_pkg/lib/ekf_dummy_pkg
[1.048s] Installing dummy_odom_publisher script to /home/sohan/slam_mrt/install/ekf_dummy_pkg/lib/ekf_dummy_pkg
[1.048s] Installing imu_relay script to /home/sohan/slam_mrt/install/ekf_dummy_pkg/lib/ekf_dummy_pkg
[1.048s] Installing odom_relay script to /home/sohan/slam_mrt/install/ekf_dummy_pkg/lib/ekf_dummy_pkg
[1.048s] writing list of installed files to '/home/sohan/slam_mrt/build/ekf_dummy_pkg/install.log'
[1.072s] Invoked command in '/home/sohan/slam_mrt/ekf_dummy_pkg' returned '0': DEBUGINFOD_URLS=https://debuginfod.ubuntu.com PYTHONPATH=/home/sohan/slam_mrt/build/ekf_dummy_pkg/prefix_override:/usr/lib/python3/dist-packages/colcon_core/task/python/colcon_distutils_commands:/home/sohan/slam_mrt/install/ekf_dummy_pkg/lib/python3.12/site-packages:${PYTHONPATH} /usr/bin/python3 -W ignore:setup.py install is deprecated -W ignore:easy_install command is deprecated setup.py egg_info --egg-base ../build/ekf_dummy_pkg build --build-base /home/sohan/slam_mrt/build/ekf_dummy_pkg/build install --record /home/sohan/slam_mrt/build/ekf_dummy_pkg/install.log --install-scripts $base/lib/ekf_dummy_pkg --single-version-externally-managed install_data
