running egg_info
writing ../build/rover_gazebosim/rover_gazebosim.egg-info/PKG-INFO
writing dependency_links to ../build/rover_gazebosim/rover_gazebosim.egg-info/dependency_links.txt
writing entry points to ../build/rover_gazebosim/rover_gazebosim.egg-info/entry_points.txt
writing requirements to ../build/rover_gazebosim/rover_gazebosim.egg-info/requires.txt
writing top-level names to ../build/rover_gazebosim/rover_gazebosim.egg-info/top_level.txt
reading manifest file '../build/rover_gazebosim/rover_gazebosim.egg-info/SOURCES.txt'
writing manifest file '../build/rover_gazebosim/rover_gazebosim.egg-info/SOURCES.txt'
running build
running build_py
running install
running install_lib
running install_data
copying world/husarion_world.sdf -> /home/sohan/slam_mrt/install/rover_gazebosim/share/rover_gazebosim/world
running install_egg_info
removing '/home/sohan/slam_mrt/install/rover_gazebosim/lib/python3.12/site-packages/rover_gazebosim-0.0.0-py3.12.egg-info' (and everything under it)
Copying ../build/rover_gazebosim/rover_gazebosim.egg-info to /home/sohan/slam_mrt/install/rover_gazebosim/lib/python3.12/site-packages/rover_gazebosim-0.0.0-py3.12.egg-info
running install_scripts
Installing cmd_vel_relay script to /home/sohan/slam_mrt/install/rover_gazebosim/lib/rover_gazebosim
Installing twist_to_stamped script to /home/sohan/slam_mrt/install/rover_gazebosim/lib/rover_gazebosim
writing list of installed files to '/home/sohan/slam_mrt/build/rover_gazebosim/install.log'
