[0.809s] Invoking command in '/home/sohan/slam_mrt/rover_gazebosim': DEBUGINFOD_URLS=https://debuginfod.ubuntu.com PYTHONPATH=/home/sohan/slam_mrt/build/rover_gazebosim/prefix_override:/usr/lib/python3/dist-packages/colcon_core/task/python/colcon_distutils_commands:/home/sohan/slam_mrt/install/rover_gazebosim/lib/python3.12/site-packages:${PYTHONPATH} /usr/bin/python3 -W ignore:setup.py install is deprecated -W ignore:easy_install command is deprecated setup.py egg_info --egg-base ../build/rover_gazebosim build --build-base /home/sohan/slam_mrt/build/rover_gazebosim/build install --record /home/sohan/slam_mrt/build/rover_gazebosim/install.log --install-scripts $base/lib/rover_gazebosim --single-version-externally-managed install_data
[0.945s] running egg_info
[0.953s] writing ../build/rover_gazebosim/rover_gazebosim.egg-info/PKG-INFO
[0.953s] writing dependency_links to ../build/rover_gazebosim/rover_gazebosim.egg-info/dependency_links.txt
[0.954s] writing entry points to ../build/rover_gazebosim/rover_gazebosim.egg-info/entry_points.txt
[0.954s] writing requirements to ../build/rover_gazebosim/rover_gazebosim.egg-info/requires.txt
[0.954s] writing top-level names to ../build/rover_gazebosim/rover_gazebosim.egg-info/top_level.txt
[0.971s] reading manifest file '../build/rover_gazebosim/rover_gazebosim.egg-info/SOURCES.txt'
[0.972s] writing manifest file '../build/rover_gazebosim/rover_gazebosim.egg-info/SOURCES.txt'
[0.972s] running build
[0.972s] running build_py
[0.972s] running install
[0.975s] running install_lib
[0.985s] running install_data
[0.985s] copying world/husarion_world.sdf -> /home/sohan/slam_mrt/install/rover_gazebosim/share/rover_gazebosim/world
[0.986s] running install_egg_info
[1.000s] removing '/home/sohan/slam_mrt/install/rover_gazebosim/lib/python3.12/site-packages/rover_gazebosim-0.0.0-py3.12.egg-info' (and everything under it)
[1.000s] Copying ../build/rover_gazebosim/rover_gazebosim.egg-info to /home/sohan/slam_mrt/install/rover_gazebosim/lib/python3.12/site-packages/rover_gazebosim-0.0.0-py3.12.egg-info
[1.000s] running install_scripts
[1.064s] Installing cmd_vel_relay script to /home/sohan/slam_mrt/install/rover_gazebosim/lib/rover_gazebosim
[1.064s] Installing twist_to_stamped script to /home/sohan/slam_mrt/install/rover_gazebosim/lib/rover_gazebosim
[1.064s] writing list of installed files to '/home/sohan/slam_mrt/build/rover_gazebosim/install.log'
[1.089s] Invoked command in '/home/sohan/slam_mrt/rover_gazebosim' returned '0': DEBUGINFOD_URLS=https://debuginfod.ubuntu.com PYTHONPATH=/home/sohan/slam_mrt/build/rover_gazebosim/prefix_override:/usr/lib/python3/dist-packages/colcon_core/task/python/colcon_distutils_commands:/home/sohan/slam_mrt/install/rover_gazebosim/lib/python3.12/site-packages:${PYTHONPATH} /usr/bin/python3 -W ignore:setup.py install is deprecated -W ignore:easy_install command is deprecated setup.py egg_info --egg-base ../build/rover_gazebosim build --build-base /home/sohan/slam_mrt/build/rover_gazebosim/build install --record /home/sohan/slam_mrt/build/rover_gazebosim/install.log --install-scripts $base/lib/rover_gazebosim --single-version-externally-managed install_data
