[0.893s] Invoking command in '/home/sohan/slam_mrt/build/ekf_assgn': DEBUGINFOD_URLS=https://debuginfod.ubuntu.com PYTHONPATH=/home/sohan/slam_mrt/build/ekf_assgn/prefix_override:/usr/lib/python3/dist-packages/colcon_core/task/python/colcon_distutils_commands:/home/sohan/slam_mrt/install/ekf_assgn/lib/python3.12/site-packages:${PYTHONPATH} /usr/bin/python3 -W ignore:setup.py install is deprecated -W ignore:easy_install command is deprecated setup.py develop --uninstall --editable --build-directory /home/sohan/slam_mrt/build/ekf_assgn/build
[1.064s] running develop
[1.169s] Removing /home/sohan/slam_mrt/install/ekf_assgn/lib/python3.12/site-packages/ekf-assgn.egg-link (link to .)
[1.197s] Invoked command in '/home/sohan/slam_mrt/build/ekf_assgn' returned '0': DEBUGINFOD_URLS=https://debuginfod.ubuntu.com PYTHONPATH=/home/sohan/slam_mrt/build/ekf_assgn/prefix_override:/usr/lib/python3/dist-packages/colcon_core/task/python/colcon_distutils_commands:/home/sohan/slam_mrt/install/ekf_assgn/lib/python3.12/site-packages:${PYTHONPATH} /usr/bin/python3 -W ignore:setup.py install is deprecated -W ignore:easy_install command is deprecated setup.py develop --uninstall --editable --build-directory /home/sohan/slam_mrt/build/ekf_assgn/build
[1.198s] Invoking command in '/home/sohan/slam_mrt/ekf_assgn': DEBUGINFOD_URLS=https://debuginfod.ubuntu.com PYTHONPATH=/home/sohan/slam_mrt/build/ekf_assgn/prefix_override:/usr/lib/python3/dist-packages/colcon_core/task/python/colcon_distutils_commands:/home/sohan/slam_mrt/install/ekf_assgn/lib/python3.12/site-packages:${PYTHONPATH} /usr/bin/python3 -W ignore:setup.py install is deprecated -W ignore:easy_install command is deprecated setup.py egg_info --egg-base ../build/ekf_assgn build --build-base /home/sohan/slam_mrt/build/ekf_assgn/build install --record /home/sohan/slam_mrt/build/ekf_assgn/install.log --install-scripts $base/lib/ekf_assgn --single-version-externally-managed install_data --force
[1.349s] running egg_info
[1.358s] writing ../build/ekf_assgn/ekf_assgn.egg-info/PKG-INFO
[1.358s] writing dependency_links to ../build/ekf_assgn/ekf_assgn.egg-info/dependency_links.txt
[1.358s] writing entry points to ../build/ekf_assgn/ekf_assgn.egg-info/entry_points.txt
[1.358s] writing requirements to ../build/ekf_assgn/ekf_assgn.egg-info/requires.txt
[1.358s] writing top-level names to ../build/ekf_assgn/ekf_assgn.egg-info/top_level.txt
[1.375s] reading manifest file '../build/ekf_assgn/ekf_assgn.egg-info/SOURCES.txt'
[1.375s] writing manifest file '../build/ekf_assgn/ekf_assgn.egg-info/SOURCES.txt'
[1.375s] running build
[1.376s] running build_py
[1.376s] running install
[1.380s] running install_lib
[1.388s] creating /home/sohan/slam_mrt/install/ekf_assgn/lib/python3.12/site-packages/ekf_assgn
[1.388s] copying /home/sohan/slam_mrt/build/ekf_assgn/build/lib/ekf_assgn/__init__.py -> /home/sohan/slam_mrt/install/ekf_assgn/lib/python3.12/site-packages/ekf_assgn
[1.388s] copying /home/sohan/slam_mrt/build/ekf_assgn/build/lib/ekf_assgn/covariance_relay.py -> /home/sohan/slam_mrt/install/ekf_assgn/lib/python3.12/site-packages/ekf_assgn
[1.388s] copying /home/sohan/slam_mrt/build/ekf_assgn/build/lib/ekf_assgn/dummy_imu_publisher.py -> /home/sohan/slam_mrt/install/ekf_assgn/lib/python3.12/site-packages/ekf_assgn
[1.388s] copying /home/sohan/slam_mrt/build/ekf_assgn/build/lib/ekf_assgn/dummy_odom_publisher.py -> /home/sohan/slam_mrt/install/ekf_assgn/lib/python3.12/site-packages/ekf_assgn
[1.388s] byte-compiling /home/sohan/slam_mrt/install/ekf_assgn/lib/python3.12/site-packages/ekf_assgn/__init__.py to __init__.cpython-312.pyc
[1.388s] byte-compiling /home/sohan/slam_mrt/install/ekf_assgn/lib/python3.12/site-packages/ekf_assgn/covariance_relay.py to covariance_relay.cpython-312.pyc
[1.389s] byte-compiling /home/sohan/slam_mrt/install/ekf_assgn/lib/python3.12/site-packages/ekf_assgn/dummy_imu_publisher.py to dummy_imu_publisher.cpython-312.pyc
[1.389s] byte-compiling /home/sohan/slam_mrt/install/ekf_assgn/lib/python3.12/site-packages/ekf_assgn/dummy_odom_publisher.py to dummy_odom_publisher.cpython-312.pyc
[1.389s] running install_data
[1.389s] copying resource/ekf_assgn -> /home/sohan/slam_mrt/install/ekf_assgn/share/ament_index/resource_index/packages
[1.390s] copying package.xml -> /home/sohan/slam_mrt/install/ekf_assgn/share/ekf_assgn
[1.390s] copying launch/ekf_rover.launch.py -> /home/sohan/slam_mrt/install/ekf_assgn/share/ekf_assgn/launch
[1.390s] copying launch/ekf_dummy.launch.py -> /home/sohan/slam_mrt/install/ekf_assgn/share/ekf_assgn/launch
[1.390s] copying config/ekf_rover.yaml -> /home/sohan/slam_mrt/install/ekf_assgn/share/ekf_assgn/config
[1.390s] copying config/ekf_dummy.yaml -> /home/sohan/slam_mrt/install/ekf_assgn/share/ekf_assgn/config
[1.390s] running install_egg_info
[1.400s] Copying ../build/ekf_assgn/ekf_assgn.egg-info to /home/sohan/slam_mrt/install/ekf_assgn/lib/python3.12/site-packages/ekf_assgn-0.0.0-py3.12.egg-info
[1.400s] running install_scripts
[1.466s] Installing covariance_relay script to /home/sohan/slam_mrt/install/ekf_assgn/lib/ekf_assgn
[1.466s] Installing dummy_imu_publisher script to /home/sohan/slam_mrt/install/ekf_assgn/lib/ekf_assgn
[1.467s] Installing dummy_odom_publisher script to /home/sohan/slam_mrt/install/ekf_assgn/lib/ekf_assgn
[1.467s] writing list of installed files to '/home/sohan/slam_mrt/build/ekf_assgn/install.log'
[1.486s] Invoked command in '/home/sohan/slam_mrt/ekf_assgn' returned '0': DEBUGINFOD_URLS=https://debuginfod.ubuntu.com PYTHONPATH=/home/sohan/slam_mrt/build/ekf_assgn/prefix_override:/usr/lib/python3/dist-packages/colcon_core/task/python/colcon_distutils_commands:/home/sohan/slam_mrt/install/ekf_assgn/lib/python3.12/site-packages:${PYTHONPATH} /usr/bin/python3 -W ignore:setup.py install is deprecated -W ignore:easy_install command is deprecated setup.py egg_info --egg-base ../build/ekf_assgn build --build-base /home/sohan/slam_mrt/build/ekf_assgn/build install --record /home/sohan/slam_mrt/build/ekf_assgn/install.log --install-scripts $base/lib/ekf_assgn --single-version-externally-managed install_data --force
