[0.006s] Invoking command in '/home/sohan/slam_mrt/build/husarion_ugv_description': AMENT_PREFIX_PATH=/home/sohan/slam_mrt/install/husarion_components_description:${AMENT_PREFIX_PATH} CMAKE_PREFIX_PATH=/home/sohan/slam_mrt/install/husarion_components_description:/opt/ros/jazzy/opt/gz_sim_vendor:/opt/ros/jazzy/opt/gz_sensors_vendor:/opt/ros/jazzy/opt/gz_physics_vendor:/opt/ros/jazzy/opt/sdformat_vendor:/opt/ros/jazzy/opt/gz_gui_vendor:/opt/ros/jazzy/opt/gz_transport_vendor:/opt/ros/jazzy/opt/gz_rendering_vendor:/opt/ros/jazzy/opt/gz_plugin_vendor:/opt/ros/jazzy/opt/gz_fuel_tools_vendor:/opt/ros/jazzy/opt/gz_msgs_vendor:/opt/ros/jazzy/opt/gz_common_vendor:/opt/ros/jazzy/opt/gz_math_vendor:/opt/ros/jazzy/opt/gz_utils_vendor:/opt/ros/jazzy/opt/gz_tools_vendor:/opt/ros/jazzy/opt/gz_ogre_next_vendor:/opt/ros/jazzy/opt/gz_dartsim_vendor:/opt/ros/jazzy/opt/gz_cmake_vendor:/opt/ros/jazzy DEBUGINFOD_URLS=https://debuginfod.ubuntu.com GAZEBO_MODEL_PATH=/home/sohan/slam_mrt/install/husarion_components_description/share GZ_SIM_RESOURCE_PATH=/home/sohan/slam_mrt/install/husarion_components_description/share:${GZ_SIM_RESOURCE_PATH} IGN_GAZEBO_RESOURCE_PATH=/opt/ros/jazzy/share:/home/sohan/slam_mrt/install/husarion_components_description/share /usr/bin/cmake /home/sohan/slam_mrt/husarion_ugv_description -DCMAKE_INSTALL_PREFIX=/home/sohan/slam_mrt/install/husarion_ugv_description
[0.020s] -- Found ament_cmake: 2.5.6 (/opt/ros/jazzy/share/ament_cmake/cmake)
[0.155s] -- Override CMake install command with custom implementation using symlinks instead of copying resources
[0.225s] -- Configuring done (0.2s)
[0.231s] -- Generating done (0.0s)
[0.232s] -- Build files have been written to: /home/sohan/slam_mrt/build/husarion_ugv_description
[0.235s] Invoked command in '/home/sohan/slam_mrt/build/husarion_ugv_description' returned '0': AMENT_PREFIX_PATH=/home/sohan/slam_mrt/install/husarion_components_description:${AMENT_PREFIX_PATH} CMAKE_PREFIX_PATH=/home/sohan/slam_mrt/install/husarion_components_description:/opt/ros/jazzy/opt/gz_sim_vendor:/opt/ros/jazzy/opt/gz_sensors_vendor:/opt/ros/jazzy/opt/gz_physics_vendor:/opt/ros/jazzy/opt/sdformat_vendor:/opt/ros/jazzy/opt/gz_gui_vendor:/opt/ros/jazzy/opt/gz_transport_vendor:/opt/ros/jazzy/opt/gz_rendering_vendor:/opt/ros/jazzy/opt/gz_plugin_vendor:/opt/ros/jazzy/opt/gz_fuel_tools_vendor:/opt/ros/jazzy/opt/gz_msgs_vendor:/opt/ros/jazzy/opt/gz_common_vendor:/opt/ros/jazzy/opt/gz_math_vendor:/opt/ros/jazzy/opt/gz_utils_vendor:/opt/ros/jazzy/opt/gz_tools_vendor:/opt/ros/jazzy/opt/gz_ogre_next_vendor:/opt/ros/jazzy/opt/gz_dartsim_vendor:/opt/ros/jazzy/opt/gz_cmake_vendor:/opt/ros/jazzy DEBUGINFOD_URLS=https://debuginfod.ubuntu.com GAZEBO_MODEL_PATH=/home/sohan/slam_mrt/install/husarion_components_description/share GZ_SIM_RESOURCE_PATH=/home/sohan/slam_mrt/install/husarion_components_description/share:${GZ_SIM_RESOURCE_PATH} IGN_GAZEBO_RESOURCE_PATH=/opt/ros/jazzy/share:/home/sohan/slam_mrt/install/husarion_components_description/share /usr/bin/cmake /home/sohan/slam_mrt/husarion_ugv_description -DCMAKE_INSTALL_PREFIX=/home/sohan/slam_mrt/install/husarion_ugv_description
[0.236s] Invoking command in '/home/sohan/slam_mrt/build/husarion_ugv_description': AMENT_PREFIX_PATH=/home/sohan/slam_mrt/install/husarion_components_description:${AMENT_PREFIX_PATH} CMAKE_PREFIX_PATH=/home/sohan/slam_mrt/install/husarion_components_description:/opt/ros/jazzy/opt/gz_sim_vendor:/opt/ros/jazzy/opt/gz_sensors_vendor:/opt/ros/jazzy/opt/gz_physics_vendor:/opt/ros/jazzy/opt/sdformat_vendor:/opt/ros/jazzy/opt/gz_gui_vendor:/opt/ros/jazzy/opt/gz_transport_vendor:/opt/ros/jazzy/opt/gz_rendering_vendor:/opt/ros/jazzy/opt/gz_plugin_vendor:/opt/ros/jazzy/opt/gz_fuel_tools_vendor:/opt/ros/jazzy/opt/gz_msgs_vendor:/opt/ros/jazzy/opt/gz_common_vendor:/opt/ros/jazzy/opt/gz_math_vendor:/opt/ros/jazzy/opt/gz_utils_vendor:/opt/ros/jazzy/opt/gz_tools_vendor:/opt/ros/jazzy/opt/gz_ogre_next_vendor:/opt/ros/jazzy/opt/gz_dartsim_vendor:/opt/ros/jazzy/opt/gz_cmake_vendor:/opt/ros/jazzy DEBUGINFOD_URLS=https://debuginfod.ubuntu.com GAZEBO_MODEL_PATH=/home/sohan/slam_mrt/install/husarion_components_description/share GZ_SIM_RESOURCE_PATH=/home/sohan/slam_mrt/install/husarion_components_description/share:${GZ_SIM_RESOURCE_PATH} IGN_GAZEBO_RESOURCE_PATH=/opt/ros/jazzy/share:/home/sohan/slam_mrt/install/husarion_components_description/share /usr/bin/cmake --build /home/sohan/slam_mrt/build/husarion_ugv_description -- -j32 -l32
[0.262s] Invoked command in '/home/sohan/slam_mrt/build/husarion_ugv_description' returned '0': AMENT_PREFIX_PATH=/home/sohan/slam_mrt/install/husarion_components_description:${AMENT_PREFIX_PATH} CMAKE_PREFIX_PATH=/home/sohan/slam_mrt/install/husarion_components_description:/opt/ros/jazzy/opt/gz_sim_vendor:/opt/ros/jazzy/opt/gz_sensors_vendor:/opt/ros/jazzy/opt/gz_physics_vendor:/opt/ros/jazzy/opt/sdformat_vendor:/opt/ros/jazzy/opt/gz_gui_vendor:/opt/ros/jazzy/opt/gz_transport_vendor:/opt/ros/jazzy/opt/gz_rendering_vendor:/opt/ros/jazzy/opt/gz_plugin_vendor:/opt/ros/jazzy/opt/gz_fuel_tools_vendor:/opt/ros/jazzy/opt/gz_msgs_vendor:/opt/ros/jazzy/opt/gz_common_vendor:/opt/ros/jazzy/opt/gz_math_vendor:/opt/ros/jazzy/opt/gz_utils_vendor:/opt/ros/jazzy/opt/gz_tools_vendor:/opt/ros/jazzy/opt/gz_ogre_next_vendor:/opt/ros/jazzy/opt/gz_dartsim_vendor:/opt/ros/jazzy/opt/gz_cmake_vendor:/opt/ros/jazzy DEBUGINFOD_URLS=https://debuginfod.ubuntu.com GAZEBO_MODEL_PATH=/home/sohan/slam_mrt/install/husarion_components_description/share GZ_SIM_RESOURCE_PATH=/home/sohan/slam_mrt/install/husarion_components_description/share:${GZ_SIM_RESOURCE_PATH} IGN_GAZEBO_RESOURCE_PATH=/opt/ros/jazzy/share:/home/sohan/slam_mrt/install/husarion_components_description/share /usr/bin/cmake --build /home/sohan/slam_mrt/build/husarion_ugv_description -- -j32 -l32
[0.263s] Invoking command in '/home/sohan/slam_mrt/build/husarion_ugv_description': AMENT_PREFIX_PATH=/home/sohan/slam_mrt/install/husarion_components_description:${AMENT_PREFIX_PATH} CMAKE_PREFIX_PATH=/home/sohan/slam_mrt/install/husarion_components_description:/opt/ros/jazzy/opt/gz_sim_vendor:/opt/ros/jazzy/opt/gz_sensors_vendor:/opt/ros/jazzy/opt/gz_physics_vendor:/opt/ros/jazzy/opt/sdformat_vendor:/opt/ros/jazzy/opt/gz_gui_vendor:/opt/ros/jazzy/opt/gz_transport_vendor:/opt/ros/jazzy/opt/gz_rendering_vendor:/opt/ros/jazzy/opt/gz_plugin_vendor:/opt/ros/jazzy/opt/gz_fuel_tools_vendor:/opt/ros/jazzy/opt/gz_msgs_vendor:/opt/ros/jazzy/opt/gz_common_vendor:/opt/ros/jazzy/opt/gz_math_vendor:/opt/ros/jazzy/opt/gz_utils_vendor:/opt/ros/jazzy/opt/gz_tools_vendor:/opt/ros/jazzy/opt/gz_ogre_next_vendor:/opt/ros/jazzy/opt/gz_dartsim_vendor:/opt/ros/jazzy/opt/gz_cmake_vendor:/opt/ros/jazzy DEBUGINFOD_URLS=https://debuginfod.ubuntu.com GAZEBO_MODEL_PATH=/home/sohan/slam_mrt/install/husarion_components_description/share GZ_SIM_RESOURCE_PATH=/home/sohan/slam_mrt/install/husarion_components_description/share:${GZ_SIM_RESOURCE_PATH} IGN_GAZEBO_RESOURCE_PATH=/opt/ros/jazzy/share:/home/sohan/slam_mrt/install/husarion_components_description/share /usr/bin/cmake --install /home/sohan/slam_mrt/build/husarion_ugv_description
[0.266s] -- Install configuration: ""
[0.267s] -- Execute custom install script
[0.267s] -- Up-to-date symlink: /home/sohan/slam_mrt/install/husarion_ugv_description/share/husarion_ugv_description/config/WH01.yaml
[0.267s] -- Up-to-date symlink: /home/sohan/slam_mrt/install/husarion_ugv_description/share/husarion_ugv_description/config/WH02.yaml
[0.267s] -- Up-to-date symlink: /home/sohan/slam_mrt/install/husarion_ugv_description/share/husarion_ugv_description/config/WH04.yaml
[0.267s] -- Up-to-date symlink: /home/sohan/slam_mrt/install/husarion_ugv_description/share/husarion_ugv_description/config/WH05.yaml
[0.267s] -- Up-to-date symlink: /home/sohan/slam_mrt/install/husarion_ugv_description/share/husarion_ugv_description/config/components.yaml
[0.268s] -- Up-to-date symlink: /home/sohan/slam_mrt/install/husarion_ugv_description/share/husarion_ugv_description/launch/load_urdf.launch.py
[0.268s] -- Up-to-date symlink: /home/sohan/slam_mrt/install/husarion_ugv_description/share/husarion_ugv_description/launch/overwrite_robot_description.launch.py
[0.268s] -- Up-to-date symlink: /home/sohan/slam_mrt/install/husarion_ugv_description/share/husarion_ugv_description/launch/rviz.launch.py
[0.268s] -- Up-to-date symlink: /home/sohan/slam_mrt/install/husarion_ugv_description/share/husarion_ugv_description/launch/visualize_fake_robot.launch.py
[0.269s] -- Up-to-date symlink: /home/sohan/slam_mrt/install/husarion_ugv_description/share/husarion_ugv_description/meshes/WH01/fl_wheel.dae
[0.269s] -- Up-to-date symlink: /home/sohan/slam_mrt/install/husarion_ugv_description/share/husarion_ugv_description/meshes/WH01/fr_wheel.dae
[0.269s] -- Up-to-date symlink: /home/sohan/slam_mrt/install/husarion_ugv_description/share/husarion_ugv_description/meshes/WH01/rl_wheel.dae
[0.269s] -- Up-to-date symlink: /home/sohan/slam_mrt/install/husarion_ugv_description/share/husarion_ugv_description/meshes/WH01/rr_wheel.dae
[0.269s] -- Up-to-date symlink: /home/sohan/slam_mrt/install/husarion_ugv_description/share/husarion_ugv_description/meshes/WH02/fl_wheel.dae
[0.269s] -- Up-to-date symlink: /home/sohan/slam_mrt/install/husarion_ugv_description/share/husarion_ugv_description/meshes/WH02/fr_wheel.dae
[0.269s] -- Up-to-date symlink: /home/sohan/slam_mrt/install/husarion_ugv_description/share/husarion_ugv_description/meshes/WH02/rl_wheel.dae
[0.269s] -- Up-to-date symlink: /home/sohan/slam_mrt/install/husarion_ugv_description/share/husarion_ugv_description/meshes/WH02/rr_wheel.dae
[0.270s] -- Up-to-date symlink: /home/sohan/slam_mrt/install/husarion_ugv_description/share/husarion_ugv_description/meshes/WH04/fl_wheel.dae
[0.270s] -- Up-to-date symlink: /home/sohan/slam_mrt/install/husarion_ugv_description/share/husarion_ugv_description/meshes/WH04/fr_wheel.dae
[0.270s] -- Up-to-date symlink: /home/sohan/slam_mrt/install/husarion_ugv_description/share/husarion_ugv_description/meshes/WH04/rl_wheel.dae
[0.270s] -- Up-to-date symlink: /home/sohan/slam_mrt/install/husarion_ugv_description/share/husarion_ugv_description/meshes/WH04/rr_wheel.dae
[0.270s] -- Up-to-date symlink: /home/sohan/slam_mrt/install/husarion_ugv_description/share/husarion_ugv_description/meshes/WH05/fl_wheel.dae
[0.270s] -- Up-to-date symlink: /home/sohan/slam_mrt/install/husarion_ugv_description/share/husarion_ugv_description/meshes/WH05/fr_wheel.dae
[0.270s] -- Up-to-date symlink: /home/sohan/slam_mrt/install/husarion_ugv_description/share/husarion_ugv_description/meshes/WH05/rl_wheel.dae
[0.270s] -- Up-to-date symlink: /home/sohan/slam_mrt/install/husarion_ugv_description/share/husarion_ugv_description/meshes/WH05/rr_wheel.dae
[0.270s] -- Up-to-date symlink: /home/sohan/slam_mrt/install/husarion_ugv_description/share/husarion_ugv_description/meshes/lynx/base.dae
[0.270s] -- Up-to-date symlink: /home/sohan/slam_mrt/install/husarion_ugv_description/share/husarion_ugv_description/meshes/lynx/base_collision.dae
[0.270s] -- Up-to-date symlink: /home/sohan/slam_mrt/install/husarion_ugv_description/share/husarion_ugv_description/meshes/panther/base.dae
[0.271s] -- Up-to-date symlink: /home/sohan/slam_mrt/install/husarion_ugv_description/share/husarion_ugv_description/meshes/panther/base_collision.stl
[0.271s] -- Up-to-date symlink: /home/sohan/slam_mrt/install/husarion_ugv_description/share/husarion_ugv_description/rviz/husarion_ugv.rviz
[0.271s] -- Up-to-date symlink: /home/sohan/slam_mrt/install/husarion_ugv_description/share/husarion_ugv_description/rviz/robot_model.rviz
[0.271s] -- Up-to-date symlink: /home/sohan/slam_mrt/install/husarion_ugv_description/share/husarion_ugv_description/urdf/common/gazebo.urdf.xacro
[0.272s] -- Up-to-date symlink: /home/sohan/slam_mrt/install/husarion_ugv_description/share/husarion_ugv_description/urdf/common/wheel.urdf.xacro
[0.272s] -- Up-to-date symlink: /home/sohan/slam_mrt/install/husarion_ugv_description/share/husarion_ugv_description/urdf/lynx.urdf.xacro
[0.272s] -- Up-to-date symlink: /home/sohan/slam_mrt/install/husarion_ugv_description/share/husarion_ugv_description/urdf/lynx/base.urdf.xacro
[0.272s] -- Up-to-date symlink: /home/sohan/slam_mrt/install/husarion_ugv_description/share/husarion_ugv_description/urdf/lynx/lynx_macro.urdf.xacro
[0.272s] -- Up-to-date symlink: /home/sohan/slam_mrt/install/husarion_ugv_description/share/husarion_ugv_description/urdf/panther.urdf.xacro
[0.272s] -- Up-to-date symlink: /home/sohan/slam_mrt/install/husarion_ugv_description/share/husarion_ugv_description/urdf/panther/base.urdf.xacro
[0.272s] -- Up-to-date symlink: /home/sohan/slam_mrt/install/husarion_ugv_description/share/husarion_ugv_description/urdf/panther/panther_macro.urdf.xacro
[0.272s] -- Up-to-date symlink: /home/sohan/slam_mrt/install/husarion_ugv_description/share/husarion_ugv_description/environment/setup_envs.sh
[0.273s] -- Up-to-date symlink: /home/sohan/slam_mrt/install/husarion_ugv_description/share/ament_index/resource_index/package_run_dependencies/husarion_ugv_description
[0.273s] -- Up-to-date symlink: /home/sohan/slam_mrt/install/husarion_ugv_description/share/ament_index/resource_index/parent_prefix_path/husarion_ugv_description
[0.273s] -- Up-to-date symlink: /home/sohan/slam_mrt/install/husarion_ugv_description/share/husarion_ugv_description/environment/ament_prefix_path.sh
[0.273s] -- Up-to-date symlink: /home/sohan/slam_mrt/install/husarion_ugv_description/share/husarion_ugv_description/environment/ament_prefix_path.dsv
[0.273s] -- Up-to-date symlink: /home/sohan/slam_mrt/install/husarion_ugv_description/share/husarion_ugv_description/environment/path.sh
[0.273s] -- Up-to-date symlink: /home/sohan/slam_mrt/install/husarion_ugv_description/share/husarion_ugv_description/environment/path.dsv
[0.273s] -- Up-to-date symlink: /home/sohan/slam_mrt/install/husarion_ugv_description/share/husarion_ugv_description/local_setup.bash
[0.273s] -- Up-to-date symlink: /home/sohan/slam_mrt/install/husarion_ugv_description/share/husarion_ugv_description/local_setup.sh
[0.273s] -- Up-to-date symlink: /home/sohan/slam_mrt/install/husarion_ugv_description/share/husarion_ugv_description/local_setup.zsh
[0.273s] -- Up-to-date symlink: /home/sohan/slam_mrt/install/husarion_ugv_description/share/husarion_ugv_description/local_setup.dsv
[0.273s] -- Symlinking: /home/sohan/slam_mrt/install/husarion_ugv_description/share/husarion_ugv_description/package.dsv
[0.278s] -- Up-to-date symlink: /home/sohan/slam_mrt/install/husarion_ugv_description/share/ament_index/resource_index/packages/husarion_ugv_description
[0.278s] -- Up-to-date symlink: /home/sohan/slam_mrt/install/husarion_ugv_description/share/husarion_ugv_description/cmake/husarion_ugv_descriptionConfig.cmake
[0.278s] -- Up-to-date symlink: /home/sohan/slam_mrt/install/husarion_ugv_description/share/husarion_ugv_description/cmake/husarion_ugv_descriptionConfig-version.cmake
[0.278s] -- Up-to-date symlink: /home/sohan/slam_mrt/install/husarion_ugv_description/share/husarion_ugv_description/package.xml
[0.279s] Invoked command in '/home/sohan/slam_mrt/build/husarion_ugv_description' returned '0': AMENT_PREFIX_PATH=/home/sohan/slam_mrt/install/husarion_components_description:${AMENT_PREFIX_PATH} CMAKE_PREFIX_PATH=/home/sohan/slam_mrt/install/husarion_components_description:/opt/ros/jazzy/opt/gz_sim_vendor:/opt/ros/jazzy/opt/gz_sensors_vendor:/opt/ros/jazzy/opt/gz_physics_vendor:/opt/ros/jazzy/opt/sdformat_vendor:/opt/ros/jazzy/opt/gz_gui_vendor:/opt/ros/jazzy/opt/gz_transport_vendor:/opt/ros/jazzy/opt/gz_rendering_vendor:/opt/ros/jazzy/opt/gz_plugin_vendor:/opt/ros/jazzy/opt/gz_fuel_tools_vendor:/opt/ros/jazzy/opt/gz_msgs_vendor:/opt/ros/jazzy/opt/gz_common_vendor:/opt/ros/jazzy/opt/gz_math_vendor:/opt/ros/jazzy/opt/gz_utils_vendor:/opt/ros/jazzy/opt/gz_tools_vendor:/opt/ros/jazzy/opt/gz_ogre_next_vendor:/opt/ros/jazzy/opt/gz_dartsim_vendor:/opt/ros/jazzy/opt/gz_cmake_vendor:/opt/ros/jazzy DEBUGINFOD_URLS=https://debuginfod.ubuntu.com GAZEBO_MODEL_PATH=/home/sohan/slam_mrt/install/husarion_components_description/share GZ_SIM_RESOURCE_PATH=/home/sohan/slam_mrt/install/husarion_components_description/share:${GZ_SIM_RESOURCE_PATH} IGN_GAZEBO_RESOURCE_PATH=/opt/ros/jazzy/share:/home/sohan/slam_mrt/install/husarion_components_description/share /usr/bin/cmake --install /home/sohan/slam_mrt/build/husarion_ugv_description
