[0.888s] Invoking command in '/home/sohan/slam_mrt/build/ekf_dummy_pkg': DEBUGINFOD_URLS=https://debuginfod.ubuntu.com PYTHONPATH=/home/sohan/slam_mrt/build/ekf_dummy_pkg/prefix_override:/usr/lib/python3/dist-packages/colcon_core/task/python/colcon_distutils_commands:/home/sohan/slam_mrt/install/ekf_dummy_pkg/lib/python3.12/site-packages:${PYTHONPATH} /usr/bin/python3 -W ignore:setup.py install is deprecated -W ignore:easy_install command is deprecated setup.py develop --uninstall --editable --build-directory /home/sohan/slam_mrt/build/ekf_dummy_pkg/build
[1.060s] running develop
[1.165s] Removing /home/sohan/slam_mrt/install/ekf_dummy_pkg/lib/python3.12/site-packages/ekf-dummy-pkg.egg-link (link to .)
[1.192s] Invoked command in '/home/sohan/slam_mrt/build/ekf_dummy_pkg' returned '0': DEBUGINFOD_URLS=https://debuginfod.ubuntu.com PYTHONPATH=/home/sohan/slam_mrt/build/ekf_dummy_pkg/prefix_override:/usr/lib/python3/dist-packages/colcon_core/task/python/colcon_distutils_commands:/home/sohan/slam_mrt/install/ekf_dummy_pkg/lib/python3.12/site-packages:${PYTHONPATH} /usr/bin/python3 -W ignore:setup.py install is deprecated -W ignore:easy_install command is deprecated setup.py develop --uninstall --editable --build-directory /home/sohan/slam_mrt/build/ekf_dummy_pkg/build
[1.193s] Invoking command in '/home/sohan/slam_mrt/ekf_dummy_pkg': DEBUGINFOD_URLS=https://debuginfod.ubuntu.com PYTHONPATH=/home/sohan/slam_mrt/build/ekf_dummy_pkg/prefix_override:/usr/lib/python3/dist-packages/colcon_core/task/python/colcon_distutils_commands:/home/sohan/slam_mrt/install/ekf_dummy_pkg/lib/python3.12/site-packages:${PYTHONPATH} /usr/bin/python3 -W ignore:setup.py install is deprecated -W ignore:easy_install command is deprecated setup.py egg_info --egg-base ../build/ekf_dummy_pkg build --build-base /home/sohan/slam_mrt/build/ekf_dummy_pkg/build install --record /home/sohan/slam_mrt/build/ekf_dummy_pkg/install.log --install-scripts $base/lib/ekf_dummy_pkg --single-version-externally-managed install_data --force
[1.344s] running egg_info
[1.353s] writing ../build/ekf_dummy_pkg/ekf_dummy_pkg.egg-info/PKG-INFO
[1.353s] writing dependency_links to ../build/ekf_dummy_pkg/ekf_dummy_pkg.egg-info/dependency_links.txt
[1.353s] writing entry points to ../build/ekf_dummy_pkg/ekf_dummy_pkg.egg-info/entry_points.txt
[1.353s] writing requirements to ../build/ekf_dummy_pkg/ekf_dummy_pkg.egg-info/requires.txt
[1.353s] writing top-level names to ../build/ekf_dummy_pkg/ekf_dummy_pkg.egg-info/top_level.txt
[1.370s] reading manifest file '../build/ekf_dummy_pkg/ekf_dummy_pkg.egg-info/SOURCES.txt'
[1.371s] writing manifest file '../build/ekf_dummy_pkg/ekf_dummy_pkg.egg-info/SOURCES.txt'
[1.371s] running build
[1.371s] running build_py
[1.371s] running install
[1.375s] running install_lib
[1.383s] creating /home/sohan/slam_mrt/install/ekf_dummy_pkg/lib/python3.12/site-packages/ekf_dummy_pkg
[1.383s] copying /home/sohan/slam_mrt/build/ekf_dummy_pkg/build/lib/ekf_dummy_pkg/__init__.py -> /home/sohan/slam_mrt/install/ekf_dummy_pkg/lib/python3.12/site-packages/ekf_dummy_pkg
[1.383s] copying /home/sohan/slam_mrt/build/ekf_dummy_pkg/build/lib/ekf_dummy_pkg/imu_relay.py -> /home/sohan/slam_mrt/install/ekf_dummy_pkg/lib/python3.12/site-packages/ekf_dummy_pkg
[1.384s] copying /home/sohan/slam_mrt/build/ekf_dummy_pkg/build/lib/ekf_dummy_pkg/dummy_odom_publisher.py -> /home/sohan/slam_mrt/install/ekf_dummy_pkg/lib/python3.12/site-packages/ekf_dummy_pkg
[1.384s] byte-compiling /home/sohan/slam_mrt/install/ekf_dummy_pkg/lib/python3.12/site-packages/ekf_dummy_pkg/__init__.py to __init__.cpython-312.pyc
[1.384s] byte-compiling /home/sohan/slam_mrt/install/ekf_dummy_pkg/lib/python3.12/site-packages/ekf_dummy_pkg/imu_relay.py to imu_relay.cpython-312.pyc
[1.384s] byte-compiling /home/sohan/slam_mrt/install/ekf_dummy_pkg/lib/python3.12/site-packages/ekf_dummy_pkg/dummy_odom_publisher.py to dummy_odom_publisher.cpython-312.pyc
[1.385s] running install_data
[1.385s] copying resource/ekf_dummy_pkg -> /home/sohan/slam_mrt/install/ekf_dummy_pkg/share/ament_index/resource_index/packages
[1.385s] copying package.xml -> /home/sohan/slam_mrt/install/ekf_dummy_pkg/share/ekf_dummy_pkg
[1.386s] copying launch/ekf_dummy.launch.py -> /home/sohan/slam_mrt/install/ekf_dummy_pkg/share/ekf_dummy_pkg/launch
[1.386s] copying config/ekf_dummy.yaml -> /home/sohan/slam_mrt/install/ekf_dummy_pkg/share/ekf_dummy_pkg/config
[1.386s] copying scripts/dummy_imu_publisher.py -> /home/sohan/slam_mrt/install/ekf_dummy_pkg/share/ekf_dummy_pkg/scripts
[1.387s] copying scripts/odom_relay.py -> /home/sohan/slam_mrt/install/ekf_dummy_pkg/share/ekf_dummy_pkg/scripts
[1.387s] running install_egg_info
[1.396s] Copying ../build/ekf_dummy_pkg/ekf_dummy_pkg.egg-info to /home/sohan/slam_mrt/install/ekf_dummy_pkg/lib/python3.12/site-packages/ekf_dummy_pkg-0.0.0-py3.12.egg-info
[1.396s] running install_scripts
[1.464s] Installing dummy_imu_publisher script to /home/sohan/slam_mrt/install/ekf_dummy_pkg/lib/ekf_dummy_pkg
[1.464s] Installing dummy_odom_publisher script to /home/sohan/slam_mrt/install/ekf_dummy_pkg/lib/ekf_dummy_pkg
[1.464s] Installing imu_relay script to /home/sohan/slam_mrt/install/ekf_dummy_pkg/lib/ekf_dummy_pkg
[1.464s] Installing odom_relay script to /home/sohan/slam_mrt/install/ekf_dummy_pkg/lib/ekf_dummy_pkg
[1.464s] writing list of installed files to '/home/sohan/slam_mrt/build/ekf_dummy_pkg/install.log'
[1.487s] Invoked command in '/home/sohan/slam_mrt/ekf_dummy_pkg' returned '0': DEBUGINFOD_URLS=https://debuginfod.ubuntu.com PYTHONPATH=/home/sohan/slam_mrt/build/ekf_dummy_pkg/prefix_override:/usr/lib/python3/dist-packages/colcon_core/task/python/colcon_distutils_commands:/home/sohan/slam_mrt/install/ekf_dummy_pkg/lib/python3.12/site-packages:${PYTHONPATH} /usr/bin/python3 -W ignore:setup.py install is deprecated -W ignore:easy_install command is deprecated setup.py egg_info --egg-base ../build/ekf_dummy_pkg build --build-base /home/sohan/slam_mrt/build/ekf_dummy_pkg/build install --record /home/sohan/slam_mrt/build/ekf_dummy_pkg/install.log --install-scripts $base/lib/ekf_dummy_pkg --single-version-externally-managed install_data --force
