[0.786s] Invoking command in '/home/sohan/slam_mrt/rover_ekf': DEBUGINFOD_URLS=https://debuginfod.ubuntu.com PYTHONPATH=/home/sohan/slam_mrt/build/rover_ekf/prefix_override:/usr/lib/python3/dist-packages/colcon_core/task/python/colcon_distutils_commands:/home/sohan/slam_mrt/install/rover_ekf/lib/python3.12/site-packages:${PYTHONPATH} /usr/bin/python3 -W ignore:setup.py install is deprecated -W ignore:easy_install command is deprecated setup.py egg_info --egg-base ../build/rover_ekf build --build-base /home/sohan/slam_mrt/build/rover_ekf/build install --record /home/sohan/slam_mrt/build/rover_ekf/install.log --install-scripts $base/lib/rover_ekf --single-version-externally-managed install_data
[0.926s] running egg_info
[0.934s] writing ../build/rover_ekf/rover_ekf.egg-info/PKG-INFO
[0.934s] writing dependency_links to ../build/rover_ekf/rover_ekf.egg-info/dependency_links.txt
[0.935s] writing entry points to ../build/rover_ekf/rover_ekf.egg-info/entry_points.txt
[0.935s] writing requirements to ../build/rover_ekf/rover_ekf.egg-info/requires.txt
[0.935s] writing top-level names to ../build/rover_ekf/rover_ekf.egg-info/top_level.txt
[0.953s] reading manifest file '../build/rover_ekf/rover_ekf.egg-info/SOURCES.txt'
[0.953s] writing manifest file '../build/rover_ekf/rover_ekf.egg-info/SOURCES.txt'
[0.954s] running build
[0.954s] running build_py
[0.954s] running install
[0.957s] running install_lib
[0.966s] running install_data
[0.966s] running install_egg_info
[0.975s] removing '/home/sohan/slam_mrt/install/rover_ekf/lib/python3.12/site-packages/rover_ekf-0.0.0-py3.12.egg-info' (and everything under it)
[0.975s] Copying ../build/rover_ekf/rover_ekf.egg-info to /home/sohan/slam_mrt/install/rover_ekf/lib/python3.12/site-packages/rover_ekf-0.0.0-py3.12.egg-info
[0.975s] running install_scripts
[1.041s] Installing covariance_relay script to /home/sohan/slam_mrt/install/rover_ekf/lib/rover_ekf
[1.041s] Installing dummy_imu_publisher script to /home/sohan/slam_mrt/install/rover_ekf/lib/rover_ekf
[1.041s] Installing dummy_odom_publisher script to /home/sohan/slam_mrt/install/rover_ekf/lib/rover_ekf
[1.042s] writing list of installed files to '/home/sohan/slam_mrt/build/rover_ekf/install.log'
[1.066s] Invoked command in '/home/sohan/slam_mrt/rover_ekf' returned '0': DEBUGINFOD_URLS=https://debuginfod.ubuntu.com PYTHONPATH=/home/sohan/slam_mrt/build/rover_ekf/prefix_override:/usr/lib/python3/dist-packages/colcon_core/task/python/colcon_distutils_commands:/home/sohan/slam_mrt/install/rover_ekf/lib/python3.12/site-packages:${PYTHONPATH} /usr/bin/python3 -W ignore:setup.py install is deprecated -W ignore:easy_install command is deprecated setup.py egg_info --egg-base ../build/rover_ekf build --build-base /home/sohan/slam_mrt/build/rover_ekf/build install --record /home/sohan/slam_mrt/build/rover_ekf/install.log --install-scripts $base/lib/rover_ekf --single-version-externally-managed install_data
