[0.005s] Invoking command in '/home/sohan/slam_mrt/build/husarion_ugv_controller': CMAKE_PREFIX_PATH=/home/sohan/slam_mrt/install/husarion_ugv_description:/home/sohan/slam_mrt/install/husarion_components_description:/home/sohan/slam_mrt/install/husarion_ugv_controller:/home/sohan/ekf_ws/install/husarion_ugv_controller:/home/sohan/ekf_ws/install/husarion_ugv_description:/home/sohan/ekf_ws/install/husarion_components_description:/opt/ros/jazzy/opt/gz_sim_vendor:/opt/ros/jazzy/opt/gz_sensors_vendor:/opt/ros/jazzy/opt/gz_physics_vendor:/opt/ros/jazzy/opt/sdformat_vendor:/opt/ros/jazzy/opt/gz_gui_vendor:/opt/ros/jazzy/opt/gz_transport_vendor:/opt/ros/jazzy/opt/gz_rendering_vendor:/opt/ros/jazzy/opt/gz_plugin_vendor:/opt/ros/jazzy/opt/gz_fuel_tools_vendor:/opt/ros/jazzy/opt/gz_msgs_vendor:/opt/ros/jazzy/opt/gz_common_vendor:/opt/ros/jazzy/opt/gz_math_vendor:/opt/ros/jazzy/opt/gz_utils_vendor:/opt/ros/jazzy/opt/gz_tools_vendor:/opt/ros/jazzy/opt/gz_ogre_next_vendor:/opt/ros/jazzy/opt/gz_dartsim_vendor:/opt/ros/jazzy/opt/gz_cmake_vendor:/home/sohan/slam_mrt/install/rover_gazebosim:/home/sohan/slam_mrt/install/rover_ekf:/home/sohan/slam_mrt/install/ekf_dummy_pkg:/home/sohan/slam_mrt/install/ekf_assgn:/home/sohan/ekf_ws/install/rover_gazebosim:/home/sohan/ekf_ws/install/ekf_assgn:/opt/ros/jazzy DEBUGINFOD_URLS=https://debuginfod.ubuntu.com /usr/bin/cmake /home/sohan/slam_mrt/husarion_ugv_controller -DCMAKE_INSTALL_PREFIX=/home/sohan/slam_mrt/install/husarion_ugv_controller
[0.039s] -- The C compiler identification is GNU 13.3.0
[0.074s] -- The CXX compiler identification is GNU 13.3.0
[0.083s] -- Detecting C compiler ABI info
[0.123s] -- Detecting C compiler ABI info - done
[0.128s] -- Check for working C compiler: /usr/bin/cc - skipped
[0.128s] -- Detecting C compile features
[0.128s] -- Detecting C compile features - done
[0.133s] -- Detecting CXX compiler ABI info
[0.187s] -- Detecting CXX compiler ABI info - done
[0.194s] -- Check for working CXX compiler: /usr/bin/c++ - skipped
[0.194s] -- Detecting CXX compile features
[0.194s] -- Detecting CXX compile features - done
[0.197s] -- Found ament_cmake: 2.5.6 (/opt/ros/jazzy/share/ament_cmake/cmake)
[0.285s] -- Found Python3: /usr/bin/python3 (found version "3.12.3") found components: Interpreter 
[0.404s] -- Configuring done (0.4s)
[0.405s] -- Generating done (0.0s)
[0.406s] -- Build files have been written to: /home/sohan/slam_mrt/build/husarion_ugv_controller
[0.409s] Invoked command in '/home/sohan/slam_mrt/build/husarion_ugv_controller' returned '0': CMAKE_PREFIX_PATH=/home/sohan/slam_mrt/install/husarion_ugv_description:/home/sohan/slam_mrt/install/husarion_components_description:/home/sohan/slam_mrt/install/husarion_ugv_controller:/home/sohan/ekf_ws/install/husarion_ugv_controller:/home/sohan/ekf_ws/install/husarion_ugv_description:/home/sohan/ekf_ws/install/husarion_components_description:/opt/ros/jazzy/opt/gz_sim_vendor:/opt/ros/jazzy/opt/gz_sensors_vendor:/opt/ros/jazzy/opt/gz_physics_vendor:/opt/ros/jazzy/opt/sdformat_vendor:/opt/ros/jazzy/opt/gz_gui_vendor:/opt/ros/jazzy/opt/gz_transport_vendor:/opt/ros/jazzy/opt/gz_rendering_vendor:/opt/ros/jazzy/opt/gz_plugin_vendor:/opt/ros/jazzy/opt/gz_fuel_tools_vendor:/opt/ros/jazzy/opt/gz_msgs_vendor:/opt/ros/jazzy/opt/gz_common_vendor:/opt/ros/jazzy/opt/gz_math_vendor:/opt/ros/jazzy/opt/gz_utils_vendor:/opt/ros/jazzy/opt/gz_tools_vendor:/opt/ros/jazzy/opt/gz_ogre_next_vendor:/opt/ros/jazzy/opt/gz_dartsim_vendor:/opt/ros/jazzy/opt/gz_cmake_vendor:/home/sohan/slam_mrt/install/rover_gazebosim:/home/sohan/slam_mrt/install/rover_ekf:/home/sohan/slam_mrt/install/ekf_dummy_pkg:/home/sohan/slam_mrt/install/ekf_assgn:/home/sohan/ekf_ws/install/rover_gazebosim:/home/sohan/ekf_ws/install/ekf_assgn:/opt/ros/jazzy DEBUGINFOD_URLS=https://debuginfod.ubuntu.com /usr/bin/cmake /home/sohan/slam_mrt/husarion_ugv_controller -DCMAKE_INSTALL_PREFIX=/home/sohan/slam_mrt/install/husarion_ugv_controller
[0.410s] Invoking command in '/home/sohan/slam_mrt/build/husarion_ugv_controller': CMAKE_PREFIX_PATH=/home/sohan/slam_mrt/install/husarion_ugv_description:/home/sohan/slam_mrt/install/husarion_components_description:/home/sohan/slam_mrt/install/husarion_ugv_controller:/home/sohan/ekf_ws/install/husarion_ugv_controller:/home/sohan/ekf_ws/install/husarion_ugv_description:/home/sohan/ekf_ws/install/husarion_components_description:/opt/ros/jazzy/opt/gz_sim_vendor:/opt/ros/jazzy/opt/gz_sensors_vendor:/opt/ros/jazzy/opt/gz_physics_vendor:/opt/ros/jazzy/opt/sdformat_vendor:/opt/ros/jazzy/opt/gz_gui_vendor:/opt/ros/jazzy/opt/gz_transport_vendor:/opt/ros/jazzy/opt/gz_rendering_vendor:/opt/ros/jazzy/opt/gz_plugin_vendor:/opt/ros/jazzy/opt/gz_fuel_tools_vendor:/opt/ros/jazzy/opt/gz_msgs_vendor:/opt/ros/jazzy/opt/gz_common_vendor:/opt/ros/jazzy/opt/gz_math_vendor:/opt/ros/jazzy/opt/gz_utils_vendor:/opt/ros/jazzy/opt/gz_tools_vendor:/opt/ros/jazzy/opt/gz_ogre_next_vendor:/opt/ros/jazzy/opt/gz_dartsim_vendor:/opt/ros/jazzy/opt/gz_cmake_vendor:/home/sohan/slam_mrt/install/rover_gazebosim:/home/sohan/slam_mrt/install/rover_ekf:/home/sohan/slam_mrt/install/ekf_dummy_pkg:/home/sohan/slam_mrt/install/ekf_assgn:/home/sohan/ekf_ws/install/rover_gazebosim:/home/sohan/ekf_ws/install/ekf_assgn:/opt/ros/jazzy DEBUGINFOD_URLS=https://debuginfod.ubuntu.com /usr/bin/cmake --build /home/sohan/slam_mrt/build/husarion_ugv_controller -- -j32 -l32
[0.428s] Invoked command in '/home/sohan/slam_mrt/build/husarion_ugv_controller' returned '0': CMAKE_PREFIX_PATH=/home/sohan/slam_mrt/install/husarion_ugv_description:/home/sohan/slam_mrt/install/husarion_components_description:/home/sohan/slam_mrt/install/husarion_ugv_controller:/home/sohan/ekf_ws/install/husarion_ugv_controller:/home/sohan/ekf_ws/install/husarion_ugv_description:/home/sohan/ekf_ws/install/husarion_components_description:/opt/ros/jazzy/opt/gz_sim_vendor:/opt/ros/jazzy/opt/gz_sensors_vendor:/opt/ros/jazzy/opt/gz_physics_vendor:/opt/ros/jazzy/opt/sdformat_vendor:/opt/ros/jazzy/opt/gz_gui_vendor:/opt/ros/jazzy/opt/gz_transport_vendor:/opt/ros/jazzy/opt/gz_rendering_vendor:/opt/ros/jazzy/opt/gz_plugin_vendor:/opt/ros/jazzy/opt/gz_fuel_tools_vendor:/opt/ros/jazzy/opt/gz_msgs_vendor:/opt/ros/jazzy/opt/gz_common_vendor:/opt/ros/jazzy/opt/gz_math_vendor:/opt/ros/jazzy/opt/gz_utils_vendor:/opt/ros/jazzy/opt/gz_tools_vendor:/opt/ros/jazzy/opt/gz_ogre_next_vendor:/opt/ros/jazzy/opt/gz_dartsim_vendor:/opt/ros/jazzy/opt/gz_cmake_vendor:/home/sohan/slam_mrt/install/rover_gazebosim:/home/sohan/slam_mrt/install/rover_ekf:/home/sohan/slam_mrt/install/ekf_dummy_pkg:/home/sohan/slam_mrt/install/ekf_assgn:/home/sohan/ekf_ws/install/rover_gazebosim:/home/sohan/ekf_ws/install/ekf_assgn:/opt/ros/jazzy DEBUGINFOD_URLS=https://debuginfod.ubuntu.com /usr/bin/cmake --build /home/sohan/slam_mrt/build/husarion_ugv_controller -- -j32 -l32
[0.429s] Invoking command in '/home/sohan/slam_mrt/build/husarion_ugv_controller': CMAKE_PREFIX_PATH=/home/sohan/slam_mrt/install/husarion_ugv_description:/home/sohan/slam_mrt/install/husarion_components_description:/home/sohan/slam_mrt/install/husarion_ugv_controller:/home/sohan/ekf_ws/install/husarion_ugv_controller:/home/sohan/ekf_ws/install/husarion_ugv_description:/home/sohan/ekf_ws/install/husarion_components_description:/opt/ros/jazzy/opt/gz_sim_vendor:/opt/ros/jazzy/opt/gz_sensors_vendor:/opt/ros/jazzy/opt/gz_physics_vendor:/opt/ros/jazzy/opt/sdformat_vendor:/opt/ros/jazzy/opt/gz_gui_vendor:/opt/ros/jazzy/opt/gz_transport_vendor:/opt/ros/jazzy/opt/gz_rendering_vendor:/opt/ros/jazzy/opt/gz_plugin_vendor:/opt/ros/jazzy/opt/gz_fuel_tools_vendor:/opt/ros/jazzy/opt/gz_msgs_vendor:/opt/ros/jazzy/opt/gz_common_vendor:/opt/ros/jazzy/opt/gz_math_vendor:/opt/ros/jazzy/opt/gz_utils_vendor:/opt/ros/jazzy/opt/gz_tools_vendor:/opt/ros/jazzy/opt/gz_ogre_next_vendor:/opt/ros/jazzy/opt/gz_dartsim_vendor:/opt/ros/jazzy/opt/gz_cmake_vendor:/home/sohan/slam_mrt/install/rover_gazebosim:/home/sohan/slam_mrt/install/rover_ekf:/home/sohan/slam_mrt/install/ekf_dummy_pkg:/home/sohan/slam_mrt/install/ekf_assgn:/home/sohan/ekf_ws/install/rover_gazebosim:/home/sohan/ekf_ws/install/ekf_assgn:/opt/ros/jazzy DEBUGINFOD_URLS=https://debuginfod.ubuntu.com /usr/bin/cmake --install /home/sohan/slam_mrt/build/husarion_ugv_controller
[0.433s] -- Install configuration: ""
[0.433s] -- Installing: /home/sohan/slam_mrt/install/husarion_ugv_controller/share/husarion_ugv_controller/config
[0.433s] -- Installing: /home/sohan/slam_mrt/install/husarion_ugv_controller/share/husarion_ugv_controller/config/WH05_controller.yaml
[0.433s] -- Installing: /home/sohan/slam_mrt/install/husarion_ugv_controller/share/husarion_ugv_controller/config/WH04_controller.yaml
[0.434s] -- Installing: /home/sohan/slam_mrt/install/husarion_ugv_controller/share/husarion_ugv_controller/config/WH01_controller.yaml
[0.434s] -- Installing: /home/sohan/slam_mrt/install/husarion_ugv_controller/share/husarion_ugv_controller/config/WH02_controller.yaml
[0.434s] -- Installing: /home/sohan/slam_mrt/install/husarion_ugv_controller/share/husarion_ugv_controller/launch
[0.434s] -- Installing: /home/sohan/slam_mrt/install/husarion_ugv_controller/share/husarion_ugv_controller/launch/controller.launch.py
[0.434s] -- Installing: /home/sohan/slam_mrt/install/husarion_ugv_controller/share/ament_index/resource_index/package_run_dependencies/husarion_ugv_controller
[0.434s] -- Installing: /home/sohan/slam_mrt/install/husarion_ugv_controller/share/ament_index/resource_index/parent_prefix_path/husarion_ugv_controller
[0.434s] -- Installing: /home/sohan/slam_mrt/install/husarion_ugv_controller/share/husarion_ugv_controller/environment/ament_prefix_path.sh
[0.434s] -- Installing: /home/sohan/slam_mrt/install/husarion_ugv_controller/share/husarion_ugv_controller/environment/ament_prefix_path.dsv
[0.434s] -- Installing: /home/sohan/slam_mrt/install/husarion_ugv_controller/share/husarion_ugv_controller/environment/path.sh
[0.434s] -- Installing: /home/sohan/slam_mrt/install/husarion_ugv_controller/share/husarion_ugv_controller/environment/path.dsv
[0.434s] -- Installing: /home/sohan/slam_mrt/install/husarion_ugv_controller/share/husarion_ugv_controller/local_setup.bash
[0.434s] -- Installing: /home/sohan/slam_mrt/install/husarion_ugv_controller/share/husarion_ugv_controller/local_setup.sh
[0.434s] -- Installing: /home/sohan/slam_mrt/install/husarion_ugv_controller/share/husarion_ugv_controller/local_setup.zsh
[0.434s] -- Installing: /home/sohan/slam_mrt/install/husarion_ugv_controller/share/husarion_ugv_controller/local_setup.dsv
[0.434s] -- Installing: /home/sohan/slam_mrt/install/husarion_ugv_controller/share/husarion_ugv_controller/package.dsv
[0.434s] -- Installing: /home/sohan/slam_mrt/install/husarion_ugv_controller/share/ament_index/resource_index/packages/husarion_ugv_controller
[0.434s] -- Installing: /home/sohan/slam_mrt/install/husarion_ugv_controller/share/husarion_ugv_controller/cmake/husarion_ugv_controllerConfig.cmake
[0.434s] -- Installing: /home/sohan/slam_mrt/install/husarion_ugv_controller/share/husarion_ugv_controller/cmake/husarion_ugv_controllerConfig-version.cmake
[0.434s] -- Installing: /home/sohan/slam_mrt/install/husarion_ugv_controller/share/husarion_ugv_controller/package.xml
[0.435s] Invoked command in '/home/sohan/slam_mrt/build/husarion_ugv_controller' returned '0': CMAKE_PREFIX_PATH=/home/sohan/slam_mrt/install/husarion_ugv_description:/home/sohan/slam_mrt/install/husarion_components_description:/home/sohan/slam_mrt/install/husarion_ugv_controller:/home/sohan/ekf_ws/install/husarion_ugv_controller:/home/sohan/ekf_ws/install/husarion_ugv_description:/home/sohan/ekf_ws/install/husarion_components_description:/opt/ros/jazzy/opt/gz_sim_vendor:/opt/ros/jazzy/opt/gz_sensors_vendor:/opt/ros/jazzy/opt/gz_physics_vendor:/opt/ros/jazzy/opt/sdformat_vendor:/opt/ros/jazzy/opt/gz_gui_vendor:/opt/ros/jazzy/opt/gz_transport_vendor:/opt/ros/jazzy/opt/gz_rendering_vendor:/opt/ros/jazzy/opt/gz_plugin_vendor:/opt/ros/jazzy/opt/gz_fuel_tools_vendor:/opt/ros/jazzy/opt/gz_msgs_vendor:/opt/ros/jazzy/opt/gz_common_vendor:/opt/ros/jazzy/opt/gz_math_vendor:/opt/ros/jazzy/opt/gz_utils_vendor:/opt/ros/jazzy/opt/gz_tools_vendor:/opt/ros/jazzy/opt/gz_ogre_next_vendor:/opt/ros/jazzy/opt/gz_dartsim_vendor:/opt/ros/jazzy/opt/gz_cmake_vendor:/home/sohan/slam_mrt/install/rover_gazebosim:/home/sohan/slam_mrt/install/rover_ekf:/home/sohan/slam_mrt/install/ekf_dummy_pkg:/home/sohan/slam_mrt/install/ekf_assgn:/home/sohan/ekf_ws/install/rover_gazebosim:/home/sohan/ekf_ws/install/ekf_assgn:/opt/ros/jazzy DEBUGINFOD_URLS=https://debuginfod.ubuntu.com /usr/bin/cmake --install /home/sohan/slam_mrt/build/husarion_ugv_controller
