[0.087s] DEBUG:colcon:Command line arguments: ['/usr/bin/colcon', 'build', '--symlink-install']
[0.087s] DEBUG:colcon:Parsed command line arguments: Namespace(log_base=None, log_level=None, verb_name='build', build_base='build', install_base='install', merge_install=False, symlink_install=True, test_result_base=None, continue_on_error=False, executor='parallel', parallel_workers=32, event_handlers=None, ignore_user_meta=False, metas=['./colcon.meta'], base_paths=['.'], packages_ignore=None, packages_ignore_regex=None, paths=None, packages_up_to=None, packages_up_to_regex=None, packages_above=None, packages_above_and_dependencies=None, packages_above_depth=None, packages_select_by_dep=None, packages_skip_by_dep=None, packages_skip_up_to=None, packages_select_build_failed=False, packages_skip_build_finished=False, packages_select_test_failures=False, packages_skip_test_passed=False, packages_select=None, packages_skip=None, packages_select_regex=None, packages_skip_regex=None, packages_start=None, packages_end=None, allow_overriding=[], cmake_args=None, cmake_target=None, cmake_target_skip_unavailable=False, cmake_clean_cache=False, cmake_clean_first=False, cmake_force_configure=False, ament_cmake_args=None, catkin_cmake_args=None, catkin_skip_building_tests=False, mixin_files=None, mixin=None, verb_parser=<colcon_mixin.mixin.mixin_argument.MixinArgumentDecorator object at 0x7b7f42ae8c20>, verb_extension=<colcon_core.verb.build.BuildVerb object at 0x7b7f42ae8890>, main=<bound method BuildVerb.main of <colcon_core.verb.build.BuildVerb object at 0x7b7f42ae8890>>, mixin_verb=('build',))
[0.110s] Level 1:colcon.colcon_core.package_discovery:discover_packages(colcon_meta) check parameters
[0.110s] Level 1:colcon.colcon_core.package_discovery:discover_packages(recursive) check parameters
[0.110s] Level 1:colcon.colcon_core.package_discovery:discover_packages(ignore) check parameters
[0.110s] Level 1:colcon.colcon_core.package_discovery:discover_packages(path) check parameters
[0.110s] Level 1:colcon.colcon_core.package_discovery:discover_packages(colcon_meta) discover
[0.110s] Level 1:colcon.colcon_core.package_discovery:discover_packages(recursive) discover
[0.110s] INFO:colcon.colcon_core.package_discovery:Crawling recursively for packages in '/home/sohan/slam_mrt'
[0.111s] Level 1:colcon.colcon_core.package_identification:_identify(.) by extensions ['ignore', 'ignore_ament_install']
[0.111s] Level 1:colcon.colcon_core.package_identification:_identify(.) by extension 'ignore'
[0.111s] Level 1:colcon.colcon_core.package_identification:_identify(.) by extension 'ignore_ament_install'
[0.111s] Level 1:colcon.colcon_core.package_identification:_identify(.) by extensions ['colcon_pkg']
[0.111s] Level 1:colcon.colcon_core.package_identification:_identify(.) by extension 'colcon_pkg'
[0.111s] Level 1:colcon.colcon_core.package_identification:_identify(.) by extensions ['colcon_meta']
[0.111s] Level 1:colcon.colcon_core.package_identification:_identify(.) by extension 'colcon_meta'
[0.111s] Level 1:colcon.colcon_core.package_identification:_identify(.) by extensions ['ros']
[0.111s] Level 1:colcon.colcon_core.package_identification:_identify(.) by extension 'ros'
[0.125s] Level 1:colcon.colcon_core.package_identification:_identify(.) by extensions ['cmake', 'python']
[0.126s] Level 1:colcon.colcon_core.package_identification:_identify(.) by extension 'cmake'
[0.126s] Level 1:colcon.colcon_core.package_identification:_identify(.) by extension 'python'
[0.126s] Level 1:colcon.colcon_core.package_identification:_identify(.) by extensions ['python_setup_py']
[0.126s] Level 1:colcon.colcon_core.package_identification:_identify(.) by extension 'python_setup_py'
[0.126s] Level 1:colcon.colcon_core.package_identification:_identify(build) by extensions ['ignore', 'ignore_ament_install']
[0.126s] Level 1:colcon.colcon_core.package_identification:_identify(build) by extension 'ignore'
[0.126s] Level 1:colcon.colcon_core.package_identification:_identify(build) ignored
[0.126s] Level 1:colcon.colcon_core.package_identification:_identify(ekf_assgn) by extensions ['ignore', 'ignore_ament_install']
[0.126s] Level 1:colcon.colcon_core.package_identification:_identify(ekf_assgn) by extension 'ignore'
[0.126s] Level 1:colcon.colcon_core.package_identification:_identify(ekf_assgn) by extension 'ignore_ament_install'
[0.126s] Level 1:colcon.colcon_core.package_identification:_identify(ekf_assgn) by extensions ['colcon_pkg']
[0.126s] Level 1:colcon.colcon_core.package_identification:_identify(ekf_assgn) by extension 'colcon_pkg'
[0.126s] Level 1:colcon.colcon_core.package_identification:_identify(ekf_assgn) by extensions ['colcon_meta']
[0.126s] Level 1:colcon.colcon_core.package_identification:_identify(ekf_assgn) by extension 'colcon_meta'
[0.126s] Level 1:colcon.colcon_core.package_identification:_identify(ekf_assgn) by extensions ['ros']
[0.126s] Level 1:colcon.colcon_core.package_identification:_identify(ekf_assgn) by extension 'ros'
[0.128s] DEBUG:colcon.colcon_core.package_identification:Package 'ekf_assgn' with type 'ros.ament_python' and name 'ekf_assgn'
[0.128s] Level 1:colcon.colcon_core.package_identification:_identify(ekf_dummy_pkg) by extensions ['ignore', 'ignore_ament_install']
[0.128s] Level 1:colcon.colcon_core.package_identification:_identify(ekf_dummy_pkg) by extension 'ignore'
[0.128s] Level 1:colcon.colcon_core.package_identification:_identify(ekf_dummy_pkg) by extension 'ignore_ament_install'
[0.128s] Level 1:colcon.colcon_core.package_identification:_identify(ekf_dummy_pkg) by extensions ['colcon_pkg']
[0.128s] Level 1:colcon.colcon_core.package_identification:_identify(ekf_dummy_pkg) by extension 'colcon_pkg'
[0.128s] Level 1:colcon.colcon_core.package_identification:_identify(ekf_dummy_pkg) by extensions ['colcon_meta']
[0.128s] Level 1:colcon.colcon_core.package_identification:_identify(ekf_dummy_pkg) by extension 'colcon_meta'
[0.128s] Level 1:colcon.colcon_core.package_identification:_identify(ekf_dummy_pkg) by extensions ['ros']
[0.128s] Level 1:colcon.colcon_core.package_identification:_identify(ekf_dummy_pkg) by extension 'ros'
[0.129s] DEBUG:colcon.colcon_core.package_identification:Package 'ekf_dummy_pkg' with type 'ros.ament_python' and name 'ekf_dummy_pkg'
[0.129s] Level 1:colcon.colcon_core.package_identification:_identify(husarion_components_description) by extensions ['ignore', 'ignore_ament_install']
[0.129s] Level 1:colcon.colcon_core.package_identification:_identify(husarion_components_description) by extension 'ignore'
[0.129s] Level 1:colcon.colcon_core.package_identification:_identify(husarion_components_description) by extension 'ignore_ament_install'
[0.129s] Level 1:colcon.colcon_core.package_identification:_identify(husarion_components_description) by extensions ['colcon_pkg']
[0.129s] Level 1:colcon.colcon_core.package_identification:_identify(husarion_components_description) by extension 'colcon_pkg'
[0.129s] Level 1:colcon.colcon_core.package_identification:_identify(husarion_components_description) by extensions ['colcon_meta']
[0.129s] Level 1:colcon.colcon_core.package_identification:_identify(husarion_components_description) by extension 'colcon_meta'
[0.129s] Level 1:colcon.colcon_core.package_identification:_identify(husarion_components_description) by extensions ['ros']
[0.129s] Level 1:colcon.colcon_core.package_identification:_identify(husarion_components_description) by extension 'ros'
[0.141s] DEBUG:colcon.colcon_core.package_identification:Package 'husarion_components_description' with type 'ros.ament_cmake' and name 'husarion_components_description'
[0.142s] Level 1:colcon.colcon_core.package_identification:_identify(husarion_ugv_controller) by extensions ['ignore', 'ignore_ament_install']
[0.142s] Level 1:colcon.colcon_core.package_identification:_identify(husarion_ugv_controller) by extension 'ignore'
[0.142s] Level 1:colcon.colcon_core.package_identification:_identify(husarion_ugv_controller) by extension 'ignore_ament_install'
[0.142s] Level 1:colcon.colcon_core.package_identification:_identify(husarion_ugv_controller) by extensions ['colcon_pkg']
[0.142s] Level 1:colcon.colcon_core.package_identification:_identify(husarion_ugv_controller) by extension 'colcon_pkg'
[0.142s] Level 1:colcon.colcon_core.package_identification:_identify(husarion_ugv_controller) by extensions ['colcon_meta']
[0.142s] Level 1:colcon.colcon_core.package_identification:_identify(husarion_ugv_controller) by extension 'colcon_meta'
[0.142s] Level 1:colcon.colcon_core.package_identification:_identify(husarion_ugv_controller) by extensions ['ros']
[0.142s] Level 1:colcon.colcon_core.package_identification:_identify(husarion_ugv_controller) by extension 'ros'
[0.143s] DEBUG:colcon.colcon_core.package_identification:Package 'husarion_ugv_controller' with type 'ros.ament_cmake' and name 'husarion_ugv_controller'
[0.143s] Level 1:colcon.colcon_core.package_identification:_identify(husarion_ugv_description) by extensions ['ignore', 'ignore_ament_install']
[0.143s] Level 1:colcon.colcon_core.package_identification:_identify(husarion_ugv_description) by extension 'ignore'
[0.143s] Level 1:colcon.colcon_core.package_identification:_identify(husarion_ugv_description) by extension 'ignore_ament_install'
[0.143s] Level 1:colcon.colcon_core.package_identification:_identify(husarion_ugv_description) by extensions ['colcon_pkg']
[0.143s] Level 1:colcon.colcon_core.package_identification:_identify(husarion_ugv_description) by extension 'colcon_pkg'
[0.143s] Level 1:colcon.colcon_core.package_identification:_identify(husarion_ugv_description) by extensions ['colcon_meta']
[0.143s] Level 1:colcon.colcon_core.package_identification:_identify(husarion_ugv_description) by extension 'colcon_meta'
[0.143s] Level 1:colcon.colcon_core.package_identification:_identify(husarion_ugv_description) by extensions ['ros']
[0.143s] Level 1:colcon.colcon_core.package_identification:_identify(husarion_ugv_description) by extension 'ros'
[0.143s] DEBUG:colcon.colcon_core.package_identification:Package 'husarion_ugv_description' with type 'ros.ament_cmake' and name 'husarion_ugv_description'
[0.143s] Level 1:colcon.colcon_core.package_identification:_identify(install) by extensions ['ignore', 'ignore_ament_install']
[0.143s] Level 1:colcon.colcon_core.package_identification:_identify(install) by extension 'ignore'
[0.143s] Level 1:colcon.colcon_core.package_identification:_identify(install) ignored
[0.143s] Level 1:colcon.colcon_core.package_identification:_identify(log) by extensions ['ignore', 'ignore_ament_install']
[0.143s] Level 1:colcon.colcon_core.package_identification:_identify(log) by extension 'ignore'
[0.143s] Level 1:colcon.colcon_core.package_identification:_identify(log) ignored
[0.144s] Level 1:colcon.colcon_core.package_identification:_identify(rover_ekf) by extensions ['ignore', 'ignore_ament_install']
[0.144s] Level 1:colcon.colcon_core.package_identification:_identify(rover_ekf) by extension 'ignore'
[0.144s] Level 1:colcon.colcon_core.package_identification:_identify(rover_ekf) by extension 'ignore_ament_install'
[0.144s] Level 1:colcon.colcon_core.package_identification:_identify(rover_ekf) by extensions ['colcon_pkg']
[0.144s] Level 1:colcon.colcon_core.package_identification:_identify(rover_ekf) by extension 'colcon_pkg'
[0.144s] Level 1:colcon.colcon_core.package_identification:_identify(rover_ekf) by extensions ['colcon_meta']
[0.144s] Level 1:colcon.colcon_core.package_identification:_identify(rover_ekf) by extension 'colcon_meta'
[0.144s] Level 1:colcon.colcon_core.package_identification:_identify(rover_ekf) by extensions ['ros']
[0.144s] Level 1:colcon.colcon_core.package_identification:_identify(rover_ekf) by extension 'ros'
[0.144s] DEBUG:colcon.colcon_core.package_identification:Package 'rover_ekf' with type 'ros.ament_python' and name 'rover_ekf'
[0.144s] Level 1:colcon.colcon_core.package_identification:_identify(rover_gazebosim) by extensions ['ignore', 'ignore_ament_install']
[0.144s] Level 1:colcon.colcon_core.package_identification:_identify(rover_gazebosim) by extension 'ignore'
[0.144s] Level 1:colcon.colcon_core.package_identification:_identify(rover_gazebosim) by extension 'ignore_ament_install'
[0.144s] Level 1:colcon.colcon_core.package_identification:_identify(rover_gazebosim) by extensions ['colcon_pkg']
[0.144s] Level 1:colcon.colcon_core.package_identification:_identify(rover_gazebosim) by extension 'colcon_pkg'
[0.144s] Level 1:colcon.colcon_core.package_identification:_identify(rover_gazebosim) by extensions ['colcon_meta']
[0.144s] Level 1:colcon.colcon_core.package_identification:_identify(rover_gazebosim) by extension 'colcon_meta'
[0.144s] Level 1:colcon.colcon_core.package_identification:_identify(rover_gazebosim) by extensions ['ros']
[0.144s] Level 1:colcon.colcon_core.package_identification:_identify(rover_gazebosim) by extension 'ros'
[0.144s] DEBUG:colcon.colcon_core.package_identification:Package 'rover_gazebosim' with type 'ros.ament_python' and name 'rover_gazebosim'
[0.144s] Level 1:colcon.colcon_core.package_discovery:discover_packages(recursive) using defaults
[0.144s] Level 1:colcon.colcon_core.package_discovery:discover_packages(ignore) discover
[0.144s] Level 1:colcon.colcon_core.package_discovery:discover_packages(ignore) using defaults
[0.144s] Level 1:colcon.colcon_core.package_discovery:discover_packages(path) discover
[0.144s] Level 1:colcon.colcon_core.package_discovery:discover_packages(path) using defaults
[0.163s] Level 1:colcon.colcon_core.package_discovery:discover_packages(prefix_path) check parameters
[0.163s] Level 1:colcon.colcon_core.package_discovery:discover_packages(prefix_path) discover
[0.164s] DEBUG:colcon.colcon_installed_package_information.package_discovery:Found 7 installed packages in /home/sohan/slam_mrt/install
[0.165s] DEBUG:colcon.colcon_installed_package_information.package_discovery:Found 455 installed packages in /opt/ros/jazzy
[0.166s] Level 1:colcon.colcon_core.package_discovery:discover_packages(prefix_path) using defaults
[0.191s] Level 5:colcon.colcon_core.verb:set package 'ekf_assgn' build argument 'cmake_args' from command line to 'None'
[0.191s] Level 5:colcon.colcon_core.verb:set package 'ekf_assgn' build argument 'cmake_target' from command line to 'None'
[0.191s] Level 5:colcon.colcon_core.verb:set package 'ekf_assgn' build argument 'cmake_target_skip_unavailable' from command line to 'False'
[0.191s] Level 5:colcon.colcon_core.verb:set package 'ekf_assgn' build argument 'cmake_clean_cache' from command line to 'False'
[0.191s] Level 5:colcon.colcon_core.verb:set package 'ekf_assgn' build argument 'cmake_clean_first' from command line to 'False'
[0.191s] Level 5:colcon.colcon_core.verb:set package 'ekf_assgn' build argument 'cmake_force_configure' from command line to 'False'
[0.191s] Level 5:colcon.colcon_core.verb:set package 'ekf_assgn' build argument 'ament_cmake_args' from command line to 'None'
[0.191s] Level 5:colcon.colcon_core.verb:set package 'ekf_assgn' build argument 'catkin_cmake_args' from command line to 'None'
[0.191s] Level 5:colcon.colcon_core.verb:set package 'ekf_assgn' build argument 'catkin_skip_building_tests' from command line to 'False'
[0.191s] DEBUG:colcon.colcon_core.verb:Building package 'ekf_assgn' with the following arguments: {'ament_cmake_args': None, 'build_base': '/home/sohan/slam_mrt/build/ekf_assgn', 'catkin_cmake_args': None, 'catkin_skip_building_tests': False, 'cmake_args': None, 'cmake_clean_cache': False, 'cmake_clean_first': False, 'cmake_force_configure': False, 'cmake_target': None, 'cmake_target_skip_unavailable': False, 'install_base': '/home/sohan/slam_mrt/install/ekf_assgn', 'merge_install': False, 'path': '/home/sohan/slam_mrt/ekf_assgn', 'symlink_install': True, 'test_result_base': None}
[0.191s] Level 5:colcon.colcon_core.verb:set package 'ekf_dummy_pkg' build argument 'cmake_args' from command line to 'None'
[0.191s] Level 5:colcon.colcon_core.verb:set package 'ekf_dummy_pkg' build argument 'cmake_target' from command line to 'None'
[0.191s] Level 5:colcon.colcon_core.verb:set package 'ekf_dummy_pkg' build argument 'cmake_target_skip_unavailable' from command line to 'False'
[0.191s] Level 5:colcon.colcon_core.verb:set package 'ekf_dummy_pkg' build argument 'cmake_clean_cache' from command line to 'False'
[0.191s] Level 5:colcon.colcon_core.verb:set package 'ekf_dummy_pkg' build argument 'cmake_clean_first' from command line to 'False'
[0.191s] Level 5:colcon.colcon_core.verb:set package 'ekf_dummy_pkg' build argument 'cmake_force_configure' from command line to 'False'
[0.191s] Level 5:colcon.colcon_core.verb:set package 'ekf_dummy_pkg' build argument 'ament_cmake_args' from command line to 'None'
[0.191s] Level 5:colcon.colcon_core.verb:set package 'ekf_dummy_pkg' build argument 'catkin_cmake_args' from command line to 'None'
[0.191s] Level 5:colcon.colcon_core.verb:set package 'ekf_dummy_pkg' build argument 'catkin_skip_building_tests' from command line to 'False'
[0.191s] DEBUG:colcon.colcon_core.verb:Building package 'ekf_dummy_pkg' with the following arguments: {'ament_cmake_args': None, 'build_base': '/home/sohan/slam_mrt/build/ekf_dummy_pkg', 'catkin_cmake_args': None, 'catkin_skip_building_tests': False, 'cmake_args': None, 'cmake_clean_cache': False, 'cmake_clean_first': False, 'cmake_force_configure': False, 'cmake_target': None, 'cmake_target_skip_unavailable': False, 'install_base': '/home/sohan/slam_mrt/install/ekf_dummy_pkg', 'merge_install': False, 'path': '/home/sohan/slam_mrt/ekf_dummy_pkg', 'symlink_install': True, 'test_result_base': None}
[0.191s] Level 5:colcon.colcon_core.verb:set package 'husarion_components_description' build argument 'cmake_args' from command line to 'None'
[0.191s] Level 5:colcon.colcon_core.verb:set package 'husarion_components_description' build argument 'cmake_target' from command line to 'None'
[0.191s] Level 5:colcon.colcon_core.verb:set package 'husarion_components_description' build argument 'cmake_target_skip_unavailable' from command line to 'False'
[0.191s] Level 5:colcon.colcon_core.verb:set package 'husarion_components_description' build argument 'cmake_clean_cache' from command line to 'False'
[0.191s] Level 5:colcon.colcon_core.verb:set package 'husarion_components_description' build argument 'cmake_clean_first' from command line to 'False'
[0.192s] Level 5:colcon.colcon_core.verb:set package 'husarion_components_description' build argument 'cmake_force_configure' from command line to 'False'
[0.192s] Level 5:colcon.colcon_core.verb:set package 'husarion_components_description' build argument 'ament_cmake_args' from command line to 'None'
[0.192s] Level 5:colcon.colcon_core.verb:set package 'husarion_components_description' build argument 'catkin_cmake_args' from command line to 'None'
[0.192s] Level 5:colcon.colcon_core.verb:set package 'husarion_components_description' build argument 'catkin_skip_building_tests' from command line to 'False'
[0.192s] DEBUG:colcon.colcon_core.verb:Building package 'husarion_components_description' with the following arguments: {'ament_cmake_args': None, 'build_base': '/home/sohan/slam_mrt/build/husarion_components_description', 'catkin_cmake_args': None, 'catkin_skip_building_tests': False, 'cmake_args': None, 'cmake_clean_cache': False, 'cmake_clean_first': False, 'cmake_force_configure': False, 'cmake_target': None, 'cmake_target_skip_unavailable': False, 'install_base': '/home/sohan/slam_mrt/install/husarion_components_description', 'merge_install': False, 'path': '/home/sohan/slam_mrt/husarion_components_description', 'symlink_install': True, 'test_result_base': None}
[0.192s] Level 5:colcon.colcon_core.verb:set package 'rover_ekf' build argument 'cmake_args' from command line to 'None'
[0.192s] Level 5:colcon.colcon_core.verb:set package 'rover_ekf' build argument 'cmake_target' from command line to 'None'
[0.192s] Level 5:colcon.colcon_core.verb:set package 'rover_ekf' build argument 'cmake_target_skip_unavailable' from command line to 'False'
[0.192s] Level 5:colcon.colcon_core.verb:set package 'rover_ekf' build argument 'cmake_clean_cache' from command line to 'False'
[0.192s] Level 5:colcon.colcon_core.verb:set package 'rover_ekf' build argument 'cmake_clean_first' from command line to 'False'
[0.192s] Level 5:colcon.colcon_core.verb:set package 'rover_ekf' build argument 'cmake_force_configure' from command line to 'False'
[0.192s] Level 5:colcon.colcon_core.verb:set package 'rover_ekf' build argument 'ament_cmake_args' from command line to 'None'
[0.192s] Level 5:colcon.colcon_core.verb:set package 'rover_ekf' build argument 'catkin_cmake_args' from command line to 'None'
[0.192s] Level 5:colcon.colcon_core.verb:set package 'rover_ekf' build argument 'catkin_skip_building_tests' from command line to 'False'
[0.192s] DEBUG:colcon.colcon_core.verb:Building package 'rover_ekf' with the following arguments: {'ament_cmake_args': None, 'build_base': '/home/sohan/slam_mrt/build/rover_ekf', 'catkin_cmake_args': None, 'catkin_skip_building_tests': False, 'cmake_args': None, 'cmake_clean_cache': False, 'cmake_clean_first': False, 'cmake_force_configure': False, 'cmake_target': None, 'cmake_target_skip_unavailable': False, 'install_base': '/home/sohan/slam_mrt/install/rover_ekf', 'merge_install': False, 'path': '/home/sohan/slam_mrt/rover_ekf', 'symlink_install': True, 'test_result_base': None}
[0.192s] Level 5:colcon.colcon_core.verb:set package 'rover_gazebosim' build argument 'cmake_args' from command line to 'None'
[0.192s] Level 5:colcon.colcon_core.verb:set package 'rover_gazebosim' build argument 'cmake_target' from command line to 'None'
[0.192s] Level 5:colcon.colcon_core.verb:set package 'rover_gazebosim' build argument 'cmake_target_skip_unavailable' from command line to 'False'
[0.192s] Level 5:colcon.colcon_core.verb:set package 'rover_gazebosim' build argument 'cmake_clean_cache' from command line to 'False'
[0.192s] Level 5:colcon.colcon_core.verb:set package 'rover_gazebosim' build argument 'cmake_clean_first' from command line to 'False'
[0.192s] Level 5:colcon.colcon_core.verb:set package 'rover_gazebosim' build argument 'cmake_force_configure' from command line to 'False'
[0.192s] Level 5:colcon.colcon_core.verb:set package 'rover_gazebosim' build argument 'ament_cmake_args' from command line to 'None'
[0.192s] Level 5:colcon.colcon_core.verb:set package 'rover_gazebosim' build argument 'catkin_cmake_args' from command line to 'None'
[0.192s] Level 5:colcon.colcon_core.verb:set package 'rover_gazebosim' build argument 'catkin_skip_building_tests' from command line to 'False'
[0.192s] DEBUG:colcon.colcon_core.verb:Building package 'rover_gazebosim' with the following arguments: {'ament_cmake_args': None, 'build_base': '/home/sohan/slam_mrt/build/rover_gazebosim', 'catkin_cmake_args': None, 'catkin_skip_building_tests': False, 'cmake_args': None, 'cmake_clean_cache': False, 'cmake_clean_first': False, 'cmake_force_configure': False, 'cmake_target': None, 'cmake_target_skip_unavailable': False, 'install_base': '/home/sohan/slam_mrt/install/rover_gazebosim', 'merge_install': False, 'path': '/home/sohan/slam_mrt/rover_gazebosim', 'symlink_install': True, 'test_result_base': None}
[0.192s] Level 5:colcon.colcon_core.verb:set package 'husarion_ugv_description' build argument 'cmake_args' from command line to 'None'
[0.192s] Level 5:colcon.colcon_core.verb:set package 'husarion_ugv_description' build argument 'cmake_target' from command line to 'None'
[0.192s] Level 5:colcon.colcon_core.verb:set package 'husarion_ugv_description' build argument 'cmake_target_skip_unavailable' from command line to 'False'
[0.192s] Level 5:colcon.colcon_core.verb:set package 'husarion_ugv_description' build argument 'cmake_clean_cache' from command line to 'False'
[0.192s] Level 5:colcon.colcon_core.verb:set package 'husarion_ugv_description' build argument 'cmake_clean_first' from command line to 'False'
[0.192s] Level 5:colcon.colcon_core.verb:set package 'husarion_ugv_description' build argument 'cmake_force_configure' from command line to 'False'
[0.192s] Level 5:colcon.colcon_core.verb:set package 'husarion_ugv_description' build argument 'ament_cmake_args' from command line to 'None'
[0.192s] Level 5:colcon.colcon_core.verb:set package 'husarion_ugv_description' build argument 'catkin_cmake_args' from command line to 'None'
[0.192s] Level 5:colcon.colcon_core.verb:set package 'husarion_ugv_description' build argument 'catkin_skip_building_tests' from command line to 'False'
[0.192s] DEBUG:colcon.colcon_core.verb:Building package 'husarion_ugv_description' with the following arguments: {'ament_cmake_args': None, 'build_base': '/home/sohan/slam_mrt/build/husarion_ugv_description', 'catkin_cmake_args': None, 'catkin_skip_building_tests': False, 'cmake_args': None, 'cmake_clean_cache': False, 'cmake_clean_first': False, 'cmake_force_configure': False, 'cmake_target': None, 'cmake_target_skip_unavailable': False, 'install_base': '/home/sohan/slam_mrt/install/husarion_ugv_description', 'merge_install': False, 'path': '/home/sohan/slam_mrt/husarion_ugv_description', 'symlink_install': True, 'test_result_base': None}
[0.192s] Level 5:colcon.colcon_core.verb:set package 'husarion_ugv_controller' build argument 'cmake_args' from command line to 'None'
[0.192s] Level 5:colcon.colcon_core.verb:set package 'husarion_ugv_controller' build argument 'cmake_target' from command line to 'None'
[0.192s] Level 5:colcon.colcon_core.verb:set package 'husarion_ugv_controller' build argument 'cmake_target_skip_unavailable' from command line to 'False'
[0.192s] Level 5:colcon.colcon_core.verb:set package 'husarion_ugv_controller' build argument 'cmake_clean_cache' from command line to 'False'
[0.192s] Level 5:colcon.colcon_core.verb:set package 'husarion_ugv_controller' build argument 'cmake_clean_first' from command line to 'False'
[0.192s] Level 5:colcon.colcon_core.verb:set package 'husarion_ugv_controller' build argument 'cmake_force_configure' from command line to 'False'
[0.192s] Level 5:colcon.colcon_core.verb:set package 'husarion_ugv_controller' build argument 'ament_cmake_args' from command line to 'None'
[0.192s] Level 5:colcon.colcon_core.verb:set package 'husarion_ugv_controller' build argument 'catkin_cmake_args' from command line to 'None'
[0.192s] Level 5:colcon.colcon_core.verb:set package 'husarion_ugv_controller' build argument 'catkin_skip_building_tests' from command line to 'False'
[0.192s] DEBUG:colcon.colcon_core.verb:Building package 'husarion_ugv_controller' with the following arguments: {'ament_cmake_args': None, 'build_base': '/home/sohan/slam_mrt/build/husarion_ugv_controller', 'catkin_cmake_args': None, 'catkin_skip_building_tests': False, 'cmake_args': None, 'cmake_clean_cache': False, 'cmake_clean_first': False, 'cmake_force_configure': False, 'cmake_target': None, 'cmake_target_skip_unavailable': False, 'install_base': '/home/sohan/slam_mrt/install/husarion_ugv_controller', 'merge_install': False, 'path': '/home/sohan/slam_mrt/husarion_ugv_controller', 'symlink_install': True, 'test_result_base': None}
[0.192s] INFO:colcon.colcon_core.executor:Executing jobs using 'parallel' executor
[0.193s] DEBUG:colcon.colcon_parallel_executor.executor.parallel:run_until_complete
[0.193s] INFO:colcon.colcon_ros.task.ament_cmake.build:Building ROS package in '/home/sohan/slam_mrt/husarion_components_description' with build type 'ament_cmake'
[0.193s] INFO:colcon.colcon_cmake.task.cmake.build:Building CMake package in '/home/sohan/slam_mrt/husarion_components_description'
[0.195s] INFO:colcon.colcon_core.plugin_system:Skipping extension 'colcon_core.shell.bat': Not used on non-Windows systems
[0.195s] INFO:colcon.colcon_core.shell:Skip shell extension 'powershell' for command environment: Not usable outside of PowerShell
[0.195s] DEBUG:colcon.colcon_core.shell:Skip shell extension 'dsv' for command environment
[0.197s] INFO:colcon.colcon_ros.task.ament_python.build:Building ROS package in '/home/sohan/slam_mrt/ekf_assgn' with build type 'ament_python'
[0.197s] Level 1:colcon.colcon_core.shell:create_environment_hook('ekf_assgn', 'ament_prefix_path')
[0.197s] INFO:colcon.colcon_core.shell:Creating environment hook '/home/sohan/slam_mrt/install/ekf_assgn/share/ekf_assgn/hook/ament_prefix_path.ps1'
[0.197s] INFO:colcon.colcon_core.shell:Creating environment descriptor '/home/sohan/slam_mrt/install/ekf_assgn/share/ekf_assgn/hook/ament_prefix_path.dsv'
[0.198s] INFO:colcon.colcon_core.shell:Creating environment hook '/home/sohan/slam_mrt/install/ekf_assgn/share/ekf_assgn/hook/ament_prefix_path.sh'
[0.198s] INFO:colcon.colcon_core.shell:Skip shell extension 'powershell' for command environment: Not usable outside of PowerShell
[0.198s] DEBUG:colcon.colcon_core.shell:Skip shell extension 'dsv' for command environment
[0.200s] INFO:colcon.colcon_ros.task.ament_python.build:Building ROS package in '/home/sohan/slam_mrt/ekf_dummy_pkg' with build type 'ament_python'
[0.200s] Level 1:colcon.colcon_core.shell:create_environment_hook('ekf_dummy_pkg', 'ament_prefix_path')
[0.200s] INFO:colcon.colcon_core.shell:Creating environment hook '/home/sohan/slam_mrt/install/ekf_dummy_pkg/share/ekf_dummy_pkg/hook/ament_prefix_path.ps1'
[0.200s] INFO:colcon.colcon_core.shell:Creating environment descriptor '/home/sohan/slam_mrt/install/ekf_dummy_pkg/share/ekf_dummy_pkg/hook/ament_prefix_path.dsv'
[0.201s] INFO:colcon.colcon_core.shell:Creating environment hook '/home/sohan/slam_mrt/install/ekf_dummy_pkg/share/ekf_dummy_pkg/hook/ament_prefix_path.sh'
[0.201s] INFO:colcon.colcon_core.shell:Skip shell extension 'powershell' for command environment: Not usable outside of PowerShell
[0.201s] DEBUG:colcon.colcon_core.shell:Skip shell extension 'dsv' for command environment
[0.204s] INFO:colcon.colcon_ros.task.ament_python.build:Building ROS package in '/home/sohan/slam_mrt/rover_ekf' with build type 'ament_python'
[0.204s] Level 1:colcon.colcon_core.shell:create_environment_hook('rover_ekf', 'ament_prefix_path')
[0.204s] INFO:colcon.colcon_core.shell:Creating environment hook '/home/sohan/slam_mrt/install/rover_ekf/share/rover_ekf/hook/ament_prefix_path.ps1'
[0.205s] INFO:colcon.colcon_core.shell:Creating environment descriptor '/home/sohan/slam_mrt/install/rover_ekf/share/rover_ekf/hook/ament_prefix_path.dsv'
[0.205s] INFO:colcon.colcon_core.shell:Creating environment hook '/home/sohan/slam_mrt/install/rover_ekf/share/rover_ekf/hook/ament_prefix_path.sh'
[0.205s] INFO:colcon.colcon_core.shell:Skip shell extension 'powershell' for command environment: Not usable outside of PowerShell
[0.205s] DEBUG:colcon.colcon_core.shell:Skip shell extension 'dsv' for command environment
[0.208s] INFO:colcon.colcon_ros.task.ament_python.build:Building ROS package in '/home/sohan/slam_mrt/rover_gazebosim' with build type 'ament_python'
[0.208s] Level 1:colcon.colcon_core.shell:create_environment_hook('rover_gazebosim', 'ament_prefix_path')
[0.208s] INFO:colcon.colcon_core.shell:Creating environment hook '/home/sohan/slam_mrt/install/rover_gazebosim/share/rover_gazebosim/hook/ament_prefix_path.ps1'
[0.208s] INFO:colcon.colcon_core.shell:Creating environment descriptor '/home/sohan/slam_mrt/install/rover_gazebosim/share/rover_gazebosim/hook/ament_prefix_path.dsv'
[0.208s] INFO:colcon.colcon_core.shell:Creating environment hook '/home/sohan/slam_mrt/install/rover_gazebosim/share/rover_gazebosim/hook/ament_prefix_path.sh'
[0.208s] INFO:colcon.colcon_core.shell:Skip shell extension 'powershell' for command environment: Not usable outside of PowerShell
[0.208s] DEBUG:colcon.colcon_core.shell:Skip shell extension 'dsv' for command environment
[0.213s] DEBUG:colcon.colcon_core.event_handler.log_command:Invoking command in '/home/sohan/slam_mrt/build/husarion_components_description': CMAKE_PREFIX_PATH=${CMAKE_PREFIX_PATH}:/home/sohan/slam_mrt/install/rover_gazebosim:/home/sohan/slam_mrt/install/rover_ekf:/home/sohan/slam_mrt/install/ekf_dummy_pkg:/home/sohan/slam_mrt/install/ekf_assgn:/opt/ros/jazzy DEBUGINFOD_URLS=https://debuginfod.ubuntu.com /usr/bin/cmake --build /home/sohan/slam_mrt/build/husarion_components_description -- -j32 -l32
[0.330s] INFO:colcon.colcon_core.task.python.build:Building Python package in '/home/sohan/slam_mrt/ekf_assgn'
[0.331s] INFO:colcon.colcon_core.shell:Skip shell extension 'powershell' for command environment: Not usable outside of PowerShell
[0.331s] DEBUG:colcon.colcon_core.shell:Skip shell extension 'dsv' for command environment
[0.438s] INFO:colcon.colcon_core.task.python.build:Building Python package in '/home/sohan/slam_mrt/ekf_dummy_pkg'
[0.438s] INFO:colcon.colcon_core.shell:Skip shell extension 'powershell' for command environment: Not usable outside of PowerShell
[0.438s] DEBUG:colcon.colcon_core.shell:Skip shell extension 'dsv' for command environment
[0.545s] INFO:colcon.colcon_core.task.python.build:Building Python package in '/home/sohan/slam_mrt/rover_ekf'
[0.546s] INFO:colcon.colcon_core.shell:Skip shell extension 'powershell' for command environment: Not usable outside of PowerShell
[0.546s] DEBUG:colcon.colcon_core.shell:Skip shell extension 'dsv' for command environment
[0.663s] INFO:colcon.colcon_core.task.python.build:Building Python package in '/home/sohan/slam_mrt/rover_gazebosim'
[0.664s] INFO:colcon.colcon_core.shell:Skip shell extension 'powershell' for command environment: Not usable outside of PowerShell
[0.664s] DEBUG:colcon.colcon_core.shell:Skip shell extension 'dsv' for command environment
[0.667s] DEBUG:colcon.colcon_core.event_handler.log_command:Invoked command in '/home/sohan/slam_mrt/build/husarion_components_description' returned '0': CMAKE_PREFIX_PATH=${CMAKE_PREFIX_PATH}:/home/sohan/slam_mrt/install/rover_gazebosim:/home/sohan/slam_mrt/install/rover_ekf:/home/sohan/slam_mrt/install/ekf_dummy_pkg:/home/sohan/slam_mrt/install/ekf_assgn:/opt/ros/jazzy DEBUGINFOD_URLS=https://debuginfod.ubuntu.com /usr/bin/cmake --build /home/sohan/slam_mrt/build/husarion_components_description -- -j32 -l32
[0.673s] DEBUG:colcon.colcon_core.event_handler.log_command:Invoking command in '/home/sohan/slam_mrt/build/husarion_components_description': CMAKE_PREFIX_PATH=${CMAKE_PREFIX_PATH}:/home/sohan/slam_mrt/install/rover_gazebosim:/home/sohan/slam_mrt/install/rover_ekf:/home/sohan/slam_mrt/install/ekf_dummy_pkg:/home/sohan/slam_mrt/install/ekf_assgn:/opt/ros/jazzy DEBUGINFOD_URLS=https://debuginfod.ubuntu.com /usr/bin/cmake --install /home/sohan/slam_mrt/build/husarion_components_description
[0.691s] Level 1:colcon.colcon_core.environment:create_environment_scripts_only(husarion_components_description)
[0.692s] DEBUG:colcon.colcon_core.event_handler.log_command:Invoked command in '/home/sohan/slam_mrt/build/husarion_components_description' returned '0': CMAKE_PREFIX_PATH=${CMAKE_PREFIX_PATH}:/home/sohan/slam_mrt/install/rover_gazebosim:/home/sohan/slam_mrt/install/rover_ekf:/home/sohan/slam_mrt/install/ekf_dummy_pkg:/home/sohan/slam_mrt/install/ekf_assgn:/opt/ros/jazzy DEBUGINFOD_URLS=https://debuginfod.ubuntu.com /usr/bin/cmake --install /home/sohan/slam_mrt/build/husarion_components_description
[0.693s] Level 1:colcon.colcon_core.environment:checking '/home/sohan/slam_mrt/install/husarion_components_description' for CMake module files
[0.693s] Level 1:colcon.colcon_core.environment:checking '/home/sohan/slam_mrt/install/husarion_components_description' for CMake config files
[0.694s] Level 1:colcon.colcon_core.shell:create_environment_hook('husarion_components_description', 'cmake_prefix_path')
[0.694s] INFO:colcon.colcon_core.shell:Creating environment hook '/home/sohan/slam_mrt/install/husarion_components_description/share/husarion_components_description/hook/cmake_prefix_path.ps1'
[0.694s] INFO:colcon.colcon_core.shell:Creating environment descriptor '/home/sohan/slam_mrt/install/husarion_components_description/share/husarion_components_description/hook/cmake_prefix_path.dsv'
[0.694s] INFO:colcon.colcon_core.shell:Creating environment hook '/home/sohan/slam_mrt/install/husarion_components_description/share/husarion_components_description/hook/cmake_prefix_path.sh'
[0.695s] Level 1:colcon.colcon_core.environment:checking '/home/sohan/slam_mrt/install/husarion_components_description/bin'
[0.695s] Level 1:colcon.colcon_core.environment:checking '/home/sohan/slam_mrt/install/husarion_components_description/lib/pkgconfig/husarion_components_description.pc'
[0.695s] Level 1:colcon.colcon_core.environment:checking '/home/sohan/slam_mrt/install/husarion_components_description/lib/python3.12/site-packages'
[0.695s] Level 1:colcon.colcon_core.environment:checking '/home/sohan/slam_mrt/install/husarion_components_description/bin'
[0.695s] INFO:colcon.colcon_core.shell:Creating package script '/home/sohan/slam_mrt/install/husarion_components_description/share/husarion_components_description/package.ps1'
[0.696s] INFO:colcon.colcon_core.shell:Creating package descriptor '/home/sohan/slam_mrt/install/husarion_components_description/share/husarion_components_description/package.dsv'
[0.696s] INFO:colcon.colcon_core.shell:Creating package script '/home/sohan/slam_mrt/install/husarion_components_description/share/husarion_components_description/package.sh'
[0.696s] INFO:colcon.colcon_core.shell:Creating package script '/home/sohan/slam_mrt/install/husarion_components_description/share/husarion_components_description/package.bash'
[0.697s] INFO:colcon.colcon_core.shell:Creating package script '/home/sohan/slam_mrt/install/husarion_components_description/share/husarion_components_description/package.zsh'
[0.697s] Level 1:colcon.colcon_core.environment:create_file_with_runtime_dependencies(/home/sohan/slam_mrt/install/husarion_components_description/share/colcon-core/packages/husarion_components_description)
[0.697s] Level 1:colcon.colcon_core.environment:create_environment_scripts_only(husarion_components_description)
[0.697s] Level 1:colcon.colcon_core.environment:checking '/home/sohan/slam_mrt/install/husarion_components_description' for CMake module files
[0.698s] Level 1:colcon.colcon_core.environment:checking '/home/sohan/slam_mrt/install/husarion_components_description' for CMake config files
[0.698s] Level 1:colcon.colcon_core.shell:create_environment_hook('husarion_components_description', 'cmake_prefix_path')
[0.698s] INFO:colcon.colcon_core.shell:Creating environment hook '/home/sohan/slam_mrt/install/husarion_components_description/share/husarion_components_description/hook/cmake_prefix_path.ps1'
[0.698s] INFO:colcon.colcon_core.shell:Creating environment descriptor '/home/sohan/slam_mrt/install/husarion_components_description/share/husarion_components_description/hook/cmake_prefix_path.dsv'
[0.698s] INFO:colcon.colcon_core.shell:Creating environment hook '/home/sohan/slam_mrt/install/husarion_components_description/share/husarion_components_description/hook/cmake_prefix_path.sh'
[0.698s] Level 1:colcon.colcon_core.environment:checking '/home/sohan/slam_mrt/install/husarion_components_description/bin'
[0.699s] Level 1:colcon.colcon_core.environment:checking '/home/sohan/slam_mrt/install/husarion_components_description/lib/pkgconfig/husarion_components_description.pc'
[0.699s] Level 1:colcon.colcon_core.environment:checking '/home/sohan/slam_mrt/install/husarion_components_description/lib/python3.12/site-packages'
[0.699s] Level 1:colcon.colcon_core.environment:checking '/home/sohan/slam_mrt/install/husarion_components_description/bin'
[0.699s] INFO:colcon.colcon_core.shell:Creating package script '/home/sohan/slam_mrt/install/husarion_components_description/share/husarion_components_description/package.ps1'
[0.699s] INFO:colcon.colcon_core.shell:Creating package descriptor '/home/sohan/slam_mrt/install/husarion_components_description/share/husarion_components_description/package.dsv'
[0.700s] INFO:colcon.colcon_core.shell:Creating package script '/home/sohan/slam_mrt/install/husarion_components_description/share/husarion_components_description/package.sh'
[0.700s] INFO:colcon.colcon_core.shell:Creating package script '/home/sohan/slam_mrt/install/husarion_components_description/share/husarion_components_description/package.bash'
[0.700s] INFO:colcon.colcon_core.shell:Creating package script '/home/sohan/slam_mrt/install/husarion_components_description/share/husarion_components_description/package.zsh'
[0.700s] Level 1:colcon.colcon_core.environment:create_file_with_runtime_dependencies(/home/sohan/slam_mrt/install/husarion_components_description/share/colcon-core/packages/husarion_components_description)
[0.700s] INFO:colcon.colcon_ros.task.ament_cmake.build:Building ROS package in '/home/sohan/slam_mrt/husarion_ugv_description' with build type 'ament_cmake'
[0.700s] INFO:colcon.colcon_cmake.task.cmake.build:Building CMake package in '/home/sohan/slam_mrt/husarion_ugv_description'
[0.701s] INFO:colcon.colcon_core.shell:Skip shell extension 'powershell' for command environment: Not usable outside of PowerShell
[0.701s] DEBUG:colcon.colcon_core.shell:Skip shell extension 'dsv' for command environment
[0.709s] DEBUG:colcon.colcon_core.event_handler.log_command:Invoking command in '/home/sohan/slam_mrt/build/husarion_ugv_description': CMAKE_PREFIX_PATH=/home/sohan/slam_mrt/install/husarion_components_description:/home/sohan/slam_mrt/install/husarion_ugv_controller:/home/sohan/slam_mrt/install/husarion_ugv_description:/opt/ros/jazzy/opt/gz_sim_vendor:/opt/ros/jazzy/opt/gz_sensors_vendor:/opt/ros/jazzy/opt/gz_physics_vendor:/opt/ros/jazzy/opt/sdformat_vendor:/opt/ros/jazzy/opt/gz_gui_vendor:/opt/ros/jazzy/opt/gz_transport_vendor:/opt/ros/jazzy/opt/gz_rendering_vendor:/opt/ros/jazzy/opt/gz_plugin_vendor:/opt/ros/jazzy/opt/gz_fuel_tools_vendor:/opt/ros/jazzy/opt/gz_msgs_vendor:/opt/ros/jazzy/opt/gz_common_vendor:/opt/ros/jazzy/opt/gz_math_vendor:/opt/ros/jazzy/opt/gz_utils_vendor:/opt/ros/jazzy/opt/gz_tools_vendor:/opt/ros/jazzy/opt/gz_ogre_next_vendor:/opt/ros/jazzy/opt/gz_dartsim_vendor:/opt/ros/jazzy/opt/gz_cmake_vendor:/home/sohan/slam_mrt/install/rover_gazebosim:/home/sohan/slam_mrt/install/rover_ekf:/home/sohan/slam_mrt/install/ekf_dummy_pkg:/home/sohan/slam_mrt/install/ekf_assgn:/opt/ros/jazzy DEBUGINFOD_URLS=https://debuginfod.ubuntu.com /usr/bin/cmake --build /home/sohan/slam_mrt/build/husarion_ugv_description -- -j32 -l32
[0.747s] DEBUG:colcon.colcon_core.event_handler.log_command:Invoked command in '/home/sohan/slam_mrt/build/husarion_ugv_description' returned '0': CMAKE_PREFIX_PATH=/home/sohan/slam_mrt/install/husarion_components_description:/home/sohan/slam_mrt/install/husarion_ugv_controller:/home/sohan/slam_mrt/install/husarion_ugv_description:/opt/ros/jazzy/opt/gz_sim_vendor:/opt/ros/jazzy/opt/gz_sensors_vendor:/opt/ros/jazzy/opt/gz_physics_vendor:/opt/ros/jazzy/opt/sdformat_vendor:/opt/ros/jazzy/opt/gz_gui_vendor:/opt/ros/jazzy/opt/gz_transport_vendor:/opt/ros/jazzy/opt/gz_rendering_vendor:/opt/ros/jazzy/opt/gz_plugin_vendor:/opt/ros/jazzy/opt/gz_fuel_tools_vendor:/opt/ros/jazzy/opt/gz_msgs_vendor:/opt/ros/jazzy/opt/gz_common_vendor:/opt/ros/jazzy/opt/gz_math_vendor:/opt/ros/jazzy/opt/gz_utils_vendor:/opt/ros/jazzy/opt/gz_tools_vendor:/opt/ros/jazzy/opt/gz_ogre_next_vendor:/opt/ros/jazzy/opt/gz_dartsim_vendor:/opt/ros/jazzy/opt/gz_cmake_vendor:/home/sohan/slam_mrt/install/rover_gazebosim:/home/sohan/slam_mrt/install/rover_ekf:/home/sohan/slam_mrt/install/ekf_dummy_pkg:/home/sohan/slam_mrt/install/ekf_assgn:/opt/ros/jazzy DEBUGINFOD_URLS=https://debuginfod.ubuntu.com /usr/bin/cmake --build /home/sohan/slam_mrt/build/husarion_ugv_description -- -j32 -l32
[0.748s] DEBUG:colcon.colcon_core.event_handler.log_command:Invoking command in '/home/sohan/slam_mrt/build/husarion_ugv_description': CMAKE_PREFIX_PATH=/home/sohan/slam_mrt/install/husarion_components_description:/home/sohan/slam_mrt/install/husarion_ugv_controller:/home/sohan/slam_mrt/install/husarion_ugv_description:/opt/ros/jazzy/opt/gz_sim_vendor:/opt/ros/jazzy/opt/gz_sensors_vendor:/opt/ros/jazzy/opt/gz_physics_vendor:/opt/ros/jazzy/opt/sdformat_vendor:/opt/ros/jazzy/opt/gz_gui_vendor:/opt/ros/jazzy/opt/gz_transport_vendor:/opt/ros/jazzy/opt/gz_rendering_vendor:/opt/ros/jazzy/opt/gz_plugin_vendor:/opt/ros/jazzy/opt/gz_fuel_tools_vendor:/opt/ros/jazzy/opt/gz_msgs_vendor:/opt/ros/jazzy/opt/gz_common_vendor:/opt/ros/jazzy/opt/gz_math_vendor:/opt/ros/jazzy/opt/gz_utils_vendor:/opt/ros/jazzy/opt/gz_tools_vendor:/opt/ros/jazzy/opt/gz_ogre_next_vendor:/opt/ros/jazzy/opt/gz_dartsim_vendor:/opt/ros/jazzy/opt/gz_cmake_vendor:/home/sohan/slam_mrt/install/rover_gazebosim:/home/sohan/slam_mrt/install/rover_ekf:/home/sohan/slam_mrt/install/ekf_dummy_pkg:/home/sohan/slam_mrt/install/ekf_assgn:/opt/ros/jazzy DEBUGINFOD_URLS=https://debuginfod.ubuntu.com /usr/bin/cmake --install /home/sohan/slam_mrt/build/husarion_ugv_description
[0.762s] Level 1:colcon.colcon_core.environment:create_environment_scripts_only(husarion_ugv_description)
[0.762s] Level 1:colcon.colcon_core.environment:checking '/home/sohan/slam_mrt/install/husarion_ugv_description' for CMake module files
[0.762s] DEBUG:colcon.colcon_core.event_handler.log_command:Invoked command in '/home/sohan/slam_mrt/build/husarion_ugv_description' returned '0': CMAKE_PREFIX_PATH=/home/sohan/slam_mrt/install/husarion_components_description:/home/sohan/slam_mrt/install/husarion_ugv_controller:/home/sohan/slam_mrt/install/husarion_ugv_description:/opt/ros/jazzy/opt/gz_sim_vendor:/opt/ros/jazzy/opt/gz_sensors_vendor:/opt/ros/jazzy/opt/gz_physics_vendor:/opt/ros/jazzy/opt/sdformat_vendor:/opt/ros/jazzy/opt/gz_gui_vendor:/opt/ros/jazzy/opt/gz_transport_vendor:/opt/ros/jazzy/opt/gz_rendering_vendor:/opt/ros/jazzy/opt/gz_plugin_vendor:/opt/ros/jazzy/opt/gz_fuel_tools_vendor:/opt/ros/jazzy/opt/gz_msgs_vendor:/opt/ros/jazzy/opt/gz_common_vendor:/opt/ros/jazzy/opt/gz_math_vendor:/opt/ros/jazzy/opt/gz_utils_vendor:/opt/ros/jazzy/opt/gz_tools_vendor:/opt/ros/jazzy/opt/gz_ogre_next_vendor:/opt/ros/jazzy/opt/gz_dartsim_vendor:/opt/ros/jazzy/opt/gz_cmake_vendor:/home/sohan/slam_mrt/install/rover_gazebosim:/home/sohan/slam_mrt/install/rover_ekf:/home/sohan/slam_mrt/install/ekf_dummy_pkg:/home/sohan/slam_mrt/install/ekf_assgn:/opt/ros/jazzy DEBUGINFOD_URLS=https://debuginfod.ubuntu.com /usr/bin/cmake --install /home/sohan/slam_mrt/build/husarion_ugv_description
[0.762s] Level 1:colcon.colcon_core.environment:checking '/home/sohan/slam_mrt/install/husarion_ugv_description' for CMake config files
[0.762s] Level 1:colcon.colcon_core.shell:create_environment_hook('husarion_ugv_description', 'cmake_prefix_path')
[0.763s] INFO:colcon.colcon_core.shell:Creating environment hook '/home/sohan/slam_mrt/install/husarion_ugv_description/share/husarion_ugv_description/hook/cmake_prefix_path.ps1'
[0.763s] INFO:colcon.colcon_core.shell:Creating environment descriptor '/home/sohan/slam_mrt/install/husarion_ugv_description/share/husarion_ugv_description/hook/cmake_prefix_path.dsv'
[0.763s] INFO:colcon.colcon_core.shell:Creating environment hook '/home/sohan/slam_mrt/install/husarion_ugv_description/share/husarion_ugv_description/hook/cmake_prefix_path.sh'
[0.763s] Level 1:colcon.colcon_core.environment:checking '/home/sohan/slam_mrt/install/husarion_ugv_description/bin'
[0.763s] Level 1:colcon.colcon_core.environment:checking '/home/sohan/slam_mrt/install/husarion_ugv_description/lib/pkgconfig/husarion_ugv_description.pc'
[0.763s] Level 1:colcon.colcon_core.environment:checking '/home/sohan/slam_mrt/install/husarion_ugv_description/lib/python3.12/site-packages'
[0.764s] Level 1:colcon.colcon_core.environment:checking '/home/sohan/slam_mrt/install/husarion_ugv_description/bin'
[0.764s] INFO:colcon.colcon_core.shell:Creating package script '/home/sohan/slam_mrt/install/husarion_ugv_description/share/husarion_ugv_description/package.ps1'
[0.764s] INFO:colcon.colcon_core.shell:Creating package descriptor '/home/sohan/slam_mrt/install/husarion_ugv_description/share/husarion_ugv_description/package.dsv'
[0.764s] INFO:colcon.colcon_core.shell:Creating package script '/home/sohan/slam_mrt/install/husarion_ugv_description/share/husarion_ugv_description/package.sh'
[0.764s] INFO:colcon.colcon_core.shell:Creating package script '/home/sohan/slam_mrt/install/husarion_ugv_description/share/husarion_ugv_description/package.bash'
[0.764s] INFO:colcon.colcon_core.shell:Creating package script '/home/sohan/slam_mrt/install/husarion_ugv_description/share/husarion_ugv_description/package.zsh'
[0.765s] Level 1:colcon.colcon_core.environment:create_file_with_runtime_dependencies(/home/sohan/slam_mrt/install/husarion_ugv_description/share/colcon-core/packages/husarion_ugv_description)
[0.765s] Level 1:colcon.colcon_core.environment:create_environment_scripts_only(husarion_ugv_description)
[0.765s] Level 1:colcon.colcon_core.environment:checking '/home/sohan/slam_mrt/install/husarion_ugv_description' for CMake module files
[0.765s] Level 1:colcon.colcon_core.environment:checking '/home/sohan/slam_mrt/install/husarion_ugv_description' for CMake config files
[0.765s] Level 1:colcon.colcon_core.shell:create_environment_hook('husarion_ugv_description', 'cmake_prefix_path')
[0.765s] INFO:colcon.colcon_core.shell:Creating environment hook '/home/sohan/slam_mrt/install/husarion_ugv_description/share/husarion_ugv_description/hook/cmake_prefix_path.ps1'
[0.765s] INFO:colcon.colcon_core.shell:Creating environment descriptor '/home/sohan/slam_mrt/install/husarion_ugv_description/share/husarion_ugv_description/hook/cmake_prefix_path.dsv'
[0.766s] INFO:colcon.colcon_core.shell:Creating environment hook '/home/sohan/slam_mrt/install/husarion_ugv_description/share/husarion_ugv_description/hook/cmake_prefix_path.sh'
[0.766s] Level 1:colcon.colcon_core.environment:checking '/home/sohan/slam_mrt/install/husarion_ugv_description/bin'
[0.766s] Level 1:colcon.colcon_core.environment:checking '/home/sohan/slam_mrt/install/husarion_ugv_description/lib/pkgconfig/husarion_ugv_description.pc'
[0.766s] Level 1:colcon.colcon_core.environment:checking '/home/sohan/slam_mrt/install/husarion_ugv_description/lib/python3.12/site-packages'
[0.766s] Level 1:colcon.colcon_core.environment:checking '/home/sohan/slam_mrt/install/husarion_ugv_description/bin'
[0.766s] INFO:colcon.colcon_core.shell:Creating package script '/home/sohan/slam_mrt/install/husarion_ugv_description/share/husarion_ugv_description/package.ps1'
[0.766s] INFO:colcon.colcon_core.shell:Creating package descriptor '/home/sohan/slam_mrt/install/husarion_ugv_description/share/husarion_ugv_description/package.dsv'
[0.767s] INFO:colcon.colcon_core.shell:Creating package script '/home/sohan/slam_mrt/install/husarion_ugv_description/share/husarion_ugv_description/package.sh'
[0.767s] INFO:colcon.colcon_core.shell:Creating package script '/home/sohan/slam_mrt/install/husarion_ugv_description/share/husarion_ugv_description/package.bash'
[0.767s] INFO:colcon.colcon_core.shell:Creating package script '/home/sohan/slam_mrt/install/husarion_ugv_description/share/husarion_ugv_description/package.zsh'
[0.767s] Level 1:colcon.colcon_core.environment:create_file_with_runtime_dependencies(/home/sohan/slam_mrt/install/husarion_ugv_description/share/colcon-core/packages/husarion_ugv_description)
[0.767s] INFO:colcon.colcon_ros.task.ament_cmake.build:Building ROS package in '/home/sohan/slam_mrt/husarion_ugv_controller' with build type 'ament_cmake'
[0.767s] INFO:colcon.colcon_cmake.task.cmake.build:Building CMake package in '/home/sohan/slam_mrt/husarion_ugv_controller'
[0.767s] INFO:colcon.colcon_core.shell:Skip shell extension 'powershell' for command environment: Not usable outside of PowerShell
[0.767s] DEBUG:colcon.colcon_core.shell:Skip shell extension 'dsv' for command environment
[0.772s] DEBUG:colcon.colcon_core.event_handler.log_command:Invoking command in '/home/sohan/slam_mrt/build/husarion_ugv_controller': CMAKE_PREFIX_PATH=/home/sohan/slam_mrt/install/husarion_ugv_description:/home/sohan/slam_mrt/install/husarion_components_description:/home/sohan/slam_mrt/install/husarion_ugv_controller:/opt/ros/jazzy/opt/gz_sim_vendor:/opt/ros/jazzy/opt/gz_sensors_vendor:/opt/ros/jazzy/opt/gz_physics_vendor:/opt/ros/jazzy/opt/sdformat_vendor:/opt/ros/jazzy/opt/gz_gui_vendor:/opt/ros/jazzy/opt/gz_transport_vendor:/opt/ros/jazzy/opt/gz_rendering_vendor:/opt/ros/jazzy/opt/gz_plugin_vendor:/opt/ros/jazzy/opt/gz_fuel_tools_vendor:/opt/ros/jazzy/opt/gz_msgs_vendor:/opt/ros/jazzy/opt/gz_common_vendor:/opt/ros/jazzy/opt/gz_math_vendor:/opt/ros/jazzy/opt/gz_utils_vendor:/opt/ros/jazzy/opt/gz_tools_vendor:/opt/ros/jazzy/opt/gz_ogre_next_vendor:/opt/ros/jazzy/opt/gz_dartsim_vendor:/opt/ros/jazzy/opt/gz_cmake_vendor:/home/sohan/slam_mrt/install/rover_gazebosim:/home/sohan/slam_mrt/install/rover_ekf:/home/sohan/slam_mrt/install/ekf_dummy_pkg:/home/sohan/slam_mrt/install/ekf_assgn:/opt/ros/jazzy DEBUGINFOD_URLS=https://debuginfod.ubuntu.com /usr/bin/cmake --build /home/sohan/slam_mrt/build/husarion_ugv_controller -- -j32 -l32
[0.798s] DEBUG:colcon.colcon_core.event_handler.log_command:Invoked command in '/home/sohan/slam_mrt/build/husarion_ugv_controller' returned '0': CMAKE_PREFIX_PATH=/home/sohan/slam_mrt/install/husarion_ugv_description:/home/sohan/slam_mrt/install/husarion_components_description:/home/sohan/slam_mrt/install/husarion_ugv_controller:/opt/ros/jazzy/opt/gz_sim_vendor:/opt/ros/jazzy/opt/gz_sensors_vendor:/opt/ros/jazzy/opt/gz_physics_vendor:/opt/ros/jazzy/opt/sdformat_vendor:/opt/ros/jazzy/opt/gz_gui_vendor:/opt/ros/jazzy/opt/gz_transport_vendor:/opt/ros/jazzy/opt/gz_rendering_vendor:/opt/ros/jazzy/opt/gz_plugin_vendor:/opt/ros/jazzy/opt/gz_fuel_tools_vendor:/opt/ros/jazzy/opt/gz_msgs_vendor:/opt/ros/jazzy/opt/gz_common_vendor:/opt/ros/jazzy/opt/gz_math_vendor:/opt/ros/jazzy/opt/gz_utils_vendor:/opt/ros/jazzy/opt/gz_tools_vendor:/opt/ros/jazzy/opt/gz_ogre_next_vendor:/opt/ros/jazzy/opt/gz_dartsim_vendor:/opt/ros/jazzy/opt/gz_cmake_vendor:/home/sohan/slam_mrt/install/rover_gazebosim:/home/sohan/slam_mrt/install/rover_ekf:/home/sohan/slam_mrt/install/ekf_dummy_pkg:/home/sohan/slam_mrt/install/ekf_assgn:/opt/ros/jazzy DEBUGINFOD_URLS=https://debuginfod.ubuntu.com /usr/bin/cmake --build /home/sohan/slam_mrt/build/husarion_ugv_controller -- -j32 -l32
[0.798s] DEBUG:colcon.colcon_core.event_handler.log_command:Invoking command in '/home/sohan/slam_mrt/build/husarion_ugv_controller': CMAKE_PREFIX_PATH=/home/sohan/slam_mrt/install/husarion_ugv_description:/home/sohan/slam_mrt/install/husarion_components_description:/home/sohan/slam_mrt/install/husarion_ugv_controller:/opt/ros/jazzy/opt/gz_sim_vendor:/opt/ros/jazzy/opt/gz_sensors_vendor:/opt/ros/jazzy/opt/gz_physics_vendor:/opt/ros/jazzy/opt/sdformat_vendor:/opt/ros/jazzy/opt/gz_gui_vendor:/opt/ros/jazzy/opt/gz_transport_vendor:/opt/ros/jazzy/opt/gz_rendering_vendor:/opt/ros/jazzy/opt/gz_plugin_vendor:/opt/ros/jazzy/opt/gz_fuel_tools_vendor:/opt/ros/jazzy/opt/gz_msgs_vendor:/opt/ros/jazzy/opt/gz_common_vendor:/opt/ros/jazzy/opt/gz_math_vendor:/opt/ros/jazzy/opt/gz_utils_vendor:/opt/ros/jazzy/opt/gz_tools_vendor:/opt/ros/jazzy/opt/gz_ogre_next_vendor:/opt/ros/jazzy/opt/gz_dartsim_vendor:/opt/ros/jazzy/opt/gz_cmake_vendor:/home/sohan/slam_mrt/install/rover_gazebosim:/home/sohan/slam_mrt/install/rover_ekf:/home/sohan/slam_mrt/install/ekf_dummy_pkg:/home/sohan/slam_mrt/install/ekf_assgn:/opt/ros/jazzy DEBUGINFOD_URLS=https://debuginfod.ubuntu.com /usr/bin/cmake --install /home/sohan/slam_mrt/build/husarion_ugv_controller
[0.819s] Level 1:colcon.colcon_core.environment:create_environment_scripts_only(husarion_ugv_controller)
[0.820s] Level 1:colcon.colcon_core.environment:checking '/home/sohan/slam_mrt/install/husarion_ugv_controller' for CMake module files
[0.820s] DEBUG:colcon.colcon_core.event_handler.log_command:Invoked command in '/home/sohan/slam_mrt/build/husarion_ugv_controller' returned '0': CMAKE_PREFIX_PATH=/home/sohan/slam_mrt/install/husarion_ugv_description:/home/sohan/slam_mrt/install/husarion_components_description:/home/sohan/slam_mrt/install/husarion_ugv_controller:/opt/ros/jazzy/opt/gz_sim_vendor:/opt/ros/jazzy/opt/gz_sensors_vendor:/opt/ros/jazzy/opt/gz_physics_vendor:/opt/ros/jazzy/opt/sdformat_vendor:/opt/ros/jazzy/opt/gz_gui_vendor:/opt/ros/jazzy/opt/gz_transport_vendor:/opt/ros/jazzy/opt/gz_rendering_vendor:/opt/ros/jazzy/opt/gz_plugin_vendor:/opt/ros/jazzy/opt/gz_fuel_tools_vendor:/opt/ros/jazzy/opt/gz_msgs_vendor:/opt/ros/jazzy/opt/gz_common_vendor:/opt/ros/jazzy/opt/gz_math_vendor:/opt/ros/jazzy/opt/gz_utils_vendor:/opt/ros/jazzy/opt/gz_tools_vendor:/opt/ros/jazzy/opt/gz_ogre_next_vendor:/opt/ros/jazzy/opt/gz_dartsim_vendor:/opt/ros/jazzy/opt/gz_cmake_vendor:/home/sohan/slam_mrt/install/rover_gazebosim:/home/sohan/slam_mrt/install/rover_ekf:/home/sohan/slam_mrt/install/ekf_dummy_pkg:/home/sohan/slam_mrt/install/ekf_assgn:/opt/ros/jazzy DEBUGINFOD_URLS=https://debuginfod.ubuntu.com /usr/bin/cmake --install /home/sohan/slam_mrt/build/husarion_ugv_controller
[0.821s] Level 1:colcon.colcon_core.environment:checking '/home/sohan/slam_mrt/install/husarion_ugv_controller' for CMake config files
[0.821s] Level 1:colcon.colcon_core.shell:create_environment_hook('husarion_ugv_controller', 'cmake_prefix_path')
[0.821s] INFO:colcon.colcon_core.shell:Creating environment hook '/home/sohan/slam_mrt/install/husarion_ugv_controller/share/husarion_ugv_controller/hook/cmake_prefix_path.ps1'
[0.821s] INFO:colcon.colcon_core.shell:Creating environment descriptor '/home/sohan/slam_mrt/install/husarion_ugv_controller/share/husarion_ugv_controller/hook/cmake_prefix_path.dsv'
[0.822s] INFO:colcon.colcon_core.shell:Creating environment hook '/home/sohan/slam_mrt/install/husarion_ugv_controller/share/husarion_ugv_controller/hook/cmake_prefix_path.sh'
[0.822s] Level 1:colcon.colcon_core.environment:checking '/home/sohan/slam_mrt/install/husarion_ugv_controller/bin'
[0.822s] Level 1:colcon.colcon_core.environment:checking '/home/sohan/slam_mrt/install/husarion_ugv_controller/lib/pkgconfig/husarion_ugv_controller.pc'
[0.822s] Level 1:colcon.colcon_core.environment:checking '/home/sohan/slam_mrt/install/husarion_ugv_controller/lib/python3.12/site-packages'
[0.822s] Level 1:colcon.colcon_core.environment:checking '/home/sohan/slam_mrt/install/husarion_ugv_controller/bin'
[0.822s] INFO:colcon.colcon_core.shell:Creating package script '/home/sohan/slam_mrt/install/husarion_ugv_controller/share/husarion_ugv_controller/package.ps1'
[0.823s] INFO:colcon.colcon_core.shell:Creating package descriptor '/home/sohan/slam_mrt/install/husarion_ugv_controller/share/husarion_ugv_controller/package.dsv'
[0.823s] INFO:colcon.colcon_core.shell:Creating package script '/home/sohan/slam_mrt/install/husarion_ugv_controller/share/husarion_ugv_controller/package.sh'
[0.823s] INFO:colcon.colcon_core.shell:Creating package script '/home/sohan/slam_mrt/install/husarion_ugv_controller/share/husarion_ugv_controller/package.bash'
[0.823s] INFO:colcon.colcon_core.shell:Creating package script '/home/sohan/slam_mrt/install/husarion_ugv_controller/share/husarion_ugv_controller/package.zsh'
[0.823s] Level 1:colcon.colcon_core.environment:create_file_with_runtime_dependencies(/home/sohan/slam_mrt/install/husarion_ugv_controller/share/colcon-core/packages/husarion_ugv_controller)
[0.824s] Level 1:colcon.colcon_core.environment:create_environment_scripts_only(husarion_ugv_controller)
[0.824s] Level 1:colcon.colcon_core.environment:checking '/home/sohan/slam_mrt/install/husarion_ugv_controller' for CMake module files
[0.824s] Level 1:colcon.colcon_core.environment:checking '/home/sohan/slam_mrt/install/husarion_ugv_controller' for CMake config files
[0.824s] Level 1:colcon.colcon_core.shell:create_environment_hook('husarion_ugv_controller', 'cmake_prefix_path')
[0.824s] INFO:colcon.colcon_core.shell:Creating environment hook '/home/sohan/slam_mrt/install/husarion_ugv_controller/share/husarion_ugv_controller/hook/cmake_prefix_path.ps1'
[0.824s] INFO:colcon.colcon_core.shell:Creating environment descriptor '/home/sohan/slam_mrt/install/husarion_ugv_controller/share/husarion_ugv_controller/hook/cmake_prefix_path.dsv'
[0.824s] INFO:colcon.colcon_core.shell:Creating environment hook '/home/sohan/slam_mrt/install/husarion_ugv_controller/share/husarion_ugv_controller/hook/cmake_prefix_path.sh'
[0.825s] Level 1:colcon.colcon_core.environment:checking '/home/sohan/slam_mrt/install/husarion_ugv_controller/bin'
[0.825s] Level 1:colcon.colcon_core.environment:checking '/home/sohan/slam_mrt/install/husarion_ugv_controller/lib/pkgconfig/husarion_ugv_controller.pc'
[0.825s] Level 1:colcon.colcon_core.environment:checking '/home/sohan/slam_mrt/install/husarion_ugv_controller/lib/python3.12/site-packages'
[0.825s] Level 1:colcon.colcon_core.environment:checking '/home/sohan/slam_mrt/install/husarion_ugv_controller/bin'
[0.825s] INFO:colcon.colcon_core.shell:Creating package script '/home/sohan/slam_mrt/install/husarion_ugv_controller/share/husarion_ugv_controller/package.ps1'
[0.825s] INFO:colcon.colcon_core.shell:Creating package descriptor '/home/sohan/slam_mrt/install/husarion_ugv_controller/share/husarion_ugv_controller/package.dsv'
[0.825s] INFO:colcon.colcon_core.shell:Creating package script '/home/sohan/slam_mrt/install/husarion_ugv_controller/share/husarion_ugv_controller/package.sh'
[0.826s] INFO:colcon.colcon_core.shell:Creating package script '/home/sohan/slam_mrt/install/husarion_ugv_controller/share/husarion_ugv_controller/package.bash'
[0.826s] INFO:colcon.colcon_core.shell:Creating package script '/home/sohan/slam_mrt/install/husarion_ugv_controller/share/husarion_ugv_controller/package.zsh'
[0.826s] Level 1:colcon.colcon_core.environment:create_file_with_runtime_dependencies(/home/sohan/slam_mrt/install/husarion_ugv_controller/share/colcon-core/packages/husarion_ugv_controller)
[1.007s] DEBUG:colcon.colcon_core.task.python.build:Available setuptools commands: build_clib, egg_info, update_catalog, test, bdist_egg, rotate, symlink_data, install_scripts, sdist, install_headers, saveopts, easy_install, build_scripts, compile_catalog, bdist_dumb, setopt, register, upload, editable_wheel, build, build_py, build_ext, bdist, develop, upload_docs, clean, dist_info, install, bdist_rpm, install_lib, install_data, extract_messages, bdist_wheel, install_egg_info, alias, check, init_catalog
[1.008s] DEBUG:colcon.colcon_core.task.python.build:Available setuptools commands: build_clib, egg_info, update_catalog, test, bdist_egg, rotate, symlink_data, install_scripts, sdist, install_headers, saveopts, easy_install, build_scripts, compile_catalog, bdist_dumb, setopt, register, upload, editable_wheel, build, build_py, build_ext, bdist, develop, upload_docs, clean, dist_info, install, bdist_rpm, install_lib, install_data, extract_messages, bdist_wheel, install_egg_info, alias, check, init_catalog
[1.019s] DEBUG:colcon.colcon_core.task.python.build:Available setuptools commands: build_clib, egg_info, update_catalog, test, bdist_egg, rotate, symlink_data, install_scripts, sdist, install_headers, saveopts, easy_install, build_scripts, compile_catalog, bdist_dumb, setopt, register, upload, editable_wheel, build, build_py, build_ext, bdist, develop, upload_docs, clean, dist_info, install, bdist_rpm, install_lib, install_data, extract_messages, bdist_wheel, install_egg_info, alias, check, init_catalog
[1.024s] DEBUG:colcon.colcon_core.task.python.build:Available setuptools commands: build_clib, egg_info, update_catalog, test, bdist_egg, rotate, symlink_data, install_scripts, sdist, install_headers, saveopts, easy_install, build_scripts, compile_catalog, bdist_dumb, setopt, register, upload, editable_wheel, build, build_py, build_ext, bdist, develop, upload_docs, clean, dist_info, install, bdist_rpm, install_lib, install_data, extract_messages, bdist_wheel, install_egg_info, alias, check, init_catalog
[1.187s] DEBUG:colcon.colcon_core.task.python.build:Available setuptools 'develop' options: --egg-path, --optimize, --uninstall, --help, --install-dir, --index-url, --multi-version, --script-dir, --no-find-links, --always-unzip, --quiet, --site-dirs, --build-directory, --local-snapshots-ok, --editable, --allow-hosts, --zip-ok, --force-installation-into-system-dir, --version, --user, --verbose, --prefix, --upgrade, --exclude-scripts, --find-links, --record, --dry-run, --no-deps, --install-layout, --always-copy, --no-user-cfg
[1.188s] DEBUG:colcon.colcon_core.event_handler.log_command:Invoking command in '/home/sohan/slam_mrt/build/ekf_dummy_pkg': DEBUGINFOD_URLS=https://debuginfod.ubuntu.com PYTHONPATH=/home/sohan/slam_mrt/build/ekf_dummy_pkg/prefix_override:/usr/lib/python3/dist-packages/colcon_core/task/python/colcon_distutils_commands:/home/sohan/slam_mrt/install/ekf_dummy_pkg/lib/python3.12/site-packages:${PYTHONPATH} /usr/bin/python3 -W ignore:setup.py install is deprecated -W ignore:easy_install command is deprecated setup.py develop --editable --build-directory /home/sohan/slam_mrt/build/ekf_dummy_pkg/build --no-deps symlink_data
[1.192s] DEBUG:colcon.colcon_core.task.python.build:Available setuptools 'develop' options: --egg-path, --optimize, --uninstall, --help, --install-dir, --index-url, --multi-version, --script-dir, --no-find-links, --always-unzip, --quiet, --site-dirs, --build-directory, --local-snapshots-ok, --editable, --allow-hosts, --zip-ok, --force-installation-into-system-dir, --version, --user, --verbose, --prefix, --upgrade, --exclude-scripts, --find-links, --record, --dry-run, --no-deps, --install-layout, --always-copy, --no-user-cfg
[1.193s] DEBUG:colcon.colcon_core.event_handler.log_command:Invoking command in '/home/sohan/slam_mrt/build/rover_ekf': DEBUGINFOD_URLS=https://debuginfod.ubuntu.com PYTHONPATH=/home/sohan/slam_mrt/build/rover_ekf/prefix_override:/usr/lib/python3/dist-packages/colcon_core/task/python/colcon_distutils_commands:/home/sohan/slam_mrt/install/rover_ekf/lib/python3.12/site-packages:${PYTHONPATH} /usr/bin/python3 -W ignore:setup.py install is deprecated -W ignore:easy_install command is deprecated setup.py develop --editable --build-directory /home/sohan/slam_mrt/build/rover_ekf/build --no-deps symlink_data
[1.206s] DEBUG:colcon.colcon_core.task.python.build:Available setuptools 'develop' options: --egg-path, --optimize, --uninstall, --help, --install-dir, --index-url, --multi-version, --script-dir, --no-find-links, --always-unzip, --quiet, --site-dirs, --build-directory, --local-snapshots-ok, --editable, --allow-hosts, --zip-ok, --force-installation-into-system-dir, --version, --user, --verbose, --prefix, --upgrade, --exclude-scripts, --find-links, --record, --dry-run, --no-deps, --install-layout, --always-copy, --no-user-cfg
[1.207s] DEBUG:colcon.colcon_core.event_handler.log_command:Invoking command in '/home/sohan/slam_mrt/build/ekf_assgn': DEBUGINFOD_URLS=https://debuginfod.ubuntu.com PYTHONPATH=/home/sohan/slam_mrt/build/ekf_assgn/prefix_override:/usr/lib/python3/dist-packages/colcon_core/task/python/colcon_distutils_commands:/home/sohan/slam_mrt/install/ekf_assgn/lib/python3.12/site-packages:${PYTHONPATH} /usr/bin/python3 -W ignore:setup.py install is deprecated -W ignore:easy_install command is deprecated setup.py develop --editable --build-directory /home/sohan/slam_mrt/build/ekf_assgn/build --no-deps symlink_data
[1.215s] DEBUG:colcon.colcon_core.task.python.build:Available setuptools 'develop' options: --egg-path, --optimize, --uninstall, --help, --install-dir, --index-url, --multi-version, --script-dir, --no-find-links, --always-unzip, --quiet, --site-dirs, --build-directory, --local-snapshots-ok, --editable, --allow-hosts, --zip-ok, --force-installation-into-system-dir, --version, --user, --verbose, --prefix, --upgrade, --exclude-scripts, --find-links, --record, --dry-run, --no-deps, --install-layout, --always-copy, --no-user-cfg
[1.218s] DEBUG:colcon.colcon_core.event_handler.log_command:Invoking command in '/home/sohan/slam_mrt/build/rover_gazebosim': DEBUGINFOD_URLS=https://debuginfod.ubuntu.com PYTHONPATH=/home/sohan/slam_mrt/build/rover_gazebosim/prefix_override:/usr/lib/python3/dist-packages/colcon_core/task/python/colcon_distutils_commands:/home/sohan/slam_mrt/install/rover_gazebosim/lib/python3.12/site-packages:${PYTHONPATH} /usr/bin/python3 -W ignore:setup.py install is deprecated -W ignore:easy_install command is deprecated setup.py develop --editable --build-directory /home/sohan/slam_mrt/build/rover_gazebosim/build --no-deps symlink_data
[1.513s] Level 1:colcon.colcon_core.shell:create_environment_hook('ekf_dummy_pkg', 'pythonpath_develop')
[1.513s] INFO:colcon.colcon_core.shell:Creating environment hook '/home/sohan/slam_mrt/build/ekf_dummy_pkg/share/ekf_dummy_pkg/hook/pythonpath_develop.ps1'
[1.513s] DEBUG:colcon.colcon_core.event_handler.log_command:Invoked command in '/home/sohan/slam_mrt/build/ekf_dummy_pkg' returned '0': DEBUGINFOD_URLS=https://debuginfod.ubuntu.com PYTHONPATH=/home/sohan/slam_mrt/build/ekf_dummy_pkg/prefix_override:/usr/lib/python3/dist-packages/colcon_core/task/python/colcon_distutils_commands:/home/sohan/slam_mrt/install/ekf_dummy_pkg/lib/python3.12/site-packages:${PYTHONPATH} /usr/bin/python3 -W ignore:setup.py install is deprecated -W ignore:easy_install command is deprecated setup.py develop --editable --build-directory /home/sohan/slam_mrt/build/ekf_dummy_pkg/build --no-deps symlink_data
[1.514s] INFO:colcon.colcon_core.shell:Creating environment descriptor '/home/sohan/slam_mrt/build/ekf_dummy_pkg/share/ekf_dummy_pkg/hook/pythonpath_develop.dsv'
[1.514s] INFO:colcon.colcon_core.shell:Creating environment hook '/home/sohan/slam_mrt/build/ekf_dummy_pkg/share/ekf_dummy_pkg/hook/pythonpath_develop.sh'
[1.514s] Level 1:colcon.colcon_core.environment:checking '/home/sohan/slam_mrt/install/ekf_dummy_pkg' for CMake module files
[1.514s] Level 1:colcon.colcon_core.environment:checking '/home/sohan/slam_mrt/install/ekf_dummy_pkg' for CMake config files
[1.515s] Level 1:colcon.colcon_core.environment:checking '/home/sohan/slam_mrt/install/ekf_dummy_pkg/lib'
[1.515s] Level 1:colcon.colcon_core.environment:checking '/home/sohan/slam_mrt/install/ekf_dummy_pkg/bin'
[1.515s] Level 1:colcon.colcon_core.environment:checking '/home/sohan/slam_mrt/install/ekf_dummy_pkg/lib/pkgconfig/ekf_dummy_pkg.pc'
[1.515s] Level 1:colcon.colcon_core.environment:checking '/home/sohan/slam_mrt/install/ekf_dummy_pkg/lib/python3.12/site-packages'
[1.515s] Level 1:colcon.colcon_core.shell:create_environment_hook('ekf_dummy_pkg', 'pythonpath')
[1.515s] INFO:colcon.colcon_core.shell:Creating environment hook '/home/sohan/slam_mrt/install/ekf_dummy_pkg/share/ekf_dummy_pkg/hook/pythonpath.ps1'
[1.515s] INFO:colcon.colcon_core.shell:Creating environment descriptor '/home/sohan/slam_mrt/install/ekf_dummy_pkg/share/ekf_dummy_pkg/hook/pythonpath.dsv'
[1.516s] INFO:colcon.colcon_core.shell:Creating environment hook '/home/sohan/slam_mrt/install/ekf_dummy_pkg/share/ekf_dummy_pkg/hook/pythonpath.sh'
[1.516s] Level 1:colcon.colcon_core.environment:checking '/home/sohan/slam_mrt/install/ekf_dummy_pkg/bin'
[1.516s] Level 1:colcon.colcon_core.environment:create_environment_scripts_only(ekf_dummy_pkg)
[1.516s] INFO:colcon.colcon_core.shell:Creating package script '/home/sohan/slam_mrt/install/ekf_dummy_pkg/share/ekf_dummy_pkg/package.ps1'
[1.516s] INFO:colcon.colcon_core.shell:Creating package descriptor '/home/sohan/slam_mrt/install/ekf_dummy_pkg/share/ekf_dummy_pkg/package.dsv'
[1.516s] INFO:colcon.colcon_core.shell:Creating package script '/home/sohan/slam_mrt/install/ekf_dummy_pkg/share/ekf_dummy_pkg/package.sh'
[1.517s] INFO:colcon.colcon_core.shell:Creating package script '/home/sohan/slam_mrt/install/ekf_dummy_pkg/share/ekf_dummy_pkg/package.bash'
[1.517s] INFO:colcon.colcon_core.shell:Creating package script '/home/sohan/slam_mrt/install/ekf_dummy_pkg/share/ekf_dummy_pkg/package.zsh'
[1.517s] Level 1:colcon.colcon_core.environment:create_file_with_runtime_dependencies(/home/sohan/slam_mrt/install/ekf_dummy_pkg/share/colcon-core/packages/ekf_dummy_pkg)
[1.518s] Level 1:colcon.colcon_core.shell:create_environment_hook('rover_ekf', 'pythonpath_develop')
[1.518s] INFO:colcon.colcon_core.shell:Creating environment hook '/home/sohan/slam_mrt/build/rover_ekf/share/rover_ekf/hook/pythonpath_develop.ps1'
[1.518s] DEBUG:colcon.colcon_core.event_handler.log_command:Invoked command in '/home/sohan/slam_mrt/build/rover_ekf' returned '0': DEBUGINFOD_URLS=https://debuginfod.ubuntu.com PYTHONPATH=/home/sohan/slam_mrt/build/rover_ekf/prefix_override:/usr/lib/python3/dist-packages/colcon_core/task/python/colcon_distutils_commands:/home/sohan/slam_mrt/install/rover_ekf/lib/python3.12/site-packages:${PYTHONPATH} /usr/bin/python3 -W ignore:setup.py install is deprecated -W ignore:easy_install command is deprecated setup.py develop --editable --build-directory /home/sohan/slam_mrt/build/rover_ekf/build --no-deps symlink_data
[1.518s] INFO:colcon.colcon_core.shell:Creating environment descriptor '/home/sohan/slam_mrt/build/rover_ekf/share/rover_ekf/hook/pythonpath_develop.dsv'
[1.519s] INFO:colcon.colcon_core.shell:Creating environment hook '/home/sohan/slam_mrt/build/rover_ekf/share/rover_ekf/hook/pythonpath_develop.sh'
[1.519s] Level 1:colcon.colcon_core.environment:checking '/home/sohan/slam_mrt/install/rover_ekf' for CMake module files
[1.519s] Level 1:colcon.colcon_core.environment:checking '/home/sohan/slam_mrt/install/rover_ekf' for CMake config files
[1.519s] Level 1:colcon.colcon_core.environment:checking '/home/sohan/slam_mrt/install/rover_ekf/lib'
[1.519s] Level 1:colcon.colcon_core.environment:checking '/home/sohan/slam_mrt/install/rover_ekf/bin'
[1.519s] Level 1:colcon.colcon_core.environment:checking '/home/sohan/slam_mrt/install/rover_ekf/lib/pkgconfig/rover_ekf.pc'
[1.519s] Level 1:colcon.colcon_core.environment:checking '/home/sohan/slam_mrt/install/rover_ekf/lib/python3.12/site-packages'
[1.520s] Level 1:colcon.colcon_core.shell:create_environment_hook('rover_ekf', 'pythonpath')
[1.520s] INFO:colcon.colcon_core.shell:Creating environment hook '/home/sohan/slam_mrt/install/rover_ekf/share/rover_ekf/hook/pythonpath.ps1'
[1.520s] INFO:colcon.colcon_core.shell:Creating environment descriptor '/home/sohan/slam_mrt/install/rover_ekf/share/rover_ekf/hook/pythonpath.dsv'
[1.520s] INFO:colcon.colcon_core.shell:Creating environment hook '/home/sohan/slam_mrt/install/rover_ekf/share/rover_ekf/hook/pythonpath.sh'
[1.521s] Level 1:colcon.colcon_core.environment:checking '/home/sohan/slam_mrt/install/rover_ekf/bin'
[1.521s] Level 1:colcon.colcon_core.environment:create_environment_scripts_only(rover_ekf)
[1.521s] INFO:colcon.colcon_core.shell:Creating package script '/home/sohan/slam_mrt/install/rover_ekf/share/rover_ekf/package.ps1'
[1.522s] INFO:colcon.colcon_core.shell:Creating package descriptor '/home/sohan/slam_mrt/install/rover_ekf/share/rover_ekf/package.dsv'
[1.522s] INFO:colcon.colcon_core.shell:Creating package script '/home/sohan/slam_mrt/install/rover_ekf/share/rover_ekf/package.sh'
[1.522s] INFO:colcon.colcon_core.shell:Creating package script '/home/sohan/slam_mrt/install/rover_ekf/share/rover_ekf/package.bash'
[1.522s] INFO:colcon.colcon_core.shell:Creating package script '/home/sohan/slam_mrt/install/rover_ekf/share/rover_ekf/package.zsh'
[1.522s] Level 1:colcon.colcon_core.environment:create_file_with_runtime_dependencies(/home/sohan/slam_mrt/install/rover_ekf/share/colcon-core/packages/rover_ekf)
[1.545s] Level 1:colcon.colcon_core.shell:create_environment_hook('ekf_assgn', 'pythonpath_develop')
[1.546s] INFO:colcon.colcon_core.shell:Creating environment hook '/home/sohan/slam_mrt/build/ekf_assgn/share/ekf_assgn/hook/pythonpath_develop.ps1'
[1.546s] INFO:colcon.colcon_core.shell:Creating environment descriptor '/home/sohan/slam_mrt/build/ekf_assgn/share/ekf_assgn/hook/pythonpath_develop.dsv'
[1.547s] INFO:colcon.colcon_core.shell:Creating environment hook '/home/sohan/slam_mrt/build/ekf_assgn/share/ekf_assgn/hook/pythonpath_develop.sh'
[1.547s] Level 1:colcon.colcon_core.environment:checking '/home/sohan/slam_mrt/install/ekf_assgn' for CMake module files
[1.547s] Level 1:colcon.colcon_core.environment:checking '/home/sohan/slam_mrt/install/ekf_assgn' for CMake config files
[1.548s] Level 1:colcon.colcon_core.environment:checking '/home/sohan/slam_mrt/install/ekf_assgn/lib'
[1.548s] Level 1:colcon.colcon_core.environment:checking '/home/sohan/slam_mrt/install/ekf_assgn/bin'
[1.548s] Level 1:colcon.colcon_core.environment:checking '/home/sohan/slam_mrt/install/ekf_assgn/lib/pkgconfig/ekf_assgn.pc'
[1.548s] Level 1:colcon.colcon_core.environment:checking '/home/sohan/slam_mrt/install/ekf_assgn/lib/python3.12/site-packages'
[1.548s] Level 1:colcon.colcon_core.shell:create_environment_hook('ekf_assgn', 'pythonpath')
[1.548s] INFO:colcon.colcon_core.shell:Creating environment hook '/home/sohan/slam_mrt/install/ekf_assgn/share/ekf_assgn/hook/pythonpath.ps1'
[1.548s] INFO:colcon.colcon_core.shell:Creating environment descriptor '/home/sohan/slam_mrt/install/ekf_assgn/share/ekf_assgn/hook/pythonpath.dsv'
[1.549s] INFO:colcon.colcon_core.shell:Creating environment hook '/home/sohan/slam_mrt/install/ekf_assgn/share/ekf_assgn/hook/pythonpath.sh'
[1.549s] DEBUG:colcon.colcon_core.event_handler.log_command:Invoked command in '/home/sohan/slam_mrt/build/ekf_assgn' returned '0': DEBUGINFOD_URLS=https://debuginfod.ubuntu.com PYTHONPATH=/home/sohan/slam_mrt/build/ekf_assgn/prefix_override:/usr/lib/python3/dist-packages/colcon_core/task/python/colcon_distutils_commands:/home/sohan/slam_mrt/install/ekf_assgn/lib/python3.12/site-packages:${PYTHONPATH} /usr/bin/python3 -W ignore:setup.py install is deprecated -W ignore:easy_install command is deprecated setup.py develop --editable --build-directory /home/sohan/slam_mrt/build/ekf_assgn/build --no-deps symlink_data
[1.550s] Level 1:colcon.colcon_core.environment:checking '/home/sohan/slam_mrt/install/ekf_assgn/bin'
[1.550s] Level 1:colcon.colcon_core.environment:create_environment_scripts_only(ekf_assgn)
[1.550s] INFO:colcon.colcon_core.shell:Creating package script '/home/sohan/slam_mrt/install/ekf_assgn/share/ekf_assgn/package.ps1'
[1.550s] INFO:colcon.colcon_core.shell:Creating package descriptor '/home/sohan/slam_mrt/install/ekf_assgn/share/ekf_assgn/package.dsv'
[1.551s] INFO:colcon.colcon_core.shell:Creating package script '/home/sohan/slam_mrt/install/ekf_assgn/share/ekf_assgn/package.sh'
[1.551s] INFO:colcon.colcon_core.shell:Creating package script '/home/sohan/slam_mrt/install/ekf_assgn/share/ekf_assgn/package.bash'
[1.551s] INFO:colcon.colcon_core.shell:Creating package script '/home/sohan/slam_mrt/install/ekf_assgn/share/ekf_assgn/package.zsh'
[1.552s] Level 1:colcon.colcon_core.environment:create_file_with_runtime_dependencies(/home/sohan/slam_mrt/install/ekf_assgn/share/colcon-core/packages/ekf_assgn)
[1.590s] Level 1:colcon.colcon_core.shell:create_environment_hook('rover_gazebosim', 'pythonpath_develop')
[1.590s] INFO:colcon.colcon_core.shell:Creating environment hook '/home/sohan/slam_mrt/build/rover_gazebosim/share/rover_gazebosim/hook/pythonpath_develop.ps1'
[1.590s] DEBUG:colcon.colcon_core.event_handler.log_command:Invoked command in '/home/sohan/slam_mrt/build/rover_gazebosim' returned '0': DEBUGINFOD_URLS=https://debuginfod.ubuntu.com PYTHONPATH=/home/sohan/slam_mrt/build/rover_gazebosim/prefix_override:/usr/lib/python3/dist-packages/colcon_core/task/python/colcon_distutils_commands:/home/sohan/slam_mrt/install/rover_gazebosim/lib/python3.12/site-packages:${PYTHONPATH} /usr/bin/python3 -W ignore:setup.py install is deprecated -W ignore:easy_install command is deprecated setup.py develop --editable --build-directory /home/sohan/slam_mrt/build/rover_gazebosim/build --no-deps symlink_data
[1.591s] INFO:colcon.colcon_core.shell:Creating environment descriptor '/home/sohan/slam_mrt/build/rover_gazebosim/share/rover_gazebosim/hook/pythonpath_develop.dsv'
[1.591s] INFO:colcon.colcon_core.shell:Creating environment hook '/home/sohan/slam_mrt/build/rover_gazebosim/share/rover_gazebosim/hook/pythonpath_develop.sh'
[1.592s] Level 1:colcon.colcon_core.environment:checking '/home/sohan/slam_mrt/install/rover_gazebosim' for CMake module files
[1.592s] Level 1:colcon.colcon_core.environment:checking '/home/sohan/slam_mrt/install/rover_gazebosim' for CMake config files
[1.594s] Level 1:colcon.colcon_core.environment:checking '/home/sohan/slam_mrt/install/rover_gazebosim/lib'
[1.594s] Level 1:colcon.colcon_core.environment:checking '/home/sohan/slam_mrt/install/rover_gazebosim/bin'
[1.594s] Level 1:colcon.colcon_core.environment:checking '/home/sohan/slam_mrt/install/rover_gazebosim/lib/pkgconfig/rover_gazebosim.pc'
[1.594s] Level 1:colcon.colcon_core.environment:checking '/home/sohan/slam_mrt/install/rover_gazebosim/lib/python3.12/site-packages'
[1.594s] Level 1:colcon.colcon_core.shell:create_environment_hook('rover_gazebosim', 'pythonpath')
[1.594s] INFO:colcon.colcon_core.shell:Creating environment hook '/home/sohan/slam_mrt/install/rover_gazebosim/share/rover_gazebosim/hook/pythonpath.ps1'
[1.595s] INFO:colcon.colcon_core.shell:Creating environment descriptor '/home/sohan/slam_mrt/install/rover_gazebosim/share/rover_gazebosim/hook/pythonpath.dsv'
[1.595s] INFO:colcon.colcon_core.shell:Creating environment hook '/home/sohan/slam_mrt/install/rover_gazebosim/share/rover_gazebosim/hook/pythonpath.sh'
[1.595s] Level 1:colcon.colcon_core.environment:checking '/home/sohan/slam_mrt/install/rover_gazebosim/bin'
[1.595s] Level 1:colcon.colcon_core.environment:create_environment_scripts_only(rover_gazebosim)
[1.595s] INFO:colcon.colcon_core.shell:Creating package script '/home/sohan/slam_mrt/install/rover_gazebosim/share/rover_gazebosim/package.ps1'
[1.596s] INFO:colcon.colcon_core.shell:Creating package descriptor '/home/sohan/slam_mrt/install/rover_gazebosim/share/rover_gazebosim/package.dsv'
[1.596s] INFO:colcon.colcon_core.shell:Creating package script '/home/sohan/slam_mrt/install/rover_gazebosim/share/rover_gazebosim/package.sh'
[1.596s] INFO:colcon.colcon_core.shell:Creating package script '/home/sohan/slam_mrt/install/rover_gazebosim/share/rover_gazebosim/package.bash'
[1.596s] INFO:colcon.colcon_core.shell:Creating package script '/home/sohan/slam_mrt/install/rover_gazebosim/share/rover_gazebosim/package.zsh'
[1.597s] Level 1:colcon.colcon_core.environment:create_file_with_runtime_dependencies(/home/sohan/slam_mrt/install/rover_gazebosim/share/colcon-core/packages/rover_gazebosim)
[1.597s] DEBUG:colcon.colcon_parallel_executor.executor.parallel:closing loop
[1.597s] DEBUG:colcon.colcon_parallel_executor.executor.parallel:loop closed
[1.597s] DEBUG:colcon.colcon_parallel_executor.executor.parallel:run_until_complete finished with '0'
[1.597s] DEBUG:colcon.colcon_core.event_reactor:joining thread
[1.601s] INFO:colcon.colcon_core.plugin_system:Skipping extension 'colcon_notification.desktop_notification.terminal_notifier': Not used on non-Darwin systems
[1.601s] INFO:colcon.colcon_core.plugin_system:Skipping extension 'colcon_notification.desktop_notification.win32': Not used on non-Windows systems
[1.601s] INFO:colcon.colcon_notification.desktop_notification:Sending desktop notification using 'notify2'
[1.611s] DEBUG:colcon.colcon_core.event_reactor:joined thread
[1.611s] INFO:colcon.colcon_core.shell:Creating prefix script '/home/sohan/slam_mrt/install/local_setup.ps1'
[1.612s] INFO:colcon.colcon_core.shell:Creating prefix util module '/home/sohan/slam_mrt/install/_local_setup_util_ps1.py'
[1.612s] INFO:colcon.colcon_core.shell:Creating prefix chain script '/home/sohan/slam_mrt/install/setup.ps1'
[1.613s] INFO:colcon.colcon_core.shell:Creating prefix script '/home/sohan/slam_mrt/install/local_setup.sh'
[1.613s] INFO:colcon.colcon_core.shell:Creating prefix util module '/home/sohan/slam_mrt/install/_local_setup_util_sh.py'
[1.613s] INFO:colcon.colcon_core.shell:Creating prefix chain script '/home/sohan/slam_mrt/install/setup.sh'
[1.614s] INFO:colcon.colcon_core.shell:Creating prefix script '/home/sohan/slam_mrt/install/local_setup.bash'
[1.614s] INFO:colcon.colcon_core.shell:Creating prefix chain script '/home/sohan/slam_mrt/install/setup.bash'
[1.614s] INFO:colcon.colcon_core.shell:Creating prefix script '/home/sohan/slam_mrt/install/local_setup.zsh'
[1.615s] INFO:colcon.colcon_core.shell:Creating prefix chain script '/home/sohan/slam_mrt/install/setup.zsh'
