[0.744s] Invoking command in '/home/sohan/slam_mrt/ekf_assgn': DEBUGINFOD_URLS=https://debuginfod.ubuntu.com PYTHONPATH=/home/sohan/slam_mrt/build/ekf_assgn/prefix_override:/usr/lib/python3/dist-packages/colcon_core/task/python/colcon_distutils_commands:/home/sohan/slam_mrt/install/ekf_assgn/lib/python3.12/site-packages:${PYTHONPATH} /usr/bin/python3 -W ignore:setup.py install is deprecated -W ignore:easy_install command is deprecated setup.py egg_info --egg-base ../build/ekf_assgn build --build-base /home/sohan/slam_mrt/build/ekf_assgn/build install --record /home/sohan/slam_mrt/build/ekf_assgn/install.log --install-scripts $base/lib/ekf_assgn --single-version-externally-managed install_data
[0.867s] running egg_info
[0.868s] creating ../build/ekf_assgn/ekf_assgn.egg-info
[0.875s] writing ../build/ekf_assgn/ekf_assgn.egg-info/PKG-INFO
[0.875s] writing dependency_links to ../build/ekf_assgn/ekf_assgn.egg-info/dependency_links.txt
[0.875s] writing entry points to ../build/ekf_assgn/ekf_assgn.egg-info/entry_points.txt
[0.875s] writing requirements to ../build/ekf_assgn/ekf_assgn.egg-info/requires.txt
[0.875s] writing top-level names to ../build/ekf_assgn/ekf_assgn.egg-info/top_level.txt
[0.875s] writing manifest file '../build/ekf_assgn/ekf_assgn.egg-info/SOURCES.txt'
[0.892s] reading manifest file '../build/ekf_assgn/ekf_assgn.egg-info/SOURCES.txt'
[0.892s] writing manifest file '../build/ekf_assgn/ekf_assgn.egg-info/SOURCES.txt'
[0.892s] running build
[0.892s] running build_py
[0.892s] creating /home/sohan/slam_mrt/build/ekf_assgn/build
[0.892s] creating /home/sohan/slam_mrt/build/ekf_assgn/build/lib
[0.892s] creating /home/sohan/slam_mrt/build/ekf_assgn/build/lib/ekf_assgn
[0.892s] copying ekf_assgn/__init__.py -> /home/sohan/slam_mrt/build/ekf_assgn/build/lib/ekf_assgn
[0.892s] copying ekf_assgn/covariance_relay.py -> /home/sohan/slam_mrt/build/ekf_assgn/build/lib/ekf_assgn
[0.893s] copying ekf_assgn/dummy_imu_publisher.py -> /home/sohan/slam_mrt/build/ekf_assgn/build/lib/ekf_assgn
[0.893s] copying ekf_assgn/dummy_odom_publisher.py -> /home/sohan/slam_mrt/build/ekf_assgn/build/lib/ekf_assgn
[0.893s] running install
[0.896s] running install_lib
[0.905s] creating /home/sohan/slam_mrt/install/ekf_assgn/lib/python3.12/site-packages/ekf_assgn
[0.905s] copying /home/sohan/slam_mrt/build/ekf_assgn/build/lib/ekf_assgn/__init__.py -> /home/sohan/slam_mrt/install/ekf_assgn/lib/python3.12/site-packages/ekf_assgn
[0.905s] copying /home/sohan/slam_mrt/build/ekf_assgn/build/lib/ekf_assgn/covariance_relay.py -> /home/sohan/slam_mrt/install/ekf_assgn/lib/python3.12/site-packages/ekf_assgn
[0.905s] copying /home/sohan/slam_mrt/build/ekf_assgn/build/lib/ekf_assgn/dummy_imu_publisher.py -> /home/sohan/slam_mrt/install/ekf_assgn/lib/python3.12/site-packages/ekf_assgn
[0.905s] copying /home/sohan/slam_mrt/build/ekf_assgn/build/lib/ekf_assgn/dummy_odom_publisher.py -> /home/sohan/slam_mrt/install/ekf_assgn/lib/python3.12/site-packages/ekf_assgn
[0.905s] byte-compiling /home/sohan/slam_mrt/install/ekf_assgn/lib/python3.12/site-packages/ekf_assgn/__init__.py to __init__.cpython-312.pyc
[0.906s] byte-compiling /home/sohan/slam_mrt/install/ekf_assgn/lib/python3.12/site-packages/ekf_assgn/covariance_relay.py to covariance_relay.cpython-312.pyc
[0.906s] byte-compiling /home/sohan/slam_mrt/install/ekf_assgn/lib/python3.12/site-packages/ekf_assgn/dummy_imu_publisher.py to dummy_imu_publisher.cpython-312.pyc
[0.906s] byte-compiling /home/sohan/slam_mrt/install/ekf_assgn/lib/python3.12/site-packages/ekf_assgn/dummy_odom_publisher.py to dummy_odom_publisher.cpython-312.pyc
[0.907s] running install_data
[0.907s] creating /home/sohan/slam_mrt/install/ekf_assgn/share/ament_index
[0.907s] creating /home/sohan/slam_mrt/install/ekf_assgn/share/ament_index/resource_index
[0.907s] creating /home/sohan/slam_mrt/install/ekf_assgn/share/ament_index/resource_index/packages
[0.907s] copying resource/ekf_assgn -> /home/sohan/slam_mrt/install/ekf_assgn/share/ament_index/resource_index/packages
[0.907s] copying package.xml -> /home/sohan/slam_mrt/install/ekf_assgn/share/ekf_assgn
[0.907s] creating /home/sohan/slam_mrt/install/ekf_assgn/share/ekf_assgn/launch
[0.907s] copying launch/ekf_rover.launch.py -> /home/sohan/slam_mrt/install/ekf_assgn/share/ekf_assgn/launch
[0.907s] copying launch/ekf_dummy.launch.py -> /home/sohan/slam_mrt/install/ekf_assgn/share/ekf_assgn/launch
[0.907s] creating /home/sohan/slam_mrt/install/ekf_assgn/share/ekf_assgn/config
[0.907s] copying config/ekf_rover.yaml -> /home/sohan/slam_mrt/install/ekf_assgn/share/ekf_assgn/config
[0.907s] copying config/ekf_dummy.yaml -> /home/sohan/slam_mrt/install/ekf_assgn/share/ekf_assgn/config
[0.908s] running install_egg_info
[0.919s] Copying ../build/ekf_assgn/ekf_assgn.egg-info to /home/sohan/slam_mrt/install/ekf_assgn/lib/python3.12/site-packages/ekf_assgn-0.0.0-py3.12.egg-info
[0.920s] running install_scripts
[0.981s] Installing covariance_relay script to /home/sohan/slam_mrt/install/ekf_assgn/lib/ekf_assgn
[0.981s] Installing dummy_imu_publisher script to /home/sohan/slam_mrt/install/ekf_assgn/lib/ekf_assgn
[0.981s] Installing dummy_odom_publisher script to /home/sohan/slam_mrt/install/ekf_assgn/lib/ekf_assgn
[0.981s] writing list of installed files to '/home/sohan/slam_mrt/build/ekf_assgn/install.log'
[1.004s] Invoked command in '/home/sohan/slam_mrt/ekf_assgn' returned '0': DEBUGINFOD_URLS=https://debuginfod.ubuntu.com PYTHONPATH=/home/sohan/slam_mrt/build/ekf_assgn/prefix_override:/usr/lib/python3/dist-packages/colcon_core/task/python/colcon_distutils_commands:/home/sohan/slam_mrt/install/ekf_assgn/lib/python3.12/site-packages:${PYTHONPATH} /usr/bin/python3 -W ignore:setup.py install is deprecated -W ignore:easy_install command is deprecated setup.py egg_info --egg-base ../build/ekf_assgn build --build-base /home/sohan/slam_mrt/build/ekf_assgn/build install --record /home/sohan/slam_mrt/build/ekf_assgn/install.log --install-scripts $base/lib/ekf_assgn --single-version-externally-managed install_data
